 PhysX3CookingCHECKED_x64

 Timestamp is 592a7c2d (Sun May 28 09:28:45 2017)

 Preferred load address is 0000000180000000

 Start         Length     Name                   Class
 0001:00000000 00006d50H .text$di                CODE
 0001:00006d50 00092300H .text$mn                CODE
 0001:00099050 00001020H .text$mn$00             CODE
 0001:0009a070 000017ceH .text$x                 CODE
 0002:00000000 00000110H .CRT$XCA                DATA
 0002:00000110 00000308H .CRT$XCU                DATA
 0002:00000418 00000110H .CRT$XCZ                DATA
 0002:00000528 00000110H .CRT$XIA                DATA
 0002:00000638 00000130H .CRT$XIC                DATA
 0002:00000768 00000110H .CRT$XIZ                DATA
 0002:00000878 00000110H .CRT$XPA                DATA
 0002:00000988 00000120H .CRT$XPX                DATA
 0002:00000aa8 00000110H .CRT$XPXA               DATA
 0002:00000bb8 00000110H .CRT$XPZ                DATA
 0002:00000cc8 00000110H .CRT$XTA                DATA
 0002:00000dd8 00000118H .CRT$XTZ                DATA
 0002:00000ef0 0000fee8H .rdata                  DATA
 0002:00010dd8 000006b0H .rdata$r                DATA
 0002:00011488 00000188H .rdata$zzzdbg           DATA
 0002:00011610 00000110H .rtc$IAA                DATA
 0002:00011720 00000110H .rtc$IZZ                DATA
 0002:00011830 00000110H .rtc$TAA                DATA
 0002:00011940 00000110H .rtc$TZZ                DATA
 0002:00011a50 0000a018H .xdata                  DATA
 0002:0001ba68 00000218H .xdata$x                DATA
 0002:0001bc80 000001a3H .edata                  DATA
 0003:00000000 00000cc0H .data                   DATA
 0003:00000cc0 00000730H .data$r                 DATA
 0003:000013f0 00002471H .bss                    DATA
 0004:00000000 00006ec4H .pdata                  DATA
 0005:00000000 000003c0H .idata$5                DATA
 0005:000003c0 00000014H .idata$2                DATA
 0005:000003d4 00000014H .idata$3                DATA
 0005:000003e8 000003c0H .idata$4                DATA
 0005:000007a8 00000887H .idata$6                DATA
 0006:00000000 00000040H .didat$2                DATA
 0006:00000040 00000020H .didat$3                DATA
 0006:00000060 00000280H .didat$4                DATA
 0006:000002e0 00000280H .didat$5                DATA
 0006:00000560 00000b90H .didat$6                DATA
 0006:000010f0 000002c0H .didat$7                DATA
 0007:00000000 00000220H .gfids$x                DATA
 0007:00000220 000001cdH .gfids$y                DATA
 0008:00000000 0000011bH .00cfg                  DATA
 0009:00000000 000001c0H .rsrc$01                DATA
 0009:000001c0 000006a9H .rsrc$02                DATA

  Address         Publics by Value              Rva+Base               Lib:Object

 0000:00000000       __guard_fids_table         0000000000000000     <absolute>
 0000:00000000       __dynamic_value_reloc_table 0000000000000000     <absolute>
 0000:00000000       __guard_fids_count         0000000000000000     <absolute>
 0000:00000000       __guard_longjmp_count      0000000000000000     <absolute>
 0000:00000000       __guard_iat_table          0000000000000000     <absolute>
 0000:00000000       ___safe_se_handler_table   0000000000000000     <absolute>
 0000:00000000       ___safe_se_handler_count   0000000000000000     <absolute>
 0000:00000000       __guard_iat_count          0000000000000000     <absolute>
 0000:00000000       __guard_longjmp_table      0000000000000000     <absolute>
 0000:00000100       __guard_flags              0000000000000100     <absolute>
 0000:00000000       __ImageBase                0000000180000000     <linker-defined>
 0001:00006d50       PxSetPhysXCookingDelayLoadHook 0000000180007d50 f   WindowsCookingDelayLoadHook.obj
 0001:00006d60       ?delayHook@@YAP6A_JXZIPEAUDelayLoadInfo@@@Z 0000000180007d60 f   WindowsCookingDelayLoadHook.obj
 0001:00006dc0       ?foundationDliNotePreLoadLibrary@shdfnd@physx@@YAP6A_JXZPEBDPEBVPxFoundationDelayLoadHook@2@@Z 0000000180007dc0 f i WindowsCookingDelayLoadHook.obj
 0001:00006ee0       ?physXCommonDliNotePreLoadLibrary@Cm@physx@@YAP6A_JXZPEBDPEBVPxDelayLoadHook@2@@Z 0000000180007ee0 f i WindowsCookingDelayLoadHook.obj
 0001:00007120       ?saveHeightField@physx@@YA_NAEBVHeightField@Gu@1@AEAVPxOutputStream@1@_N@Z 0000000180008120 f   HeightFieldCooking.obj
 0001:00007400       ?__empty_global_delete@@YAXPEAX@Z 0000000180008400 f i HeightFieldCooking.obj
 0001:00007410       ?__global_delete@@YAXPEAX_K@Z 0000000180008410 f i HeightFieldCooking.obj
 0001:00007410       ?__global_array_delete@@YAXPEAX_K@Z 0000000180008410 f i HeightFieldCooking.obj
 0001:00007410       ?__empty_global_delete@@YAXPEAX_K@Z 0000000180008410 f i HeightFieldCooking.obj
 0001:00007420       ?buildFromTriangles@RTreeCooker@physx@@SAXAEAURTree@Gu@2@PEBVPxVec3@2@IPEBGPEBIIAEAV?$Array@IVNamedAllocator@shdfnd@physx@@@shdfnd@2@PEAURemapCallback@12@MW4Enum@PxMeshCookingHint@2@@Z 0000000180008420 f   RTreeCooking.obj
 0001:000077b0       ??$median3@I$$CBUSortBoundsPredicate@physx@@@internal@shdfnd@physx@@YAXPEAIHHAEBUSortBoundsPredicate@2@@Z 00000001800087b0 f i RTreeCooking.obj
 0001:00007920       ??$partition@I$$CBU?$Less@I@shdfnd@physx@@@internal@shdfnd@physx@@YAHPEAIHHAEBU?$Less@I@12@@Z 0000000180008920 f i RTreeCooking.obj
 0001:00007a30       ??$partition@I$$CBUSortBoundsPredicate@physx@@@internal@shdfnd@physx@@YAHPEAIHHAEBUSortBoundsPredicate@2@@Z 0000000180008a30 f i RTreeCooking.obj
 0001:00007b60       ??$partition@UBoundsLTE@physx@@@quickSelect@physx@@YAIPEIAIIIIAEBUBoundsLTE@1@@Z 0000000180008b60 f i RTreeCooking.obj
 0001:00007d60       ??$quickSelectFirstK@UBoundsLTE@physx@@@quickSelect@physx@@YAXPEIAIIIIAEBUBoundsLTE@1@@Z 0000000180008d60 f i RTreeCooking.obj
 0001:00007fc0       ??$smallSort@I$$CBU?$Less@I@shdfnd@physx@@@internal@shdfnd@physx@@YAXPEAIHHAEBU?$Less@I@12@@Z 0000000180008fc0 f i RTreeCooking.obj
 0001:000080d0       ??$smallSort@I$$CBUSortBoundsPredicate@physx@@@internal@shdfnd@physx@@YAXPEAIHHAEBUSortBoundsPredicate@2@@Z 00000001800090d0 f i RTreeCooking.obj
 0001:00008480       ??$sort@I@shdfnd@physx@@YAXPEAII@Z 0000000180009480 f i RTreeCooking.obj
 0001:000084e0       ??$sort@IU?$Less@I@shdfnd@physx@@VNamedAllocator@23@@shdfnd@physx@@YAXPEAIIAEBU?$Less@I@01@AEBVNamedAllocator@01@I@Z 00000001800094e0 f i RTreeCooking.obj
 0001:00008830       ??$sort@IUSortBoundsPredicate@physx@@@shdfnd@physx@@YAXPEAIIAEBUSortBoundsPredicate@1@@Z 0000000180009830 f i RTreeCooking.obj
 0001:000088a0       ??$sort@IUSortBoundsPredicate@physx@@VNamedAllocator@shdfnd@2@@shdfnd@physx@@YAXPEAIIAEBUSortBoundsPredicate@1@AEBVNamedAllocator@01@I@Z 00000001800098a0 f i RTreeCooking.obj
 0001:00008bf0       ??0SubSortQuick@physx@@QEAA@PEAIPEBUPxBounds3V@1@IM@Z 0000000180009bf0 f i RTreeCooking.obj
 0001:00008dc0       ??_H@YAXPEAX_K1P6APEAX0@Z@Z 0000000180009dc0 f i RTreeCooking.obj
 0001:00008e20       ?allocate@?$Array@UInterval@physx@@V?$InlineAllocator@$0CA@VNamedAllocator@shdfnd@physx@@@shdfnd@2@@shdfnd@physx@@IEAAPEAUInterval@3@I@Z 0000000180009e20 f i RTreeCooking.obj
 0001:00009de0       ?copy@?$Array@URTreeNodeNQ@physx@@VNamedAllocator@shdfnd@2@@shdfnd@physx@@KAXPEAURTreeNodeNQ@3@0PEBU43@@Z 000000018000ade0 f i RTreeCooking.obj
 0001:00009ff0       ?copy@?$Array@VPxVec3@physx@@VNamedAllocator@shdfnd@2@@shdfnd@physx@@KAXPEAVPxVec3@3@0PEBV43@@Z 000000018000aff0 f i RTreeCooking.obj
 0001:0000a120       ?growAndPushBack@?$Array@IVNamedAllocator@shdfnd@physx@@@shdfnd@physx@@IEAAAEAIAEBI@Z 000000018000b120 f i RTreeCooking.obj
 0001:0000a230       ?growAndPushBack@?$Array@UInterval@physx@@V?$InlineAllocator@$0CA@VNamedAllocator@shdfnd@physx@@@shdfnd@2@@shdfnd@physx@@IEAAAEAUInterval@3@AEBU43@@Z 000000018000b230 f i RTreeCooking.obj
 0001:0000a320       ?growAndPushBack@?$Array@UPxBounds3V@physx@@VNamedAllocator@shdfnd@2@@shdfnd@physx@@IEAAAEAUPxBounds3V@3@AEBU43@@Z 000000018000b320 f i RTreeCooking.obj
 0001:0000a440       ?growAndPushBack@?$Array@URTreeNodeNQ@physx@@VNamedAllocator@shdfnd@2@@shdfnd@physx@@IEAAAEAURTreeNodeNQ@3@AEBU43@@Z 000000018000b440 f i RTreeCooking.obj
 0001:0000a580       ?growAndPushBack@?$Array@URTreeNodeQ@Gu@physx@@VNamedAllocator@shdfnd@3@@shdfnd@physx@@IEAAAEAURTreeNodeQ@Gu@3@AEBU453@@Z 000000018000b580 f i RTreeCooking.obj
 0001:0000a6d0       ?growAndPushBack@?$Array@VPxVec3@physx@@VNamedAllocator@shdfnd@2@@shdfnd@physx@@IEAAAEAVPxVec3@3@AEBV43@@Z 000000018000b6d0 f i RTreeCooking.obj
 0001:0000a7f0       ?recreate@?$Array@IVNamedAllocator@shdfnd@physx@@@shdfnd@physx@@IEAAXI@Z 000000018000b7f0 f i RTreeCooking.obj
 0001:0000a8d0       ?recreate@?$Array@UPxBounds3V@physx@@VNamedAllocator@shdfnd@2@@shdfnd@physx@@IEAAXI@Z 000000018000b8d0 f i RTreeCooking.obj
 0001:0000a9b0       ?recreate@?$Array@URTreeNodeNQ@physx@@VNamedAllocator@shdfnd@2@@shdfnd@physx@@IEAAXI@Z 000000018000b9b0 f i RTreeCooking.obj
 0001:0000aa70       ?recreate@?$Array@URTreeNodeQ@Gu@physx@@VNamedAllocator@shdfnd@3@@shdfnd@physx@@IEAAXI@Z 000000018000ba70 f i RTreeCooking.obj
 0001:0000ab60       ?recreate@?$Array@VPxVec3@physx@@VNamedAllocator@shdfnd@2@@shdfnd@physx@@IEAAXI@Z 000000018000bb60 f i RTreeCooking.obj
 0001:0000ac30       ?resize@?$Array@IVNamedAllocator@shdfnd@physx@@@shdfnd@physx@@QEAAXIAEBI@Z 000000018000bc30 f i RTreeCooking.obj
 0001:0000acf0       ?resizeUninitialized@?$Array@URTreeNodeNQ@physx@@VNamedAllocator@shdfnd@2@@shdfnd@physx@@QEAAXI@Z 000000018000bcf0 f i RTreeCooking.obj
 0001:0000ad40       ?sort4@SubSortQuick@physx@@QEAAXPEIAIIAEAV?$Array@URTreeNodeNQ@physx@@VNamedAllocator@shdfnd@2@@shdfnd@2@AEAIAEAUPxBounds3V@2@I@Z 000000018000bd40 f i RTreeCooking.obj
 0001:0000b1c0       ?sort4@SubSortSAH@physx@@QEAAXPEAIIAEAV?$Array@URTreeNodeNQ@physx@@VNamedAllocator@shdfnd@2@@shdfnd@2@AEAIIPEAURTreeNodeNQ@2@@Z 000000018000c1c0 f i RTreeCooking.obj
 0001:0000bb90       ?split@SubSortSAH@physx@@QEAAIPEAII@Z 000000018000cb90 f i RTreeCooking.obj
 0001:0000c570       ??0TriangleMeshBuilder@physx@@QEAA@AEAVTriangleMeshData@Gu@1@AEBUPxCookingParams@1@@Z 000000018000d570 f   TriangleMeshBuilder.obj
 0001:0000c5a0       ??1TriangleMeshBuilder@physx@@UEAA@XZ 000000018000d5a0 f   TriangleMeshBuilder.obj
 0001:0000c610       ?cleanMesh@TriangleMeshBuilder@physx@@QEAA_N_NPEAW4Enum@PxTriangleMeshCookingResult@2@@Z 000000018000d610 f   TriangleMeshBuilder.obj
 0001:0000cb60       ?remapTopology@TriangleMeshBuilder@physx@@QEAAXPEBI@Z 000000018000db60 f   TriangleMeshBuilder.obj
 0001:0000ce60       ?createSharedEdgeData@TriangleMeshBuilder@physx@@QEAAX_N0@Z 000000018000de60 f   TriangleMeshBuilder.obj
 0001:0000d230       ?recordTriangleIndices@TriangleMeshBuilder@physx@@QEAAXXZ 000000018000e230 f   TriangleMeshBuilder.obj
 0001:0000d330       ?createGRBMidPhaseAndData@TriangleMeshBuilder@physx@@QEAAXI@Z 000000018000e330 f   TriangleMeshBuilder.obj
 0001:0000d500       ?createGRBData@TriangleMeshBuilder@physx@@QEAAXXZ 000000018000e500 f   TriangleMeshBuilder.obj
 0001:0000d8e0       ?loadFromDesc@TriangleMeshBuilder@physx@@QEAA_NAEBVPxTriangleMeshDesc@2@PEAW4Enum@PxTriangleMeshCookingResult@2@_N@Z 000000018000e8e0 f   TriangleMeshBuilder.obj
 0001:0000dbf0       ?save@TriangleMeshBuilder@physx@@QEBA_NAEAVPxOutputStream@2@_NAEBUPxCookingParams@2@@Z 000000018000ebf0 f   TriangleMeshBuilder.obj
 0001:0000e0f0       ?checkMeshIndicesSize@TriangleMeshBuilder@physx@@QEAAXXZ 000000018000f0f0 f   TriangleMeshBuilder.obj
 0001:0000e200       ?computeLocalBounds@TriangleMeshBuilder@physx@@IEAAXXZ 000000018000f200 f   TriangleMeshBuilder.obj
 0001:0000e2c0       ?importMesh@TriangleMeshBuilder@physx@@IEAA_NAEBVPxTriangleMeshDesc@2@AEBUPxCookingParams@2@PEAW4Enum@PxTriangleMeshCookingResult@2@_N@Z 000000018000f2c0 f   TriangleMeshBuilder.obj
 0001:0000e610       ?releaseEdgeList@TriangleMeshBuilder@physx@@IEAAXXZ 000000018000f610 f   TriangleMeshBuilder.obj
 0001:0000e670       ?createEdgeList@TriangleMeshBuilder@physx@@IEAAXXZ 000000018000f670 f   TriangleMeshBuilder.obj
 0001:0000e7b0       ??0RTreeTriangleMeshBuilder@physx@@QEAA@AEBUPxCookingParams@1@@Z 000000018000f7b0 f   TriangleMeshBuilder.obj
 0001:0000e7f0       ??1RTreeTriangleMeshBuilder@physx@@UEAA@XZ 000000018000f7f0 f   TriangleMeshBuilder.obj
 0001:0000e8b0       ?createMidPhaseStructure@RTreeTriangleMeshBuilder@physx@@UEAAXXZ 000000018000f8b0 f   TriangleMeshBuilder.obj
 0001:0000ea00       ?saveMidPhaseStructure@RTreeTriangleMeshBuilder@physx@@UEBAXAEAVPxOutputStream@2@@Z 000000018000fa00 f   TriangleMeshBuilder.obj
 0001:0000ea20       ??0BV4TriangleMeshBuilder@physx@@QEAA@AEBUPxCookingParams@1@@Z 000000018000fa20 f   TriangleMeshBuilder.obj
 0001:0000ea60       ??1BV4TriangleMeshBuilder@physx@@UEAA@XZ 000000018000fa60 f   TriangleMeshBuilder.obj
 0001:0000eaf0       ?createMidPhaseStructure@BV4TriangleMeshBuilder@physx@@UEAAXXZ 000000018000faf0 f   TriangleMeshBuilder.obj
 0001:0000ee10       ?saveMidPhaseStructure@BV4TriangleMeshBuilder@physx@@UEBAXAEAVPxOutputStream@2@@Z 000000018000fe10 f   TriangleMeshBuilder.obj
 0001:0000efd0       ?onMeshIndexFormatChange@BV4TriangleMeshBuilder@physx@@UEAAXXZ 000000018000ffd0 f   TriangleMeshBuilder.obj
 0001:0000f010       ?createMidPhaseStructure@BV32TriangleMeshBuilder@physx@@SAXAEBUPxCookingParams@2@AEAVTriangleMeshData@Gu@2@AEAVBV32Tree@52@@Z 0000000180010010 f   TriangleMeshBuilder.obj
 0001:0000f200       ?saveMidPhaseStructure@BV32TriangleMeshBuilder@physx@@SAXPEAVBV32Tree@Gu@2@AEAVPxOutputStream@2@@Z 0000000180010200 f   TriangleMeshBuilder.obj
 0001:0000f390       ?findSharpVertices@GrbTrimeshCookerHelper@physx@@YAXAEAV?$Array@USortedNeighbor@GrbTrimeshCookerHelper@physx@@VNamedAllocator@shdfnd@3@@shdfnd@2@AEAV?$Array@USharpEdgeRange@GrbTrimeshCookerHelper@physx@@VNamedAllocator@shdfnd@3@@42@PEBUuint3@2@PEBUuint4@2@II@Z 0000000180010390 f   TriangleMeshBuilder.obj
 0001:0000f760       ?buildVertexConnectionNew_p1@GrbTrimeshCookerHelper@physx@@YAIAEAV?$Array@USortedNeighbor@GrbTrimeshCookerHelper@physx@@VNamedAllocator@shdfnd@3@@shdfnd@2@AEAV?$Array@USharpEdgeRange@GrbTrimeshCookerHelper@physx@@VNamedAllocator@shdfnd@3@@42@PEBUuint3@2@PEBUuint4@2@II@Z 0000000180010760 f   TriangleMeshBuilder.obj
 0001:0000f910       ?buildVertexConnectionNew_p2@GrbTrimeshCookerHelper@physx@@YAXPEAI00AEAV?$Array@USortedNeighbor@GrbTrimeshCookerHelper@physx@@VNamedAllocator@shdfnd@3@@shdfnd@2@AEAV?$Array@USharpEdgeRange@GrbTrimeshCookerHelper@physx@@VNamedAllocator@shdfnd@3@@42@I@Z 0000000180010910 f   TriangleMeshBuilder.obj
 0001:000106d0       ??$median3@UEdgeTriLookup@physx@@$$CBU?$Less@UEdgeTriLookup@physx@@@shdfnd@2@@internal@shdfnd@physx@@YAXPEAUEdgeTriLookup@2@HHAEBU?$Less@UEdgeTriLookup@physx@@@12@@Z 00000001800116d0 f i TriangleMeshBuilder.obj
 0001:00010820       ??$median3@USortedNeighbor@GrbTrimeshCookerHelper@physx@@$$CBU?$Less@USortedNeighbor@GrbTrimeshCookerHelper@physx@@@shdfnd@3@@internal@shdfnd@physx@@YAXPEAUSortedNeighbor@GrbTrimeshCookerHelper@2@HHAEBU?$Less@USortedNeighbor@GrbTrimeshCookerHelper@physx@@@12@@Z 0000000180011820 f i TriangleMeshBuilder.obj
 0001:000109e0       ??$partition@UEdgeTriLookup@physx@@$$CBU?$Less@UEdgeTriLookup@physx@@@shdfnd@2@@internal@shdfnd@physx@@YAHPEAUEdgeTriLookup@2@HHAEBU?$Less@UEdgeTriLookup@physx@@@12@@Z 00000001800119e0 f i TriangleMeshBuilder.obj
 0001:00010b50       ??$partition@USortedNeighbor@GrbTrimeshCookerHelper@physx@@$$CBU?$Less@USortedNeighbor@GrbTrimeshCookerHelper@physx@@@shdfnd@3@@internal@shdfnd@physx@@YAHPEAUSortedNeighbor@GrbTrimeshCookerHelper@2@HHAEBU?$Less@USortedNeighbor@GrbTrimeshCookerHelper@physx@@@12@@Z 0000000180011b50 f i TriangleMeshBuilder.obj
 0001:00010cf0       ??$smallSort@UEdgeTriLookup@physx@@$$CBU?$Less@UEdgeTriLookup@physx@@@shdfnd@2@@internal@shdfnd@physx@@YAXPEAUEdgeTriLookup@2@HHAEBU?$Less@UEdgeTriLookup@physx@@@12@@Z 0000000180011cf0 f i TriangleMeshBuilder.obj
 0001:00010e40       ??$smallSort@USortedNeighbor@GrbTrimeshCookerHelper@physx@@$$CBU?$Less@USortedNeighbor@GrbTrimeshCookerHelper@physx@@@shdfnd@3@@internal@shdfnd@physx@@YAXPEAUSortedNeighbor@GrbTrimeshCookerHelper@2@HHAEBU?$Less@USortedNeighbor@GrbTrimeshCookerHelper@physx@@@12@@Z 0000000180011e40 f i TriangleMeshBuilder.obj
 0001:00010fe0       ??$sort@UEdgeTriLookup@physx@@@shdfnd@physx@@YAXPEAUEdgeTriLookup@1@I@Z 0000000180011fe0 f i TriangleMeshBuilder.obj
 0001:00011040       ??$sort@UEdgeTriLookup@physx@@U?$Less@UEdgeTriLookup@physx@@@shdfnd@2@VNamedAllocator@42@@shdfnd@physx@@YAXPEAUEdgeTriLookup@1@IAEBU?$Less@UEdgeTriLookup@physx@@@01@AEBVNamedAllocator@01@I@Z 0000000180012040 f i TriangleMeshBuilder.obj
 0001:00011390       ??$sort@USortedNeighbor@GrbTrimeshCookerHelper@physx@@@shdfnd@physx@@YAXPEAUSortedNeighbor@GrbTrimeshCookerHelper@1@I@Z 0000000180012390 f i TriangleMeshBuilder.obj
 0001:000113f0       ??$sort@USortedNeighbor@GrbTrimeshCookerHelper@physx@@U?$Less@USortedNeighbor@GrbTrimeshCookerHelper@physx@@@shdfnd@3@VNamedAllocator@53@@shdfnd@physx@@YAXPEAUSortedNeighbor@GrbTrimeshCookerHelper@1@IAEBU?$Less@USortedNeighbor@GrbTrimeshCookerHelper@physx@@@01@AEBVNamedAllocator@01@I@Z 00000001800123f0 f i TriangleMeshBuilder.obj
 0001:00011740       ??0BV4TriangleData@Gu@physx@@QEAA@XZ 0000000180012740 f i TriangleMeshBuilder.obj
 0001:00011830       ??0PxVec4@physx@@QEAA@XZ   0000000180012830 f i TriangleMeshBuilder.obj
 0001:00011840       ??0RTreeTriangleData@Gu@physx@@QEAA@XZ 0000000180012840 f i TriangleMeshBuilder.obj
 0001:00011920       ??1BV4TriangleData@Gu@physx@@UEAA@XZ 0000000180012920 f i TriangleMeshBuilder.obj
 0001:00011970       ??1RTreeTriangleData@Gu@physx@@UEAA@XZ 0000000180012970 f i TriangleMeshBuilder.obj
 0001:000119f0       ??1RemapCallback@RTreeCooker@physx@@UEAA@XZ 00000001800129f0 f i TriangleMeshBuilder.obj
 0001:00011a00       ??1TriangleMeshData@Gu@physx@@UEAA@XZ 0000000180012a00 f i TriangleMeshBuilder.obj
 0001:00011c60       ??_EBV4TriangleData@Gu@physx@@UEAAPEAXI@Z 0000000180012c60 f i TriangleMeshBuilder.obj
 0001:00011c60       ??_GBV4TriangleData@Gu@physx@@UEAAPEAXI@Z 0000000180012c60 f i TriangleMeshBuilder.obj
 0001:00011d10       ??_EBV4TriangleMeshBuilder@physx@@UEAAPEAXI@Z 0000000180012d10 f i TriangleMeshBuilder.obj
 0001:00011d10       ??_GBV4TriangleMeshBuilder@physx@@UEAAPEAXI@Z 0000000180012d10 f i TriangleMeshBuilder.obj
 0001:00011d60       ??_GRTreeCookerRemap@physx@@UEAAPEAXI@Z 0000000180012d60 f i TriangleMeshBuilder.obj
 0001:00011d60       ??_ERTreeCookerRemap@physx@@UEAAPEAXI@Z 0000000180012d60 f i TriangleMeshBuilder.obj
 0001:00011da0       ??_ERTreeTriangleData@Gu@physx@@UEAAPEAXI@Z 0000000180012da0 f i TriangleMeshBuilder.obj
 0001:00011da0       ??_GRTreeTriangleData@Gu@physx@@UEAAPEAXI@Z 0000000180012da0 f i TriangleMeshBuilder.obj
 0001:00011e80       ??_GRTreeTriangleMeshBuilder@physx@@UEAAPEAXI@Z 0000000180012e80 f i TriangleMeshBuilder.obj
 0001:00011e80       ??_ERTreeTriangleMeshBuilder@physx@@UEAAPEAXI@Z 0000000180012e80 f i TriangleMeshBuilder.obj
 0001:00011ed0       ??_ERemapCallback@RTreeCooker@physx@@UEAAPEAXI@Z 0000000180012ed0 f i TriangleMeshBuilder.obj
 0001:00011ed0       ??_GRemapCallback@RTreeCooker@physx@@UEAAPEAXI@Z 0000000180012ed0 f i TriangleMeshBuilder.obj
 0001:00011f10       ??_ETriangleMeshBuilder@physx@@UEAAPEAXI@Z 0000000180012f10 f i TriangleMeshBuilder.obj
 0001:00011f10       ??_GTriangleMeshBuilder@physx@@UEAAPEAXI@Z 0000000180012f10 f i TriangleMeshBuilder.obj
 0001:00011fa0       ??_GTriangleMeshData@Gu@physx@@UEAAPEAXI@Z 0000000180012fa0 f i TriangleMeshBuilder.obj
 0001:00011fa0       ??_ETriangleMeshData@Gu@physx@@UEAAPEAXI@Z 0000000180012fa0 f i TriangleMeshBuilder.obj
 0001:00012020       ?allocateMaterials@TriangleMeshData@Gu@physx@@QEAAPEAGXZ 0000000180013020 f i TriangleMeshBuilder.obj
 0001:00012100       ?allocateTriangles@TriangleMeshData@Gu@physx@@QEAAPEAXI_NI@Z 0000000180013100 f i TriangleMeshBuilder.obj
 0001:00012220       ?allocateVertices@TriangleMeshData@Gu@physx@@QEAAPEAVPxVec3@3@I@Z 0000000180013220 f i TriangleMeshBuilder.obj
 0001:00012a60       ?getMidphaseID@BV4TriangleMeshBuilder@physx@@UEBA?AW4Enum@PxMeshMidPhase@2@XZ 0000000180013a60 f i TriangleMeshBuilder.obj
 0001:00012a70       ?getMidphaseID@RTreeTriangleMeshBuilder@physx@@UEBA?AW4Enum@PxMeshMidPhase@2@XZ 0000000180013a70 f i TriangleMeshBuilder.obj
 0001:00012a80       ?growAndPushBack@?$Array@USortedNeighbor@GrbTrimeshCookerHelper@physx@@VNamedAllocator@shdfnd@3@@shdfnd@physx@@IEAAAEAUSortedNeighbor@GrbTrimeshCookerHelper@3@AEBU453@@Z 0000000180013a80 f i TriangleMeshBuilder.obj
 0001:00012be0       ?isValid@PxTriangleMeshDesc@physx@@QEBA_NXZ 0000000180013be0 f i TriangleMeshBuilder.obj
 0001:00012c80       ?onMeshIndexFormatChange@TriangleMeshBuilder@physx@@UEAAXXZ 0000000180013c80 f i TriangleMeshBuilder.obj
 0001:00012c90       ?recreate@?$Array@USharpEdgeRange@GrbTrimeshCookerHelper@physx@@VNamedAllocator@shdfnd@3@@shdfnd@physx@@IEAAXI@Z 0000000180013c90 f i TriangleMeshBuilder.obj
 0001:00012d70       ?recreate@?$Array@USortedNeighbor@GrbTrimeshCookerHelper@physx@@VNamedAllocator@shdfnd@3@@shdfnd@physx@@IEAAXI@Z 0000000180013d70 f i TriangleMeshBuilder.obj
 0001:00012e80       ?remap@RTreeCookerRemap@physx@@UEAAXPEAIII@Z 0000000180013e80 f i TriangleMeshBuilder.obj
 0001:00012ea0       ?resize@?$Array@USharpEdgeRange@GrbTrimeshCookerHelper@physx@@VNamedAllocator@shdfnd@3@@shdfnd@physx@@QEAAXIAEBUSharpEdgeRange@GrbTrimeshCookerHelper@3@@Z 0000000180013ea0 f i TriangleMeshBuilder.obj
 0001:00012f60       ?resizeUninitialized@?$Array@USortedNeighbor@GrbTrimeshCookerHelper@physx@@VNamedAllocator@shdfnd@3@@shdfnd@physx@@QEAAXI@Z 0000000180013f60 f i TriangleMeshBuilder.obj
 0001:00013260       ??0BigConvexDataBuilder@physx@@QEAA@PEBUConvexHullData@Gu@1@PEAVBigConvexData@1@PEBVPxVec3@1@@Z 0000000180014260 f   BigConvexDataBuilder.obj
 0001:00013280       ??1BigConvexDataBuilder@physx@@QEAA@XZ 0000000180014280 f   BigConvexDataBuilder.obj
 0001:00013290       ?precompute@BigConvexDataBuilder@physx@@QEAA_NI@Z 0000000180014290 f   BigConvexDataBuilder.obj
 0001:00013c80       ?initialize@BigConvexDataBuilder@physx@@QEAA_NXZ 0000000180014c80 f   BigConvexDataBuilder.obj
 0001:00013d20       ?save@BigConvexDataBuilder@physx@@QEBA_NAEAVPxOutputStream@2@_N@Z 0000000180014d20 f   BigConvexDataBuilder.obj
 0001:00013e10       ?computeValencies@BigConvexDataBuilder@physx@@QEAA_NAEBVConvexHullBuilder@2@@Z 0000000180014e10 f   BigConvexDataBuilder.obj
 0001:00014290       ?saveValencies@BigConvexDataBuilder@physx@@QEBA_NAEAVPxOutputStream@2@_N@Z 0000000180015290 f   BigConvexDataBuilder.obj
 0001:000148b0       ??0ConvexHullBuilder@physx@@QEAA@PEAUConvexHullData@Gu@1@_N@Z 00000001800158b0 f   ConvexHullBuilder.obj
 0001:000148e0       ??1ConvexHullBuilder@physx@@QEAA@XZ 00000001800158e0 f   ConvexHullBuilder.obj
 0001:000149f0       ?init@ConvexHullBuilder@physx@@QEAA_NIPEBVPxVec3@2@PEBIIIPEBUPxHullPolygon@2@_NPEAVConvexHullLib@2@@Z 00000001800159f0 f   ConvexHullBuilder.obj
 0001:00014e10       ?save@ConvexHullBuilder@physx@@QEBA_NAEAVPxOutputStream@2@_N@Z 0000000180015e10 f   ConvexHullBuilder.obj
 0001:00015160       ?copy@ConvexHullBuilder@physx@@QEAA_NAEAUConvexHullData@Gu@2@AEAI@Z 0000000180016160 f   ConvexHullBuilder.obj
 0001:000153c0       ?createEdgeList@ConvexHullBuilder@physx@@QEAA_N_NI@Z 00000001800163c0 f   ConvexHullBuilder.obj
 0001:00015ca0       ?checkHullPolygons@ConvexHullBuilder@physx@@QEBA_NXZ 0000000180016ca0 f   ConvexHullBuilder.obj
 0001:000160e0       ?calculateVertexMapTable@ConvexHullBuilder@physx@@QEAA_NI_N@Z 00000001800170e0 f   ConvexHullBuilder.obj
 0001:00016310       ?computeGeomCenter@ConvexHullBuilder@physx@@IEBA_NAEAVPxVec3@2@IPEAUHullTriangleData@2@@Z 0000000180017310 f   ConvexHullBuilder.obj
 0001:00016c60       ??0PxVec3@physx@@QEAA@XZ   0000000180017c60 f i ConvexHullBuilder.obj
 0001:00016c70       ??1ConvexHullLib@physx@@UEAA@XZ 0000000180017c70 f   ConvexHullLib.obj
 0001:00016cd0       ?cleanupVertices@ConvexHullLib@physx@@IEAA_NIPEBVPxVec3@2@IAEAIPEAV32@AEAV32@3@Z 0000000180017cd0 f   ConvexHullLib.obj
 0001:00017130       ?shiftAndcleanupVertices@ConvexHullLib@physx@@IEAA_NIPEBVPxVec3@2@IAEAIPEAV32@AEAV32@3@Z 0000000180018130 f   ConvexHullLib.obj
 0001:00017580       ?swapLargestFace@ConvexHullLib@physx@@IEAAXAEAVPxConvexMeshDesc@2@@Z 0000000180018580 f   ConvexHullLib.obj
 0001:00017780       ?shiftConvexMeshDesc@ConvexHullLib@physx@@IEAAXAEAVPxConvexMeshDesc@2@@Z 0000000180018780 f   ConvexHullLib.obj
 0001:00017b30       ??_EConvexHullLib@physx@@UEAAPEAXI@Z 0000000180018b30 f i ConvexHullLib.obj
 0001:00017b30       ??_GConvexHullLib@physx@@UEAAPEAXI@Z 0000000180018b30 f i ConvexHullLib.obj
 0001:00018150       ??0ConvexHull@physx@@QEAA@AEBVPxVec3@1@0AEBV?$Array@VPxPlane@physx@@VNamedAllocator@shdfnd@2@@shdfnd@1@@Z 0000000180019150 f   ConvexHullUtils.obj
 0001:00018c90       ??0ConvexHull@physx@@QEAA@AEBVPxVec3@1@AEBVPxTransform@1@AEBV?$Array@VPxPlane@physx@@VNamedAllocator@shdfnd@2@@shdfnd@1@@Z 0000000180019c90 f   ConvexHullUtils.obj
 0001:0001a160       ?findCandidatePlane@ConvexHull@physx@@QEBAHMM@Z 000000018001b160 f   ConvexHullUtils.obj
 0001:0001a670       ?assertIntact@ConvexHull@physx@@QEBA_NM@Z 000000018001b670 f   ConvexHullUtils.obj
 0001:0001a990       ?maxNumVertsPerFace@ConvexHull@physx@@QEBAIXZ 000000018001b990 f   ConvexHullUtils.obj
 0001:0001aa00       ?convexHullCrop@physx@@YAPEAVConvexHull@1@AEBV21@AEBVPxPlane@1@M@Z 000000018001ba00 f   ConvexHullUtils.obj
 0001:0001b7f0       ?computeOBBFromConvex@physx@@YA_NAEBVPxConvexMeshDesc@1@AEAVPxVec3@1@AEAVPxTransform@1@@Z 000000018001c7f0 f   ConvexHullUtils.obj
 0001:0001bf70       ?computeOBBSIMD@local@@YAXIPEBT__m128@@AEAT2@AEBT2@1@Z 000000018001cf70 f   ConvexHullUtils.obj
 0001:0001d1e0       ??0ConvexHull@physx@@QEAA@AEBV01@@Z 000000018001e1e0 f i ConvexHullUtils.obj
 0001:0001d2e0       ??0ConvexHull@physx@@QEAA@AEBV?$Array@VPxPlane@physx@@VNamedAllocator@shdfnd@2@@shdfnd@1@@Z 000000018001e2e0 f i ConvexHullUtils.obj
 0001:0001d3d0       ??0HalfEdge@ConvexHull@physx@@QEAA@XZ 000000018001e3d0 f i ConvexHullUtils.obj
 0001:0001d3e0       ??0PxPlane@physx@@QEAA@XZ  000000018001e3e0 f i ConvexHullUtils.obj
 0001:0001d3f0       ?copy@?$Array@VPxPlane@physx@@VNamedAllocator@shdfnd@2@@shdfnd@physx@@KAXPEAVPxPlane@3@0PEBV43@@Z 000000018001e3f0 f i ConvexHullUtils.obj
 0001:0001d560       ?copyHull@ConvexHull@physx@@QEAAXAEBV12@@Z 000000018001e560 f i ConvexHullUtils.obj
 0001:0001d630       ?create@?$Array@VPxPlane@physx@@VNamedAllocator@shdfnd@2@@shdfnd@physx@@KAXPEAVPxPlane@3@0AEBV43@@Z 000000018001e630 f i ConvexHullUtils.obj
 0001:0001d770       ?create@?$Array@VPxVec3@physx@@VNamedAllocator@shdfnd@2@@shdfnd@physx@@KAXPEAVPxVec3@3@0AEBV43@@Z 000000018001e770 f i ConvexHullUtils.obj
 0001:0001d880       ?getInverse@PxMat33@physx@@QEBA?BV12@XZ 000000018001e880 f i ConvexHullUtils.obj
 0001:0001dbb0       ?growAndPushBack@?$Array@VHalfEdge@ConvexHull@physx@@VNamedAllocator@shdfnd@3@@shdfnd@physx@@IEAAAEAVHalfEdge@ConvexHull@3@AEBV453@@Z 000000018001ebb0 f i ConvexHullUtils.obj
 0001:0001dcc0       ?growAndPushBack@?$Array@VPxPlane@physx@@VNamedAllocator@shdfnd@2@@shdfnd@physx@@IEAAAEAVPxPlane@3@AEBV43@@Z 000000018001ecc0 f i ConvexHullUtils.obj
 0001:0001dde0       ?recreate@?$Array@VHalfEdge@ConvexHull@physx@@VNamedAllocator@shdfnd@3@@shdfnd@physx@@IEAAXI@Z 000000018001ede0 f i ConvexHullUtils.obj
 0001:0001dec0       ?recreate@?$Array@VPxPlane@physx@@VNamedAllocator@shdfnd@2@@shdfnd@physx@@IEAAXI@Z 000000018001eec0 f i ConvexHullUtils.obj
 0001:0001df80       ?resize@?$Array@VHalfEdge@ConvexHull@physx@@VNamedAllocator@shdfnd@3@@shdfnd@physx@@QEAAXIAEBVHalfEdge@ConvexHull@3@@Z 000000018001ef80 f i ConvexHullUtils.obj
 0001:0001e040       ?resize@?$Array@VPxPlane@physx@@VNamedAllocator@shdfnd@2@@shdfnd@physx@@QEAAXIAEBVPxPlane@3@@Z 000000018001f040 f i ConvexHullUtils.obj
 0001:0001e0b0       ?resize@?$Array@VPxVec3@physx@@VNamedAllocator@shdfnd@2@@shdfnd@physx@@QEAAXIAEBVPxVec3@3@@Z 000000018001f0b0 f i ConvexHullUtils.obj
 0001:0001e120       ??0ConvexMeshBuilder@physx@@QEAA@_N@Z 000000018001f120 f   ConvexMeshBuilder.obj
 0001:0001e190       ??1ConvexMeshBuilder@physx@@QEAA@XZ 000000018001f190 f   ConvexMeshBuilder.obj
 0001:0001e1f0       ?build@ConvexMeshBuilder@physx@@QEAA_NAEBVPxConvexMeshDesc@2@I_NPEAVConvexHullLib@2@@Z 000000018001f1f0 f   ConvexMeshBuilder.obj
 0001:0001e380       ?save@ConvexMeshBuilder@physx@@QEBA_NAEAVPxOutputStream@2@_N@Z 000000018001f380 f   ConvexMeshBuilder.obj
 0001:0001e5a0       ?copy@ConvexMeshBuilder@physx@@QEAA_NAEAUConvexHullData@Gu@2@AEAI@Z 000000018001f5a0 f   ConvexMeshBuilder.obj
 0001:0001e630       ?loadConvexHull@ConvexMeshBuilder@physx@@QEAA_NAEBVPxConvexMeshDesc@2@PEAVConvexHullLib@2@@Z 000000018001f630 f   ConvexMeshBuilder.obj
 0001:0001e8c0       ?computeHullPolygons@ConvexMeshBuilder@physx@@QEAA_NAEBIPEBVPxVec3@2@0PEBIAEAVPxAllocatorCallback@2@AEAIAEAPEAV32@4AEAPEAI4AEAPEAUPxHullPolygon@2@@Z 000000018001f8c0 f   ConvexMeshBuilder.obj
 0001:0001ead0       ?computeGaussMaps@ConvexMeshBuilder@physx@@QEAA_NXZ 000000018001fad0 f   ConvexMeshBuilder.obj
 0001:0001ebf0       ?computeMassInfo@ConvexMeshBuilder@physx@@QEAAX_N@Z 000000018001fbf0 f   ConvexMeshBuilder.obj
 0001:0001f020       ?computeInternalObjects@ConvexMeshBuilder@physx@@QEAAXXZ 0000000180020020 f   ConvexMeshBuilder.obj
 0001:0001f990       ?isFinite@PxVec3@physx@@QEBA_NXZ 0000000180020990 f i ConvexMeshBuilder.obj
 0001:0001fa00       ?isValid@PxConvexMeshDesc@physx@@QEBA_NXZ 0000000180020a00 f i ConvexMeshBuilder.obj
 0001:0001fac0       ??0ConvexPolygonsBuilder@physx@@QEAA@PEAUConvexHullData@Gu@1@_N@Z 0000000180020ac0 f   ConvexPolygonsBuilder.obj
 0001:0001faf0       ??1ConvexPolygonsBuilder@physx@@QEAA@XZ 0000000180020af0 f   ConvexPolygonsBuilder.obj
 0001:0001fb40       ?computeHullPolygons@ConvexPolygonsBuilder@physx@@QEAA_NAEBIPEBVPxVec3@2@0PEBI@Z 0000000180020b40 f   ConvexPolygonsBuilder.obj
 0001:0001fd70       ?createPolygonData@ConvexPolygonsBuilder@physx@@AEAA_NXZ 0000000180020d70 f   ConvexPolygonsBuilder.obj
 0001:00020690       ?createTrianglesFromPolygons@ConvexPolygonsBuilder@physx@@AEAA_NXZ 0000000180021690 f   ConvexPolygonsBuilder.obj
 0001:00021600       ??$PlaneEquation@U?$TriangleT@I@Gu@physx@@@@YA?AVPxPlane@physx@@AEBU?$TriangleT@I@Gu@1@PEBVPxVec3@1@@Z 0000000180022600 f i ConvexPolygonsBuilder.obj
 0001:000217f0       ??$copy@VNamedAllocator@shdfnd@physx@@@?$Array@VPair@@VNamedAllocator@shdfnd@physx@@@shdfnd@physx@@IEAAXAEBV012@@Z 00000001800227f0 f i ConvexPolygonsBuilder.obj
 0001:00024680       ?growAndPushBack@?$Array@VPair@@VNamedAllocator@shdfnd@physx@@@shdfnd@physx@@IEAAAEAVPair@@AEBV4@@Z 0000000180025680 f i ConvexPolygonsBuilder.obj
 0001:000247a0       ??0InflationConvexHullLib@physx@@QEAA@AEBVPxConvexMeshDesc@1@AEBUPxCookingParams@1@@Z 00000001800257a0 f   InflationConvexHullLib.obj
 0001:000247e0       ??1InflationConvexHullLib@physx@@UEAA@XZ 00000001800257e0 f   InflationConvexHullLib.obj
 0001:00024870       ?createConvexHull@InflationConvexHullLib@physx@@UEAA?AW4Enum@PxConvexMeshCookingResult@2@XZ 0000000180025870 f   InflationConvexHullLib.obj
 0001:00024990       ?fillConvexMeshDesc@InflationConvexHullLib@physx@@UEAAXAEAVPxConvexMeshDesc@2@@Z 0000000180025990 f   InflationConvexHullLib.obj
 0001:00024a10       ?computeHull@InflationConvexHullLib@physx@@IEAA?AW4ErrorCode@ConvexHullLibResult@2@IPEBVPxVec3@2@@Z 0000000180025a10 f   InflationConvexHullLib.obj
 0001:00024c60       ?calchull@InflationConvexHullLib@physx@@IEAA?AW4ErrorCode@ConvexHullLibResult@2@PEBVPxVec3@2@IAEAPEAVConvexHull@2@@Z 0000000180025c60 f   InflationConvexHullLib.obj
 0001:00024f20       ?calchullgen@InflationConvexHullLib@physx@@IEAA?AW4ErrorCode@ConvexHullLibResult@2@PEBVPxVec3@2@IAEAVHullTriangles@local@@@Z 0000000180025f20 f   InflationConvexHullLib.obj
 0001:00025a60       ?calchullplanes@InflationConvexHullLib@physx@@IEAA_NPEBVPxVec3@2@AEAVHullTriangles@local@@AEAV?$Array@VPxPlane@physx@@VNamedAllocator@shdfnd@2@@shdfnd@2@@Z 0000000180026a60 f   InflationConvexHullLib.obj
 0001:00025d60       ?overhull@InflationConvexHullLib@physx@@IEAA_NPEBVPxVec3@2@IAEBV?$Array@VPxPlane@physx@@VNamedAllocator@shdfnd@2@@shdfnd@2@AEAPEAVConvexHull@2@@Z 0000000180026d60 f   InflationConvexHullLib.obj
 0001:00026370       ?expandHull@InflationConvexHullLib@physx@@IEAA?AW4ErrorCode@ConvexHullLibResult@2@PEBVPxVec3@2@IAEBVHullTriangles@local@@AEAPEAVConvexHull@2@@Z 0000000180027370 f   InflationConvexHullLib.obj
 0001:00027270       ?expandHullOBB@InflationConvexHullLib@physx@@IEAA?AW4ErrorCode@ConvexHullLibResult@2@PEBVPxVec3@2@IAEBVHullTriangles@local@@AEAPEAVConvexHull@2@@Z 0000000180028270 f   InflationConvexHullLib.obj
 0001:00027870       ?maxIndexInDirFiltered@local@@YAHPEBVPxVec3@physx@@IAEBV23@PEA_N@Z 0000000180028870 f   InflationConvexHullLib.obj
 0001:00027b20       ?maxIndexInDirSterid@local@@YAHPEBVPxVec3@physx@@IAEBV23@AEAV?$Array@EVNamedAllocator@shdfnd@physx@@@shdfnd@3@@Z 0000000180028b20 f   InflationConvexHullLib.obj
 0001:00028cd0       ??1ConvexHull@physx@@QEAA@XZ 0000000180029cd0 f i InflationConvexHullLib.obj
 0001:00028d80       ??_GInflationConvexHullLib@physx@@UEAAPEAXI@Z 0000000180029d80 f i InflationConvexHullLib.obj
 0001:00028d80       ??_EInflationConvexHullLib@physx@@UEAAPEAXI@Z 0000000180029d80 f i InflationConvexHullLib.obj
 0001:00028e00       ?b2bfix@HullTriangles@local@@IEAAXPEAVTri@2@0@Z 0000000180029e00 f i InflationConvexHullLib.obj
 0001:00029090       ?copy@?$Array@UExpandPlane@local@@VNamedAllocator@shdfnd@physx@@@shdfnd@physx@@KAXPEAUExpandPlane@local@@0PEBU45@@Z 000000018002a090 f i InflationConvexHullLib.obj
 0001:00029370       ?createEdgeList@InflationConvexHullLib@physx@@UEAA_NIPEBEPEAPEAEPEAPEAG2@Z 000000018002a370 f i InflationConvexHullLib.obj
 0001:00029380       ?createTri@HullTriangles@local@@QEAAPEAVTri@2@HHH@Z 000000018002a380 f i InflationConvexHullLib.obj
 0001:000294d0       ?extrude@HullTriangles@local@@QEAAXPEAVTri@2@H@Z 000000018002a4d0 f i InflationConvexHullLib.obj
 0001:00029730       ?findExtrudable@HullTriangles@local@@QEBAPEAVTri@2@M@Z 000000018002a730 f i InflationConvexHullLib.obj
 0001:0002a0e0       ?getArea2@Tri@local@@QEBAMPEBVPxVec3@physx@@@Z 000000018002b0e0 f i InflationConvexHullLib.obj
 0001:0002a1d0       ?getNormal@Tri@local@@QEBA?AVPxVec3@physx@@PEBV34@@Z 000000018002b1d0 f i InflationConvexHullLib.obj
 0001:0002a330       ?growAndPushBack@?$Array@EVNamedAllocator@shdfnd@physx@@@shdfnd@physx@@IEAAAEAEAEBE@Z 000000018002b330 f i InflationConvexHullLib.obj
 0001:0002a440       ?growAndPushBack@?$Array@HVNamedAllocator@shdfnd@physx@@@shdfnd@physx@@IEAAAEAHAEBH@Z 000000018002b440 f i InflationConvexHullLib.obj
 0001:0002a550       ?growAndPushBack@?$Array@PEAVTri@local@@VNamedAllocator@shdfnd@physx@@@shdfnd@physx@@IEAAAEAPEAVTri@local@@AEBQEAV45@@Z 000000018002b550 f i InflationConvexHullLib.obj
 0001:0002a660       ?growAndPushBack@?$Array@UExpandPlane@local@@VNamedAllocator@shdfnd@physx@@@shdfnd@physx@@IEAAAEAUExpandPlane@local@@AEBU45@@Z 000000018002b660 f i InflationConvexHullLib.obj
 0001:0002a7c0       ?hasVolume@HullSimplex@local@@SA_NPEBVPxVec3@physx@@IIII@Z 000000018002b7c0 f i InflationConvexHullLib.obj
 0001:0002a9a0       ?neib@Tri@local@@QEAAAEAHHH@Z 000000018002b9a0 f i InflationConvexHullLib.obj
 0001:0002ac10       ?recreate@?$Array@EVNamedAllocator@shdfnd@physx@@@shdfnd@physx@@IEAAXI@Z 000000018002bc10 f i InflationConvexHullLib.obj
 0001:0002ace0       ?recreate@?$Array@HVNamedAllocator@shdfnd@physx@@@shdfnd@physx@@IEAAXI@Z 000000018002bce0 f i InflationConvexHullLib.obj
 0001:0002adc0       ?recreate@?$Array@PEAVTri@local@@VNamedAllocator@shdfnd@physx@@@shdfnd@physx@@IEAAXI@Z 000000018002bdc0 f i InflationConvexHullLib.obj
 0001:0002aea0       ?removeb2b@HullTriangles@local@@IEAAXPEAVTri@2@0@Z 000000018002bea0 f i InflationConvexHullLib.obj
 0001:0002af30       ?resize@?$Array@HVNamedAllocator@shdfnd@physx@@@shdfnd@physx@@QEAAXIAEBH@Z 000000018002bf30 f i InflationConvexHullLib.obj
 0001:0002aff0       ??0QuickHullConvexHullLib@physx@@QEAA@AEBVPxConvexMeshDesc@1@AEBUPxCookingParams@1@@Z 000000018002bff0 f   QuickHullConvexHullLib.obj
 0001:0002b0f0       ??1QuickHullConvexHullLib@physx@@UEAA@XZ 000000018002c0f0 f   QuickHullConvexHullLib.obj
 0001:0002b1d0       ?createConvexHull@QuickHullConvexHullLib@physx@@UEAA?AW4Enum@PxConvexMeshCookingResult@2@XZ 000000018002c1d0 f   QuickHullConvexHullLib.obj
 0001:0002b430       ?fillConvexMeshDesc@QuickHullConvexHullLib@physx@@UEAAXAEAVPxConvexMeshDesc@2@@Z 000000018002c430 f   QuickHullConvexHullLib.obj
 0001:0002b480       ?createEdgeList@QuickHullConvexHullLib@physx@@UEAA_NIPEBEPEAPEAEPEAPEAG2@Z 000000018002c480 f   QuickHullConvexHullLib.obj
 0001:0002b770       ?expandHullOBB@QuickHullConvexHullLib@physx@@IEAA?AW4Enum@PxConvexMeshCookingResult@2@XZ 000000018002c770 f   QuickHullConvexHullLib.obj
 0001:0002bbe0       ?expandHull@QuickHullConvexHullLib@physx@@IEAA?AW4Enum@PxConvexMeshCookingResult@2@XZ 000000018002cbe0 f   QuickHullConvexHullLib.obj
 0001:0002c420       ?cleanupForSimplex@QuickHullConvexHullLib@physx@@IEAA_NPEAVPxVec3@2@IPEAUQuickHullVertex@local@@1AEAM2@Z 000000018002d420 f   QuickHullConvexHullLib.obj
 0001:0002d000       ?fillConvexMeshDescFromQuickHull@QuickHullConvexHullLib@physx@@IEAAXAEAVPxConvexMeshDesc@2@@Z 000000018002e000 f   QuickHullConvexHullLib.obj
 0001:0002d380       ?fillConvexMeshDescFromCroppedHull@QuickHullConvexHullLib@physx@@IEAAXAEAVPxConvexMeshDesc@2@@Z 000000018002e380 f   QuickHullConvexHullLib.obj
 0001:0002d580       ?getOppositeFaceDistance@QuickHullHalfEdge@local@@QEBAMXZ 000000018002e580 f   QuickHullConvexHullLib.obj
 0001:0002d5c0       ?mergeAdjacentFace@QuickHullFace@local@@QEAA_NPEAUQuickHullHalfEdge@2@AEAV?$Array@PEAUQuickHullFace@local@@VNamedAllocator@shdfnd@physx@@@shdfnd@physx@@@Z 000000018002e5c0 f   QuickHullConvexHullLib.obj
 0001:0002da30       ?checkFaceConsistency@QuickHullFace@local@@QEAA_NXZ 000000018002ea30 f   QuickHullConvexHullLib.obj
 0001:0002da40       ?connectHalfEdges@QuickHullFace@local@@AEAAPEAU12@PEAUQuickHullHalfEdge@2@0@Z 000000018002ea40 f   QuickHullConvexHullLib.obj
 0001:0002ddc0       ??0QuickHull@local@@QEAA@AEBUPxCookingParams@physx@@AEBVPxConvexMeshDesc@3@@Z 000000018002edc0 f   QuickHullConvexHullLib.obj
 0001:0002dfd0       ??1QuickHull@local@@QEAA@XZ 000000018002efd0 f   QuickHullConvexHullLib.obj
 0001:0002e130       ?preallocate@QuickHull@local@@QEAAXI@Z 000000018002f130 f   QuickHullConvexHullLib.obj
 0001:0002e280       ?parseInputVertices@QuickHull@local@@QEAAXPEBVPxVec3@physx@@I@Z 000000018002f280 f   QuickHullConvexHullLib.obj
 0001:0002e3f0       ?releaseHull@QuickHull@local@@QEAAXXZ 000000018002f3f0 f   QuickHullConvexHullLib.obj
 0001:0002e450       ?setPrecomputedMinMax@QuickHull@local@@QEAAXPEBUQuickHullVertex@2@0MM@Z 000000018002f450 f   QuickHullConvexHullLib.obj
 0001:0002e5e0       ?buildHull@QuickHull@local@@QEAA?AW4Enum@QuickHullResult@2@XZ 000000018002f5e0 f   QuickHullConvexHullLib.obj
 0001:0002e770       ?maxNumVertsPerFace@QuickHull@local@@QEBAIXZ 000000018002f770 f   QuickHullConvexHullLib.obj
 0001:0002e7b0       ?computeMinMaxVerts@QuickHull@local@@IEAAXXZ 000000018002f7b0 f   QuickHullConvexHullLib.obj
 0001:0002eba0       ?findSimplex@QuickHull@local@@IEAA_NXZ 000000018002fba0 f   QuickHullConvexHullLib.obj
 0001:0002f790       ?addSimplex@QuickHull@local@@IEAAXPEAUQuickHullVertex@2@_N@Z 0000000180030790 f   QuickHullConvexHullLib.obj
 0001:0002fc00       ?nextPointToAdd@QuickHull@local@@IEAAPEAUQuickHullVertex@2@AEAPEAUQuickHullFace@2@@Z 0000000180030c00 f   QuickHullConvexHullLib.obj
 0001:0002fd60       ?addPointToHull@QuickHull@local@@IEAA_NPEBUQuickHullVertex@2@AEAUQuickHullFace@2@AEA_N@Z 0000000180030d60 f   QuickHullConvexHullLib.obj
 0001:00030040       ?createTriangle@QuickHull@local@@IEAAPEAUQuickHullFace@2@AEBUQuickHullVertex@2@00@Z 0000000180031040 f   QuickHullConvexHullLib.obj
 0001:000303f0       ?addPointToFace@QuickHull@local@@IEAAXAEAUQuickHullFace@2@PEAUQuickHullVertex@2@M@Z 00000001800313f0 f   QuickHullConvexHullLib.obj
 0001:00030440       ?removeEyePointFromFace@QuickHull@local@@IEAAXAEAUQuickHullFace@2@PEBUQuickHullVertex@2@@Z 0000000180031440 f   QuickHullConvexHullLib.obj
 0001:00030460       ?calculateHorizon@QuickHull@local@@IEAAXAEBVPxVec3@physx@@PEAUQuickHullHalfEdge@2@AEAUQuickHullFace@2@AEAV?$Array@PEAUQuickHullHalfEdge@local@@VNamedAllocator@shdfnd@physx@@@shdfnd@4@AEAV?$Array@PEAUQuickHullFace@local@@VNamedAllocator@shdfnd@physx@@@84@@Z 0000000180031460 f   QuickHullConvexHullLib.obj
 0001:00030610       ?addNewFacesFromHorizon@QuickHull@local@@IEAAXPEBUQuickHullVertex@2@AEBV?$Array@PEAUQuickHullHalfEdge@local@@VNamedAllocator@shdfnd@physx@@@shdfnd@physx@@AEAV?$Array@PEAUQuickHullFace@local@@VNamedAllocator@shdfnd@physx@@@56@@Z 0000000180031610 f   QuickHullConvexHullLib.obj
 0001:00030770       ?doAdjacentMerge@QuickHull@local@@IEAA_NAEAUQuickHullFace@2@_NAEA_N@Z 0000000180031770 f   QuickHullConvexHullLib.obj
 0001:00030a00       ?doPostAdjacentMerge@QuickHull@local@@IEAA_NAEAUQuickHullFace@2@M@Z 0000000180031a00 f   QuickHullConvexHullLib.obj
 0001:00030b40       ?deleteFacePoints@QuickHull@local@@IEAAXAEAUQuickHullFace@2@PEAU32@@Z 0000000180031b40 f   QuickHullConvexHullLib.obj
 0001:00030c60       ?resolveUnclaimedPoints@QuickHull@local@@IEAAXAEBV?$Array@PEAUQuickHullFace@local@@VNamedAllocator@shdfnd@physx@@@shdfnd@physx@@@Z 0000000180031c60 f   QuickHullConvexHullLib.obj
 0001:00030ec0       ?postMergeHull@QuickHull@local@@IEAAXXZ 0000000180031ec0 f   QuickHullConvexHullLib.obj
 0001:00031040       ?canMergeFaces@QuickHull@local@@IEAA_NAEBUQuickHullHalfEdge@2@@Z 0000000180032040 f   QuickHullConvexHullLib.obj
 0001:000317b0       ?getExpandPoint@local@@YAXAEBUQuickHullHalfEdge@1@AEAUExpandPoint@1@PEBV?$Array@IVNamedAllocator@shdfnd@physx@@@shdfnd@physx@@@Z 00000001800327b0 f   QuickHullConvexHullLib.obj
 0001:00031860       ?addExpandPoint@local@@YAXAEBUExpandPoint@1@AEAV?$Array@UExpandPoint@local@@VNamedAllocator@shdfnd@physx@@@shdfnd@physx@@@Z 0000000180032860 f   QuickHullConvexHullLib.obj
 0001:00033370       ??0PxPlane@physx@@QEAA@AEBV01@@Z 0000000180034370 f i QuickHullConvexHullLib.obj
 0001:00033390       ??0QuickHullVertex@local@@QEAA@XZ 0000000180034390 f i QuickHullConvexHullLib.obj
 0001:000333a0       ??1?$MemBlock@UQuickHullFace@local@@$00@local@@QEAA@XZ 00000001800343a0 f i QuickHullConvexHullLib.obj
 0001:00033450       ??1?$MemBlock@UQuickHullHalfEdge@local@@$0A@@local@@QEAA@XZ 0000000180034450 f i QuickHullConvexHullLib.obj
 0001:00033500       ??_EQuickHullConvexHullLib@physx@@UEAAPEAXI@Z 0000000180034500 f i QuickHullConvexHullLib.obj
 0001:00033500       ??_GQuickHullConvexHullLib@physx@@UEAAPEAXI@Z 0000000180034500 f i QuickHullConvexHullLib.obj
 0001:00033580       ??__G@YAXPEAX0_K1P6APEAX00@Z@Z 0000000180034580 f i QuickHullConvexHullLib.obj
 0001:00033600       ?copy@?$Array@UExpandPoint@local@@VNamedAllocator@shdfnd@physx@@@shdfnd@physx@@KAXPEAUExpandPoint@local@@0PEBU45@@Z 0000000180034600 f i QuickHullConvexHullLib.obj
 0001:000336a0       ?getFreeItem@?$MemBlock@UQuickHullFace@local@@$00@local@@QEAAPEAUQuickHullFace@2@XZ 00000001800346a0 f i QuickHullConvexHullLib.obj
 0001:00033820       ?getFreeItem@?$MemBlock@UQuickHullHalfEdge@local@@$0A@@local@@QEAAPEAUQuickHullHalfEdge@2@XZ 0000000180034820 f i QuickHullConvexHullLib.obj
 0001:00033940       ?growAndPushBack@?$Array@PEAUQuickHullFace@local@@VNamedAllocator@shdfnd@physx@@@shdfnd@physx@@IEAAAEAPEAUQuickHullFace@local@@AEBQEAU45@@Z 0000000180034940 f i QuickHullConvexHullLib.obj
 0001:00033a50       ?growAndPushBack@?$Array@PEAUQuickHullHalfEdge@local@@VNamedAllocator@shdfnd@physx@@@shdfnd@physx@@IEAAAEAPEAUQuickHullHalfEdge@local@@AEBQEAU45@@Z 0000000180034a50 f i QuickHullConvexHullLib.obj
 0001:00033b60       ?growAndPushBack@?$Array@PEAUQuickHullVertex@local@@VNamedAllocator@shdfnd@physx@@@shdfnd@physx@@IEAAAEAPEAUQuickHullVertex@local@@AEBQEAU45@@Z 0000000180034b60 f i QuickHullConvexHullLib.obj
 0001:00033c70       ?growAndPushBack@?$Array@UExpandPoint@local@@VNamedAllocator@shdfnd@physx@@@shdfnd@physx@@IEAAAEAUExpandPoint@local@@AEBU45@@Z 0000000180034c70 f i QuickHullConvexHullLib.obj
 0001:00033dd0       ?init@?$MemBlock@UQuickHullFace@local@@$00@local@@QEAAXI@Z 0000000180034dd0 f i QuickHullConvexHullLib.obj
 0001:00033ef0       ?init@?$MemBlock@UQuickHullHalfEdge@local@@$0A@@local@@QEAAXI@Z 0000000180034ef0 f i QuickHullConvexHullLib.obj
 0001:00033fc0       ?recreate@?$Array@PEAUQuickHullFace@local@@VNamedAllocator@shdfnd@physx@@@shdfnd@physx@@IEAAXI@Z 0000000180034fc0 f i QuickHullConvexHullLib.obj
 0001:000340a0       ?recreate@?$Array@PEAUQuickHullHalfEdge@local@@VNamedAllocator@shdfnd@physx@@@shdfnd@physx@@IEAAXI@Z 00000001800350a0 f i QuickHullConvexHullLib.obj
 0001:00034180       ?recreate@?$Array@PEAUQuickHullVertex@local@@VNamedAllocator@shdfnd@physx@@@shdfnd@physx@@IEAAXI@Z 0000000180035180 f i QuickHullConvexHullLib.obj
 0001:00034260       ?recreate@?$Array@UExpandPoint@local@@VNamedAllocator@shdfnd@physx@@@shdfnd@physx@@IEAAXI@Z 0000000180035260 f i QuickHullConvexHullLib.obj
 0001:00034320       ?reset@?$MemBlock@UQuickHullFace@local@@$00@local@@QEAAXXZ 0000000180035320 f i QuickHullConvexHullLib.obj
 0001:000343b0       ?reset@?$MemBlock@UQuickHullHalfEdge@local@@$0A@@local@@QEAAXXZ 00000001800353b0 f i QuickHullConvexHullLib.obj
 0001:00034620       ?computeVolumeIntegrals@physx@@YA_NAEBVPxSimpleTriangleMesh@1@MAEAUPxIntegrals@1@@Z 0000000180035620 f   VolumeIntegration.obj
 0001:00034690       ?computeVolumeIntegralsEberly@physx@@YA_NAEBVPxConvexMeshDesc@1@MAEAUPxIntegrals@1@AEBVPxVec3@1@@Z 0000000180035690 f   VolumeIntegration.obj
 0001:000346e0       ?computeVolumeIntegralsEberlySIMD@physx@@YA_NAEBVPxConvexMeshDesc@1@MAEAUPxIntegrals@1@AEBVPxVec3@1@@Z 00000001800356e0 f   VolumeIntegration.obj
 0001:00037420       ?ComputeNbBoundaryEdges@AdjTriangle@physx@@QEBAIXZ 0000000180038420 f   Adjacencies.obj
 0001:00037470       ?ComputeNbNeighbors@AdjTriangle@physx@@QEBAIXZ 0000000180038470 f   Adjacencies.obj
 0001:000374c0       ?HasNeighbor@AdjTriangle@physx@@QEBA_NIPEAI@Z 00000001800384c0 f   Adjacencies.obj
 0001:00037530       ?Flip@AdjTriangle@physx@@QEAAXXZ 0000000180038530 f   Adjacencies.obj
 0001:00037550       ??0Adjacencies@physx@@QEAA@XZ 0000000180038550 f   Adjacencies.obj
 0001:00037570       ??1Adjacencies@physx@@QEAA@XZ 0000000180038570 f   Adjacencies.obj
 0001:000375e0       ?Load@Adjacencies@physx@@QEAA_NAEAVPxInputStream@2@@Z 00000001800385e0 f   Adjacencies.obj
 0001:00037710       ?ComputeNbBoundaryEdges@Adjacencies@physx@@QEBAIXZ 0000000180038710 f   Adjacencies.obj
 0001:00037790       ?GetBoundaryVertices@Adjacencies@physx@@QEBA_NIPEA_NPEBU?$TriangleT@I@Gu@2@@Z 0000000180038790 f   Adjacencies.obj
 0001:000378f0       ?MakeLastRef@Adjacencies@physx@@QEAA_NAEAVAdjTriangle@2@IPEAU?$TriangleT@I@Gu@2@@Z 00000001800388f0 f   Adjacencies.obj
 0001:00037b20       ?AssignNewEdgeCode@Adjacencies@physx@@AEAAXIE@Z 0000000180038b20 f   Adjacencies.obj
 0001:00037b70       ??0AdjacenciesBuilder@physx@@QEAA@XZ 0000000180038b70 f   Adjacencies.obj
 0001:00037b90       ??1AdjacenciesBuilder@physx@@QEAA@XZ 0000000180038b90 f   Adjacencies.obj
 0001:00037ba0       ?Init@AdjacenciesBuilder@physx@@QEAA_NAEBUADJACENCIESCREATE@2@@Z 0000000180038ba0 f   Adjacencies.obj
 0001:00038200       ??0AdjEdge@@QEAA@XZ        0000000180039200 f i Adjacencies.obj
 0001:00038210       ??0AdjTriangle@physx@@QEAA@XZ 0000000180039210 f i Adjacencies.obj
 0001:00038220       ??1AdjEdge@@QEAA@XZ        0000000180039220 f i Adjacencies.obj
 0001:00038230       ??1AdjTriangle@physx@@QEAA@XZ 0000000180039230 f i Adjacencies.obj
 0001:00038240       ??_EAdjEdge@@QEAAPEAXI@Z   0000000180039240 f i Adjacencies.obj
 0001:000382e0       ??_EAdjTriangle@physx@@QEAAPEAXI@Z 00000001800392e0 f i Adjacencies.obj
 0001:00038380       ??_I@YAXPEAX_K1P6AX0@Z@Z   0000000180039380 f i Adjacencies.obj
 0001:00038b00       PxCreateCooking            0000000180039b00 f   Cooking.obj
 0001:00038c20       ?release@Cooking@physx@@UEAAXXZ 0000000180039c20 f   Cooking.obj
 0001:00038c50       ?setParams@Cooking@physx@@UEAAXAEBUPxCookingParams@2@@Z 0000000180039c50 f   Cooking.obj
 0001:00038cd0       ?getParams@Cooking@physx@@UEBAAEBUPxCookingParams@2@XZ 0000000180039cd0 f   Cooking.obj
 0001:00038ce0       ?platformMismatch@Cooking@physx@@UEBA_NXZ 0000000180039ce0 f   Cooking.obj
 0001:00038d00       ?cookTriangleMesh@Cooking@physx@@UEBA_NAEBVPxTriangleMeshDesc@2@AEAVPxOutputStream@2@PEAW4Enum@PxTriangleMeshCookingResult@2@@Z 0000000180039d00 f   Cooking.obj
 0001:00038e20       ?createTriangleMesh@Cooking@physx@@UEBAPEAVPxTriangleMesh@2@AEBVPxTriangleMeshDesc@2@AEAVPxPhysicsInsertionCallback@2@@Z 0000000180039e20 f   Cooking.obj
 0001:00038f90       ?validateTriangleMesh@Cooking@physx@@UEBA_NAEBVPxTriangleMeshDesc@2@@Z 0000000180039f90 f   Cooking.obj
 0001:00039040       ?cookConvexMesh@Cooking@physx@@UEBA_NAEBVPxConvexMeshDesc@2@AEAVPxOutputStream@2@PEAW4Enum@PxConvexMeshCookingResult@2@@Z 000000018003a040 f   Cooking.obj
 0001:000392b0       ?createConvexMesh@Cooking@physx@@UEBAPEAVPxConvexMesh@2@AEBVPxConvexMeshDesc@2@AEAVPxPhysicsInsertionCallback@2@@Z 000000018003a2b0 f   Cooking.obj
 0001:000395c0       ?validateConvexMesh@Cooking@physx@@UEBA_NAEBVPxConvexMeshDesc@2@@Z 000000018003a5c0 f   Cooking.obj
 0001:00039630       ?computeHullPolygons@Cooking@physx@@UEBA_NAEBVPxSimpleTriangleMesh@2@AEAVPxAllocatorCallback@2@AEAIAEAPEAVPxVec3@2@2AEAPEAI2AEAPEAUPxHullPolygon@2@@Z 000000018003a630 f   Cooking.obj
 0001:00039810       ?cookHeightField@Cooking@physx@@UEBA_NAEBVPxHeightFieldDesc@2@AEAVPxOutputStream@2@@Z 000000018003a810 f   Cooking.obj
 0001:00039960       ?createHeightField@Cooking@physx@@UEBAPEAVPxHeightField@2@AEBVPxHeightFieldDesc@2@AEAVPxPhysicsInsertionCallback@2@@Z 000000018003a960 f   Cooking.obj
 0001:00039b60       ?cookConvexMeshInternal@Cooking@physx@@AEBA_NAEBVPxConvexMeshDesc@2@AEAVConvexMeshBuilder@2@PEAVConvexHullLib@2@PEAW4Enum@PxConvexMeshCookingResult@2@@Z 000000018003ab60 f   Cooking.obj
 0001:00039d70       ?cookTriangleMesh@Cooking@physx@@AEBA_NAEAVTriangleMeshBuilder@2@AEBVPxTriangleMeshDesc@2@AEAVPxOutputStream@2@PEAW4Enum@PxTriangleMeshCookingResult@2@@Z 000000018003ad70 f   Cooking.obj
 0001:00039e30       ?createTriangleMesh@Cooking@physx@@AEBAPEAVPxTriangleMesh@2@AEAVTriangleMeshBuilder@2@AEBVPxTriangleMeshDesc@2@AEAVPxPhysicsInsertionCallback@2@@Z 000000018003ae30 f   Cooking.obj
 0001:0003a3c0       ??1PxCooking@physx@@MEAA@XZ 000000018003b3c0 f i Cooking.obj
 0001:0003a3d0       ??_GCooking@physx@@UEAAPEAXI@Z 000000018003b3d0 f i Cooking.obj
 0001:0003a3d0       ??_ECooking@physx@@UEAAPEAXI@Z 000000018003b3d0 f i Cooking.obj
 0001:0003a430       ??_GPxCooking@physx@@MEAAPEAXI@Z 000000018003b430 f i Cooking.obj
 0001:0003a430       ??_EPxCooking@physx@@MEAAPEAXI@Z 000000018003b430 f i Cooking.obj
 0001:0003a470       ??0ReducedVertexCloud@physx@@QEAA@PEBVPxVec3@1@I@Z 000000018003b470 f   CookingUtils.obj
 0001:0003a490       ??1ReducedVertexCloud@physx@@QEAA@XZ 000000018003b490 f   CookingUtils.obj
 0001:0003a500       ?Clean@ReducedVertexCloud@physx@@QEAAAEAV12@XZ 000000018003b500 f   CookingUtils.obj
 0001:0003a570       ?Reduce@ReducedVertexCloud@physx@@QEAA_NPEAUREDUCEDCLOUD@2@@Z 000000018003b570 f   CookingUtils.obj
 0001:0003a9f0       ??0EdgeList@Gu@physx@@QEAA@XZ 000000018003b9f0 f   EdgeList.obj
 0001:0003aa10       ??1EdgeList@Gu@physx@@QEAA@XZ 000000018003ba10 f   EdgeList.obj
 0001:0003aac0       ?load@EdgeList@Gu@physx@@QEAA_NAEAVPxInputStream@3@@Z 000000018003bac0 f   EdgeList.obj
 0001:0003ace0       ??0EdgeListBuilder@Gu@physx@@QEAA@XZ 000000018003bce0 f   EdgeList.obj
 0001:0003ad00       ??1EdgeListBuilder@Gu@physx@@QEAA@XZ 000000018003bd00 f   EdgeList.obj
 0001:0003ad10       ?init@EdgeListBuilder@Gu@physx@@QEAA_NAEBUEDGELISTCREATE@23@@Z 000000018003bd10 f   EdgeList.obj
 0001:0003ae50       ?createFacesToEdges@EdgeListBuilder@Gu@physx@@AEAA_NIPEBIPEBG@Z 000000018003be50 f   EdgeList.obj
 0001:0003b360       ?createEdgesToFaces@EdgeListBuilder@Gu@physx@@AEAA_NIPEBIPEBG@Z 000000018003c360 f   EdgeList.obj
 0001:0003b5c0       ?computeActiveEdges@EdgeListBuilder@Gu@physx@@AEAA_NIPEBIPEBGPEBVPxVec3@3@M@Z 000000018003c5c0 f   EdgeList.obj
 0001:0003d460       ??0MeshCleaner@physx@@QEAA@IPEBVPxVec3@1@IPEBIM@Z 000000018003e460 f   MeshCleaner.obj
 0001:0003de30       ??1MeshCleaner@physx@@QEAA@XZ 000000018003ee30 f   MeshCleaner.obj
 0001:0003e150       ?createQuantizer@physx@@YAPEAVQuantizer@1@XZ 000000018003f150 f   Quantizer.obj
 0001:0003e1d0       ?kmeans_cluster3d@@YAIPEBVPxVec3@physx@@IIPEAV12@PEAIMM@Z 000000018003f1d0 f   Quantizer.obj
 0001:0003e200       ??$kmeans_cluster@VPxVec3@physx@@M@@YAIPEBVPxVec3@physx@@IIPEAV01@PEAIMM@Z 000000018003f200 f i Quantizer.obj
 0001:0003ecf0       ??0QuantizerImpl@@QEAA@XZ  000000018003fcf0 f i Quantizer.obj
 0001:0003edc0       ??1Quantizer@physx@@MEAA@XZ 000000018003fdc0 f i Quantizer.obj
 0001:0003edd0       ??1QuantizerImpl@@EEAA@XZ  000000018003fdd0 f i Quantizer.obj
 0001:0003ee70       ??_GQuantizer@physx@@MEAAPEAXI@Z 000000018003fe70 f i Quantizer.obj
 0001:0003ee70       ??_EQuantizer@physx@@MEAAPEAXI@Z 000000018003fe70 f i Quantizer.obj
 0001:0003eeb0       ??_GQuantizerImpl@@EEAAPEAXI@Z 000000018003feb0 f i Quantizer.obj
 0001:0003eeb0       ??_EQuantizerImpl@@EEAAPEAXI@Z 000000018003feb0 f i Quantizer.obj
 0001:0003ef30       ?getDenormalizeCenter@QuantizerImpl@@UEBAAEBVPxVec3@physx@@XZ 000000018003ff30 f i Quantizer.obj
 0001:0003ef40       ?getDenormalizeScale@QuantizerImpl@@UEBAAEBVPxVec3@physx@@XZ 000000018003ff40 f i Quantizer.obj
 0001:0003ef50       ?kmeansQuantize3D@QuantizerImpl@@UEAAPEBVPxVec3@physx@@IPEBV23@I_NIAEAI@Z 000000018003ff50 f i Quantizer.obj
 0001:0003f280       ?normalizeInput@QuantizerImpl@@AEAAXIPEBVPxVec3@physx@@I@Z 0000000180040280 f i Quantizer.obj
 0001:0003f750       ?release@QuantizerImpl@@UEAAXXZ 0000000180040750 f i Quantizer.obj
 0001:0003f766       LoadLibraryA               0000000180040766 f   kernel32:KERNEL32.dll
 0001:0003f76c       __imp_load_?getAllocator@shdfnd@physx@@YAAEAVPxAllocatorCallback@2@XZ 000000018004076c f   PxFoundationCHECKED_x64:PxFoundationCHECKED_x64.dll
 0001:0003f778       __tailMerge_PxFoundationCHECKED_x64_dll 0000000180040778 f i PxFoundationCHECKED_x64:PxFoundationCHECKED_x64.dll
 0001:0003f7f1       ?getAllocator@shdfnd@physx@@YAAEAVPxAllocatorCallback@2@XZ 00000001800407f1 f   PxFoundationCHECKED_x64:PxFoundationCHECKED_x64.dll
 0001:0003f7f7       __imp_load_??0NamedAllocator@shdfnd@physx@@QEAA@PEBD@Z 00000001800407f7 f   PxFoundationCHECKED_x64:PxFoundationCHECKED_x64.dll
 0001:0003f803       ??0NamedAllocator@shdfnd@physx@@QEAA@PEBD@Z 0000000180040803 f   PxFoundationCHECKED_x64:PxFoundationCHECKED_x64.dll
 0001:0003f809       __imp_load_??0NamedAllocator@shdfnd@physx@@QEAA@AEBV012@@Z 0000000180040809 f   PxFoundationCHECKED_x64:PxFoundationCHECKED_x64.dll
 0001:0003f815       ??0NamedAllocator@shdfnd@physx@@QEAA@AEBV012@@Z 0000000180040815 f   PxFoundationCHECKED_x64:PxFoundationCHECKED_x64.dll
 0001:0003f81b       __imp_load_??1NamedAllocator@shdfnd@physx@@QEAA@XZ 000000018004081b f   PxFoundationCHECKED_x64:PxFoundationCHECKED_x64.dll
 0001:0003f827       ??1NamedAllocator@shdfnd@physx@@QEAA@XZ 0000000180040827 f   PxFoundationCHECKED_x64:PxFoundationCHECKED_x64.dll
 0001:0003f82d       __imp_load_?allocate@NamedAllocator@shdfnd@physx@@QEAAPEAX_KPEBDH@Z 000000018004082d f   PxFoundationCHECKED_x64:PxFoundationCHECKED_x64.dll
 0001:0003f839       ?allocate@NamedAllocator@shdfnd@physx@@QEAAPEAX_KPEBDH@Z 0000000180040839 f   PxFoundationCHECKED_x64:PxFoundationCHECKED_x64.dll
 0001:0003f83f       __imp_load_?deallocate@NamedAllocator@shdfnd@physx@@QEAAXPEAX@Z 000000018004083f f   PxFoundationCHECKED_x64:PxFoundationCHECKED_x64.dll
 0001:0003f84b       ?deallocate@NamedAllocator@shdfnd@physx@@QEAAXPEAX@Z 000000018004084b f   PxFoundationCHECKED_x64:PxFoundationCHECKED_x64.dll
 0001:0003f851       __imp_load_?allocate@TempAllocator@shdfnd@physx@@QEAAPEAX_KPEBDH@Z 0000000180040851 f   PxFoundationCHECKED_x64:PxFoundationCHECKED_x64.dll
 0001:0003f85d       ?allocate@TempAllocator@shdfnd@physx@@QEAAPEAX_KPEBDH@Z 000000018004085d f   PxFoundationCHECKED_x64:PxFoundationCHECKED_x64.dll
 0001:0003f863       __imp_load_?deallocate@TempAllocator@shdfnd@physx@@QEAAXPEAX@Z 0000000180040863 f   PxFoundationCHECKED_x64:PxFoundationCHECKED_x64.dll
 0001:0003f86f       ?deallocate@TempAllocator@shdfnd@physx@@QEAAXPEAX@Z 000000018004086f f   PxFoundationCHECKED_x64:PxFoundationCHECKED_x64.dll
 0001:0003f875       __imp_load_PxGetFoundation 0000000180040875 f   PxFoundationCHECKED_x64:PxFoundationCHECKED_x64.dll
 0001:0003f881       PxGetFoundation            0000000180040881 f   PxFoundationCHECKED_x64:PxFoundationCHECKED_x64.dll
 0001:0003f887       __imp_load_?getInstance@Foundation@shdfnd@physx@@SAAEAV123@XZ 0000000180040887 f   PxFoundationCHECKED_x64:PxFoundationCHECKED_x64.dll
 0001:0003f893       ?getInstance@Foundation@shdfnd@physx@@SAAEAV123@XZ 0000000180040893 f   PxFoundationCHECKED_x64:PxFoundationCHECKED_x64.dll
 0001:0003f899       __imp_load_?error@Foundation@shdfnd@physx@@QEAAXW4Enum@PxErrorCode@3@PEBDH1ZZ 0000000180040899 f   PxFoundationCHECKED_x64:PxFoundationCHECKED_x64.dll
 0001:0003f8a5       ?error@Foundation@shdfnd@physx@@QEAAXW4Enum@PxErrorCode@3@PEBDH1ZZ 00000001800408a5 f   PxFoundationCHECKED_x64:PxFoundationCHECKED_x64.dll
 0001:0003f8ab       __imp_load_?PxDiagonalize@physx@@YA?AVPxVec3@1@AEBVPxMat33@1@AEAVPxQuat@1@@Z 00000001800408ab f   PxFoundationCHECKED_x64:PxFoundationCHECKED_x64.dll
 0001:0003f8b7       ?PxDiagonalize@physx@@YA?AVPxVec3@1@AEBVPxMat33@1@AEAVPxQuat@1@@Z 00000001800408b7 f   PxFoundationCHECKED_x64:PxFoundationCHECKED_x64.dll
 0001:0003f8bd       __imp_load_?incRefCount@Foundation@shdfnd@physx@@SAXXZ 00000001800408bd f   PxFoundationCHECKED_x64:PxFoundationCHECKED_x64.dll
 0001:0003f8c9       ?incRefCount@Foundation@shdfnd@physx@@SAXXZ 00000001800408c9 f   PxFoundationCHECKED_x64:PxFoundationCHECKED_x64.dll
 0001:0003f8cf       __imp_load_?decRefCount@Foundation@shdfnd@physx@@SAXXZ 00000001800408cf f   PxFoundationCHECKED_x64:PxFoundationCHECKED_x64.dll
 0001:0003f8db       ?decRefCount@Foundation@shdfnd@physx@@SAXXZ 00000001800408db f   PxFoundationCHECKED_x64:PxFoundationCHECKED_x64.dll
 0001:0003f8e1       __imp_load_??0FPUGuard@shdfnd@physx@@QEAA@XZ 00000001800408e1 f   PxFoundationCHECKED_x64:PxFoundationCHECKED_x64.dll
 0001:0003f8ed       ??0FPUGuard@shdfnd@physx@@QEAA@XZ 00000001800408ed f   PxFoundationCHECKED_x64:PxFoundationCHECKED_x64.dll
 0001:0003f8f3       __imp_load_??1FPUGuard@shdfnd@physx@@QEAA@XZ 00000001800408f3 f   PxFoundationCHECKED_x64:PxFoundationCHECKED_x64.dll
 0001:0003f8ff       ??1FPUGuard@shdfnd@physx@@QEAA@XZ 00000001800408ff f   PxFoundationCHECKED_x64:PxFoundationCHECKED_x64.dll
 0001:0003f905       __imp_load_?writeWord@physx@@YAXG_NAEAVPxOutputStream@1@@Z 0000000180040905 f   PhysX3CommonCHECKED_x64:PhysX3CommonCHECKED_x64.dll
 0001:0003f911       __tailMerge_PhysX3CommonCHECKED_x64_dll 0000000180040911 f i PhysX3CommonCHECKED_x64:PhysX3CommonCHECKED_x64.dll
 0001:0003f98a       ?writeWord@physx@@YAXG_NAEAVPxOutputStream@1@@Z 000000018004098a f   PhysX3CommonCHECKED_x64:PhysX3CommonCHECKED_x64.dll
 0001:0003f990       __imp_load_?writeDword@physx@@YAXI_NAEAVPxOutputStream@1@@Z 0000000180040990 f   PhysX3CommonCHECKED_x64:PhysX3CommonCHECKED_x64.dll
 0001:0003f99c       ?writeDword@physx@@YAXI_NAEAVPxOutputStream@1@@Z 000000018004099c f   PhysX3CommonCHECKED_x64:PhysX3CommonCHECKED_x64.dll
 0001:0003f9a2       __imp_load_?writeFloat@physx@@YAXM_NAEAVPxOutputStream@1@@Z 00000001800409a2 f   PhysX3CommonCHECKED_x64:PhysX3CommonCHECKED_x64.dll
 0001:0003f9ae       ?writeFloat@physx@@YAXM_NAEAVPxOutputStream@1@@Z 00000001800409ae f   PhysX3CommonCHECKED_x64:PhysX3CommonCHECKED_x64.dll
 0001:0003f9b4       __imp_load_?writeHeader@physx@@YA_NCCCCI_NAEAVPxOutputStream@1@@Z 00000001800409b4 f   PhysX3CommonCHECKED_x64:PhysX3CommonCHECKED_x64.dll
 0001:0003f9c0       ?writeHeader@physx@@YA_NCCCCI_NAEAVPxOutputStream@1@@Z 00000001800409c0 f   PhysX3CommonCHECKED_x64:PhysX3CommonCHECKED_x64.dll
 0001:0003f9c6       __imp_load_??0SourceMesh@Gu@physx@@QEAA@XZ 00000001800409c6 f   PhysX3CommonCHECKED_x64:PhysX3CommonCHECKED_x64.dll
 0001:0003f9d2       ??0SourceMesh@Gu@physx@@QEAA@XZ 00000001800409d2 f   PhysX3CommonCHECKED_x64:PhysX3CommonCHECKED_x64.dll
 0001:0003f9d8       __imp_load_??1SourceMesh@Gu@physx@@QEAA@XZ 00000001800409d8 f   PhysX3CommonCHECKED_x64:PhysX3CommonCHECKED_x64.dll
 0001:0003f9e4       ??1SourceMesh@Gu@physx@@QEAA@XZ 00000001800409e4 f   PhysX3CommonCHECKED_x64:PhysX3CommonCHECKED_x64.dll
 0001:0003f9ea       __imp_load_??0BV4Tree@Gu@physx@@QEAA@XZ 00000001800409ea f   PhysX3CommonCHECKED_x64:PhysX3CommonCHECKED_x64.dll
 0001:0003f9f6       ??0BV4Tree@Gu@physx@@QEAA@XZ 00000001800409f6 f   PhysX3CommonCHECKED_x64:PhysX3CommonCHECKED_x64.dll
 0001:0003f9fc       __imp_load_??1BV4Tree@Gu@physx@@QEAA@XZ 00000001800409fc f   PhysX3CommonCHECKED_x64:PhysX3CommonCHECKED_x64.dll
 0001:0003fa08       ??1BV4Tree@Gu@physx@@QEAA@XZ 0000000180040a08 f   PhysX3CommonCHECKED_x64:PhysX3CommonCHECKED_x64.dll
 0001:0003fa0e       __imp_load_??0BV32Tree@Gu@physx@@QEAA@XZ 0000000180040a0e f   PhysX3CommonCHECKED_x64:PhysX3CommonCHECKED_x64.dll
 0001:0003fa1a       ??0BV32Tree@Gu@physx@@QEAA@XZ 0000000180040a1a f   PhysX3CommonCHECKED_x64:PhysX3CommonCHECKED_x64.dll
 0001:0003fa20       __imp_load_??1BV32Tree@Gu@physx@@QEAA@XZ 0000000180040a20 f   PhysX3CommonCHECKED_x64:PhysX3CommonCHECKED_x64.dll
 0001:0003fa2c       ??1BV32Tree@Gu@physx@@QEAA@XZ 0000000180040a2c f   PhysX3CommonCHECKED_x64:PhysX3CommonCHECKED_x64.dll
 0001:0003fa32       __imp_load_?writeFloatBuffer@physx@@YAXPEBMI_NAEAVPxOutputStream@1@@Z 0000000180040a32 f   PhysX3CommonCHECKED_x64:PhysX3CommonCHECKED_x64.dll
 0001:0003fa3e       ?writeFloatBuffer@physx@@YAXPEBMI_NAEAVPxOutputStream@1@@Z 0000000180040a3e f   PhysX3CommonCHECKED_x64:PhysX3CommonCHECKED_x64.dll
 0001:0003fa44       __imp_load_?writeWordBuffer@physx@@YAXPEBGI_NAEAVPxOutputStream@1@@Z 0000000180040a44 f   PhysX3CommonCHECKED_x64:PhysX3CommonCHECKED_x64.dll
 0001:0003fa50       ?writeWordBuffer@physx@@YAXPEBGI_NAEAVPxOutputStream@1@@Z 0000000180040a50 f   PhysX3CommonCHECKED_x64:PhysX3CommonCHECKED_x64.dll
 0001:0003fa56       __imp_load_?computeMaxIndex@physx@@YAIPEBII@Z 0000000180040a56 f   PhysX3CommonCHECKED_x64:PhysX3CommonCHECKED_x64.dll
 0001:0003fa62       ?computeMaxIndex@physx@@YAIPEBII@Z 0000000180040a62 f   PhysX3CommonCHECKED_x64:PhysX3CommonCHECKED_x64.dll
 0001:0003fa68       __imp_load_?storeIndices@physx@@YAXIIPEBIAEAVPxOutputStream@1@_N@Z 0000000180040a68 f   PhysX3CommonCHECKED_x64:PhysX3CommonCHECKED_x64.dll
 0001:0003fa74       ?storeIndices@physx@@YAXIIPEBIAEAVPxOutputStream@1@_N@Z 0000000180040a74 f   PhysX3CommonCHECKED_x64:PhysX3CommonCHECKED_x64.dll
 0001:0003fa7a       __imp_load_?computeBoundsAroundVertices@Gu@physx@@YAXAEAVPxBounds3@2@IPEIBVPxVec3@2@@Z 0000000180040a7a f   PhysX3CommonCHECKED_x64:PhysX3CommonCHECKED_x64.dll
 0001:0003fa86       ?computeBoundsAroundVertices@Gu@physx@@YAXAEAVPxBounds3@2@IPEIBVPxVec3@2@@Z 0000000180040a86 f   PhysX3CommonCHECKED_x64:PhysX3CommonCHECKED_x64.dll
 0001:0003fa8c       __imp_load_?BuildBV4Ex@Gu@physx@@YA_NAEAVBV4Tree@12@AEAVSourceMesh@12@MI@Z 0000000180040a8c f   PhysX3CommonCHECKED_x64:PhysX3CommonCHECKED_x64.dll
 0001:0003fa98       ?BuildBV4Ex@Gu@physx@@YA_NAEAVBV4Tree@12@AEAVSourceMesh@12@MI@Z 0000000180040a98 f   PhysX3CommonCHECKED_x64:PhysX3CommonCHECKED_x64.dll
 0001:0003fa9e       __imp_load_?BuildBV32Ex@Gu@physx@@YA_NAEAVBV32Tree@12@AEAVSourceMesh@12@MI@Z 0000000180040a9e f   PhysX3CommonCHECKED_x64:PhysX3CommonCHECKED_x64.dll
 0001:0003faaa       ?BuildBV32Ex@Gu@physx@@YA_NAEAVBV32Tree@12@AEAVSourceMesh@12@MI@Z 0000000180040aaa f   PhysX3CommonCHECKED_x64:PhysX3CommonCHECKED_x64.dll
 0001:0003fab0       __imp_load_?computeMaxIndex@physx@@YAGPEBGI@Z 0000000180040ab0 f   PhysX3CommonCHECKED_x64:PhysX3CommonCHECKED_x64.dll
 0001:0003fabc       ?computeMaxIndex@physx@@YAGPEBGI@Z 0000000180040abc f   PhysX3CommonCHECKED_x64:PhysX3CommonCHECKED_x64.dll
 0001:0003fac2       __imp_load_?WriteHeader@Gu@physx@@YA_NEEEEI_NAEAVPxOutputStream@2@@Z 0000000180040ac2 f   PhysX3CommonCHECKED_x64:PhysX3CommonCHECKED_x64.dll
 0001:0003face       ?WriteHeader@Gu@physx@@YA_NEEEEI_NAEAVPxOutputStream@2@@Z 0000000180040ace f   PhysX3CommonCHECKED_x64:PhysX3CommonCHECKED_x64.dll
 0001:0003fad4       __imp_load_?StoreIndices@Gu@physx@@YAXGIPEBGAEAVPxOutputStream@2@_N@Z 0000000180040ad4 f   PhysX3CommonCHECKED_x64:PhysX3CommonCHECKED_x64.dll
 0001:0003fae0       ?StoreIndices@Gu@physx@@YAXGIPEBGAEAVPxOutputStream@2@_N@Z 0000000180040ae0 f   PhysX3CommonCHECKED_x64:PhysX3CommonCHECKED_x64.dll
 0001:0003fae6       __imp_load_?CreateOffsets@BigConvexData@physx@@IEAAXXZ 0000000180040ae6 f   PhysX3CommonCHECKED_x64:PhysX3CommonCHECKED_x64.dll
 0001:0003faf2       ?CreateOffsets@BigConvexData@physx@@IEAAXXZ 0000000180040af2 f   PhysX3CommonCHECKED_x64:PhysX3CommonCHECKED_x64.dll
 0001:0003faf8       __imp_load_??0RadixSortBuffered@Cm@physx@@QEAA@XZ 0000000180040af8 f   PhysX3CommonCHECKED_x64:PhysX3CommonCHECKED_x64.dll
 0001:0003fb04       ??0RadixSortBuffered@Cm@physx@@QEAA@XZ 0000000180040b04 f   PhysX3CommonCHECKED_x64:PhysX3CommonCHECKED_x64.dll
 0001:0003fb0a       __imp_load_??1RadixSortBuffered@Cm@physx@@UEAA@XZ 0000000180040b0a f   PhysX3CommonCHECKED_x64:PhysX3CommonCHECKED_x64.dll
 0001:0003fb16       ??1RadixSortBuffered@Cm@physx@@UEAA@XZ 0000000180040b16 f   PhysX3CommonCHECKED_x64:PhysX3CommonCHECKED_x64.dll
 0001:0003fb1c       __imp_load_?Sort@RadixSortBuffered@Cm@physx@@QEAAAEAV123@PEBIIW4RadixHint@23@@Z 0000000180040b1c f   PhysX3CommonCHECKED_x64:PhysX3CommonCHECKED_x64.dll
 0001:0003fb28       ?Sort@RadixSortBuffered@Cm@physx@@QEAAAEAV123@PEBIIW4RadixHint@23@@Z 0000000180040b28 f   PhysX3CommonCHECKED_x64:PhysX3CommonCHECKED_x64.dll
 0001:0003fb2e       __imp_load_?computeOBBPoints@Gu@physx@@YAXPEIAVPxVec3@2@AEBV32@1111@Z 0000000180040b2e f   PhysX3CommonCHECKED_x64:PhysX3CommonCHECKED_x64.dll
 0001:0003fb3a       ?computeOBBPoints@Gu@physx@@YAXPEIAVPxVec3@2@AEBV32@1111@Z 0000000180040b3a f   PhysX3CommonCHECKED_x64:PhysX3CommonCHECKED_x64.dll
 0001:0003fb40       __imp_load_??0BigConvexData@physx@@QEAA@XZ 0000000180040b40 f   PhysX3CommonCHECKED_x64:PhysX3CommonCHECKED_x64.dll
 0001:0003fb4c       ??0BigConvexData@physx@@QEAA@XZ 0000000180040b4c f   PhysX3CommonCHECKED_x64:PhysX3CommonCHECKED_x64.dll
 0001:0003fb52       __imp_load_??1BigConvexData@physx@@QEAA@XZ 0000000180040b52 f   PhysX3CommonCHECKED_x64:PhysX3CommonCHECKED_x64.dll
 0001:0003fb5e       ??1BigConvexData@physx@@QEAA@XZ 0000000180040b5e f   PhysX3CommonCHECKED_x64:PhysX3CommonCHECKED_x64.dll
 0001:0003fb64       __imp_load_?readDword@physx@@YAI_NAEAVPxInputStream@1@@Z 0000000180040b64 f   PhysX3CommonCHECKED_x64:PhysX3CommonCHECKED_x64.dll
 0001:0003fb70       ?readDword@physx@@YAI_NAEAVPxInputStream@1@@Z 0000000180040b70 f   PhysX3CommonCHECKED_x64:PhysX3CommonCHECKED_x64.dll
 0001:0003fb76       __imp_load_?ReadHeader@Gu@physx@@YA_NEEEEAEAIAEA_NAEAVPxInputStream@2@@Z 0000000180040b76 f   PhysX3CommonCHECKED_x64:PhysX3CommonCHECKED_x64.dll
 0001:0003fb82       ?ReadHeader@Gu@physx@@YA_NEEEEAEAIAEA_NAEAVPxInputStream@2@@Z 0000000180040b82 f   PhysX3CommonCHECKED_x64:PhysX3CommonCHECKED_x64.dll
 0001:0003fb88       __imp_load_??0HeightField@Gu@physx@@QEAA@PEAVGuMeshFactory@2@@Z 0000000180040b88 f   PhysX3CommonCHECKED_x64:PhysX3CommonCHECKED_x64.dll
 0001:0003fb94       ??0HeightField@Gu@physx@@QEAA@PEAVGuMeshFactory@2@@Z 0000000180040b94 f   PhysX3CommonCHECKED_x64:PhysX3CommonCHECKED_x64.dll
 0001:0003fb9a       __imp_load_?loadFromDesc@HeightField@Gu@physx@@QEAA_NAEBVPxHeightFieldDesc@3@@Z 0000000180040b9a f   PhysX3CommonCHECKED_x64:PhysX3CommonCHECKED_x64.dll
 0001:0003fba6       ?loadFromDesc@HeightField@Gu@physx@@QEAA_NAEBVPxHeightFieldDesc@3@@Z 0000000180040ba6 f   PhysX3CommonCHECKED_x64:PhysX3CommonCHECKED_x64.dll
 0001:0003fbac       __imp_load_?releaseMemory@HeightField@Gu@physx@@QEAAXXZ 0000000180040bac f   PhysX3CommonCHECKED_x64:PhysX3CommonCHECKED_x64.dll
 0001:0003fbb8       ?releaseMemory@HeightField@Gu@physx@@QEAAXXZ 0000000180040bb8 f   PhysX3CommonCHECKED_x64:PhysX3CommonCHECKED_x64.dll
 0001:0003fbbe       __imp_load_??1HeightField@Gu@physx@@UEAA@XZ 0000000180040bbe f   PhysX3CommonCHECKED_x64:PhysX3CommonCHECKED_x64.dll
 0001:0003fbca       ??1HeightField@Gu@physx@@UEAA@XZ 0000000180040bca f   PhysX3CommonCHECKED_x64:PhysX3CommonCHECKED_x64.dll
 0001:0003fbd0       ??$PFromRva@PEAP6A_JXZ@@YAPEAP6A_JXZK@Z 0000000180040bd0 f i delayimp:delayhlp.obj
 0001:0003fbe0       ??$PFromRva@PEAPEAUHINSTANCE__@@@@YAPEAPEAUHINSTANCE__@@K@Z 0000000180040be0 f i delayimp:delayhlp.obj
 0001:0003fbf0       ??$PFromRva@PEAU_IMAGE_IMPORT_BY_NAME@@@@YAPEAU_IMAGE_IMPORT_BY_NAME@@K@Z 0000000180040bf0 f i delayimp:delayhlp.obj
 0001:0003fc00       ??$PFromRva@PEAU_IMAGE_THUNK_DATA64@@@@YAPEAU_IMAGE_THUNK_DATA64@@K@Z 0000000180040c00 f i delayimp:delayhlp.obj
 0001:0003fc10       ??$PFromRva@PEBD@@YAPEBDK@Z 0000000180040c10 f i delayimp:delayhlp.obj
 0001:0003fc20       ??$PFromRva@PEBUImgDelayDescr@@@@YAPEBUImgDelayDescr@@K@Z 0000000180040c20 f i delayimp:delayhlp.obj
 0001:0003fc30       ??$PFromRva@PEBU_IMAGE_THUNK_DATA64@@@@YAPEBU_IMAGE_THUNK_DATA64@@K@Z 0000000180040c30 f i delayimp:delayhlp.obj
 0001:0003fc40       ?CountOfImports@@YAIPEBU_IMAGE_THUNK_DATA64@@@Z 0000000180040c40 f i delayimp:delayhlp.obj
 0001:0003fc5c       ?DloadAcquireSectionWriteAccess@@YAXXZ 0000000180040c5c f i delayimp:delayhlp.obj
 0001:0003fd44       ?DloadGetSRWLockFunctionPointers@@YAEXZ 0000000180040d44 f i delayimp:delayhlp.obj
 0001:0003fe08       ?DloadLock@@YAXXZ          0000000180040e08 f i delayimp:delayhlp.obj
 0001:0003fe70       ?DloadMakePermanentImageCommit@@YAXPEAX_K@Z 0000000180040e70 f i delayimp:delayhlp.obj
 0001:0003ff2c       ?DloadObtainSection@@YAPEAXPEAK0@Z 0000000180040f2c f i delayimp:delayhlp.obj
 0001:0003ffec       ?DloadProtectSection@@YAXKPEAK@Z 0000000180040fec f i delayimp:delayhlp.obj
 0001:000400a0       ?DloadReleaseSectionWriteAccess@@YAXXZ 00000001800410a0 f i delayimp:delayhlp.obj
 0001:00040170       ?DloadUnlock@@YAXXZ        0000000180041170 f i delayimp:delayhlp.obj
 0001:000401d0       ?IndexFromPImgThunkData@@YAIPEBU_IMAGE_THUNK_DATA64@@0@Z 00000001800411d0 f i delayimp:delayhlp.obj
 0001:00040364       HRESULT_FROM_WIN32         0000000180041364 f i delayimp:delayhlp.obj
 0001:00040378       ReadAcquire64              0000000180041378 f i delayimp:delayhlp.obj
 0001:0004037c       ReadPointerAcquire         000000018004137c f i delayimp:delayhlp.obj
 0001:00040380       WritePointerRelease        0000000180041380 f i delayimp:delayhlp.obj
 0001:00040384       WriteRelease64             0000000180041384 f i delayimp:delayhlp.obj
 0001:00040388       __FUnloadDelayLoadedDLL2   0000000180041388 f   delayimp:delayhlp.obj
 0001:00040470       __HrLoadAllImportsForDll   0000000180041470 f   delayimp:delayhlp.obj
 0001:00040500       __delayLoadHelper2         0000000180041500 f   delayimp:delayhlp.obj
 0001:000408b8       ??_U@YAPEAX_K@Z            00000001800418b8 f   LIBCMT:new_array.obj
 0001:000408c0       ??_V@YAXPEAX@Z             00000001800418c0 f   LIBCMT:delete_array.obj
 0001:000408e0       _alloca_probe              00000001800418e0 f   LIBCMT:_chkstk_.obj
 0001:000408e0       __chkstk                   00000001800418e0 f   LIBCMT:_chkstk_.obj
 0001:0004094c       ??3@YAXPEAX_K@Z            000000018004194c f   LIBCMT:delete_scalar_size.obj
 0001:00040954       ?__scrt_initialize_type_info@@YAXXZ 0000000180041954 f   LIBCMT:tncleanup.obj
 0001:00040968       ?__scrt_uninitialize_type_info@@YAXXZ 0000000180041968 f   LIBCMT:tncleanup.obj
 0001:00040978       ??1type_info@@UEAA@XZ      0000000180041978 f   LIBCMT:std_type_info_static.obj
 0001:00040988       ??_Etype_info@@UEAAPEAXI@Z 0000000180041988 f i LIBCMT:std_type_info_static.obj
 0001:00040988       ??_Gtype_info@@UEAAPEAXI@Z 0000000180041988 f i LIBCMT:std_type_info_static.obj
 0001:00040de0       _CRT_INIT                  0000000180041de0 f   LIBCMT:dll_dllmain.obj
 0001:00040de8       _DllMainCRTStartup         0000000180041de8 f   LIBCMT:dll_dllmain.obj
 0001:00040e34       _guard_check_icall_nop     0000000180041e34 f i LIBCMT:guard_support.obj
 0001:00040e38       _guard_icall_checks_enforced 0000000180041e38 f i LIBCMT:guard_support.obj
 0001:00040e54       ??2@YAPEAX_K@Z             0000000180041e54 f   LIBCMT:new_scalar.obj
 0001:00040ea0       ??3@YAXPEAX@Z              0000000180041ea0 f   LIBCMT:delete_scalar.obj
 0001:00040ea8       ??$__crt_fast_decode_pointer@PEAP6AXXZ@@YAPEAP6AXXZQEAP6AXXZ@Z 0000000180041ea8 f i LIBCMT:utility.obj
 0001:00040ec4       ??$__crt_fast_encode_pointer@PEAP6AXXZ@@YAPEAP6AXXZQEAP6AXXZ@Z 0000000180041ec4 f i LIBCMT:utility.obj
 0001:00040eec       ?__crt_rotate_pointer_value@@YA_K_KH@Z 0000000180041eec f i LIBCMT:utility.obj
 0001:00040ef8       ?configure_argv@__scrt_narrow_argv_policy@@SAHXZ 0000000180041ef8 f i LIBCMT:utility.obj
 0001:00040fac       NtCurrentTeb               0000000180041fac f i LIBCMT:utility.obj
 0001:00040fb8       __scrt_acquire_startup_lock 0000000180041fb8 f   LIBCMT:utility.obj
 0001:00041000       __scrt_dllmain_after_initialize_c 0000000180042000 f   LIBCMT:utility.obj
 0001:00041044       __scrt_dllmain_before_initialize_c 0000000180042044 f   LIBCMT:utility.obj
 0001:00041060       __scrt_dllmain_crt_thread_attach 0000000180042060 f   LIBCMT:utility.obj
 0001:00041094       __scrt_dllmain_crt_thread_detach 0000000180042094 f   LIBCMT:utility.obj
 0001:000410b0       __scrt_dllmain_exception_filter 00000001800420b0 f   LIBCMT:utility.obj
 0001:0004112c       __scrt_dllmain_uninitialize_c 000000018004212c f   LIBCMT:utility.obj
 0001:00041168       __scrt_dllmain_uninitialize_critical 0000000180042168 f   LIBCMT:utility.obj
 0001:00041184       __scrt_initialize_crt      0000000180042184 f   LIBCMT:utility.obj
 0001:000411e0       __scrt_initialize_onexit_tables 00000001800421e0 f   LIBCMT:utility.obj
 0001:000412dc       __scrt_is_nonwritable_in_current_image 00000001800422dc f   LIBCMT:utility.obj
 0001:0004139c       __scrt_release_startup_lock 000000018004239c f   LIBCMT:utility.obj
 0001:000413cc       __scrt_uninitialize_crt    00000001800423cc f   LIBCMT:utility.obj
 0001:00041404       _onexit                    0000000180042404 f   LIBCMT:utility.obj
 0001:00041468       at_quick_exit              0000000180042468 f   LIBCMT:utility.obj
 0001:000414ac       atexit                     00000001800424ac f   LIBCMT:utility.obj
 0001:000414c8       __security_init_cookie     00000001800424c8 f   LIBCMT:gs_support.obj
 0001:000415a0       DllMain                    00000001800425a0 f   LIBCMT:dll_dllmain_stub.obj
 0001:000415a8       __local_stdio_printf_options 00000001800425a8 f i LIBCMT:default_local_stdio_options.obj
 0001:000415b4       __local_stdio_scanf_options 00000001800425b4 f i LIBCMT:default_local_stdio_options.obj
 0001:000415c0       __scrt_initialize_default_local_stdio_options 00000001800425c0 f   LIBCMT:default_local_stdio_options.obj
 0001:000415e4       __scrt_get_dyn_tls_init_callback 00000001800425e4 f   LIBCMT:dyn_tls_init.obj
 0001:000415f0       __crt_debugger_hook        00000001800425f0 f   LIBCMT:utility_desktop.obj
 0001:000415fc       __scrt_fastfail            00000001800425fc f   LIBCMT:utility_desktop.obj
 0001:00041794       __scrt_get_show_window_mode 0000000180042794 f   LIBCMT:utility_desktop.obj
 0001:000417e0       __scrt_initialize_winrt    00000001800427e0 f   LIBCMT:utility_desktop.obj
 0001:000417e4       __scrt_is_managed_app      00000001800427e4 f   LIBCMT:utility_desktop.obj
 0001:00041850       __scrt_set_unhandled_exception_filter 0000000180042850 f   LIBCMT:utility_desktop.obj
 0001:00041864       __scrt_unhandled_exception_filter 0000000180042864 f   LIBCMT:utility_desktop.obj
 0001:000418ac       _RTC_Initialize            00000001800428ac f   LIBCMT:_initsect_.obj
 0001:00041908       _RTC_Terminate             0000000180042908 f   LIBCMT:_initsect_.obj
 0001:00041964       _guard_check_icall         0000000180042964 f i LIBCMT:checkcfg.obj
 0001:00041970       ??0bad_alloc@std@@AEAA@QEBD@Z 0000000180042970 f i LIBCMT:throw_bad_alloc.obj
 0001:00041990       ??0bad_alloc@std@@QEAA@AEBV01@@Z 0000000180042990 f i LIBCMT:throw_bad_alloc.obj
 0001:000419e0       ??0bad_alloc@std@@QEAA@XZ  00000001800429e0 f i LIBCMT:throw_bad_alloc.obj
 0001:00041a08       ??0bad_array_new_length@std@@QEAA@AEBV01@@Z 0000000180042a08 f i LIBCMT:throw_bad_alloc.obj
 0001:00041a58       ??0bad_array_new_length@std@@QEAA@XZ 0000000180042a58 f i LIBCMT:throw_bad_alloc.obj
 0001:00041a80       ??0exception@std@@QEAA@AEBV01@@Z 0000000180042a80 f i LIBCMT:throw_bad_alloc.obj
 0001:00041ac4       ??0exception@std@@QEAA@QEBDH@Z 0000000180042ac4 f i LIBCMT:throw_bad_alloc.obj
 0001:00041ae4       ??1bad_alloc@std@@UEAA@XZ  0000000180042ae4 f i LIBCMT:throw_bad_alloc.obj
 0001:00041afc       ??1bad_array_new_length@std@@UEAA@XZ 0000000180042afc f i LIBCMT:throw_bad_alloc.obj
 0001:00041b14       ??1exception@std@@UEAA@XZ  0000000180042b14 f i LIBCMT:throw_bad_alloc.obj
 0001:00041b2c       ??_Ebad_alloc@std@@UEAAPEAXI@Z 0000000180042b2c f i LIBCMT:throw_bad_alloc.obj
 0001:00041b2c       ??_Gbad_alloc@std@@UEAAPEAXI@Z 0000000180042b2c f i LIBCMT:throw_bad_alloc.obj
 0001:00041b80       ??_Gbad_array_new_length@std@@UEAAPEAXI@Z 0000000180042b80 f i LIBCMT:throw_bad_alloc.obj
 0001:00041b80       ??_Ebad_array_new_length@std@@UEAAPEAXI@Z 0000000180042b80 f i LIBCMT:throw_bad_alloc.obj
 0001:00041bd4       ??_Gexception@std@@UEAAPEAXI@Z 0000000180042bd4 f i LIBCMT:throw_bad_alloc.obj
 0001:00041bd4       ??_Eexception@std@@UEAAPEAXI@Z 0000000180042bd4 f i LIBCMT:throw_bad_alloc.obj
 0001:00041c28       ?__scrt_throw_std_bad_alloc@@YAXXZ 0000000180042c28 f   LIBCMT:throw_bad_alloc.obj
 0001:00041c50       ?__scrt_throw_std_bad_array_new_length@@YAXXZ 0000000180042c50 f   LIBCMT:throw_bad_alloc.obj
 0001:00041c78       ?what@exception@std@@UEBAPEBDXZ 0000000180042c78 f i LIBCMT:throw_bad_alloc.obj
 0001:00041c90       __isa_available_init       0000000180042c90 f   LIBCMT:_cpu_disp_.obj
 0001:00041ec8       _get_startup_argv_mode     0000000180042ec8 f   LIBCMT:argv_mode.obj
 0001:00041ed0       __scrt_is_ucrt_dll_in_use  0000000180042ed0 f   LIBCMT:ucrt_detection.obj
 0001:00041ee0       strstr                     0000000180042ee0 f   libvcruntime:strstr.obj
 0001:00042160       memcpy                     0000000180043160 f   libvcruntime:memcpy.obj
 0001:00042160       memmove                    0000000180043160 f   libvcruntime:memcpy.obj
 0001:000426c0       memset                     00000001800436c0 f   libvcruntime:memset.obj
 0001:000428cc       ??$__crt_fast_decode_pointer@P6AXXZ@@YAP6AXXZQ6AXXZ@Z 00000001800438cc f i libvcruntime:purevirt.obj
 0001:000428e8       ??$__crt_fast_encode_pointer@P6AXXZ@@YAP6AXXZQ6AXXZ@Z 00000001800438e8 f i libvcruntime:purevirt.obj
 0001:00042910       ??$__crt_interlocked_compare_exchange_pointer@$$A6AXXZ$$T$$T@@YAP6AXXZPEDS6AXXZ$$T1@Z 0000000180043910 f i libvcruntime:purevirt.obj
 0001:0004291c       ??$__crt_interlocked_exchange_pointer@$$A6AXXZP6AXXZ@@YAP6AXXZPEDS6AXXZQ6AXXZ@Z 000000018004391c f i libvcruntime:purevirt.obj
 0001:00042924       ??$__crt_interlocked_read_pointer@$$A6AXXZ@@YAP6AXXZPEDS6AXXZ@Z 0000000180043924 f i libvcruntime:purevirt.obj
[...]
 0003:00001f20       __acrt_atexit_table        00000001800baf20     libucrt:onexit.obj
 0003:00001f40       __acrt_at_quick_exit_table 00000001800baf40     libucrt:onexit.obj
 0003:00001f5c       __fma3_is_available        00000001800baf5c     libucrt:fma3_available.obj
 0003:00001f60       __use_fma3_lib             00000001800baf60     libucrt:fma3_available.obj
 0003:00002404       __mbcodepage               00000001800bb404     libucrt:mbctype.obj
 0003:00002408       __ismbcodepage             00000001800bb408     libucrt:mbctype.obj
 0003:00002410       __mbulinfo                 00000001800bb410     libucrt:mbctype.obj
 0003:00002428       __mblocalename             00000001800bb428     libucrt:mbctype.obj
 0003:00002434       __argc                     00000001800bb434     libucrt:argv_data.obj
 0003:00002438       __argv                     00000001800bb438     libucrt:argv_data.obj
 0003:00002448       __wargv                    00000001800bb448     libucrt:argv_data.obj
 0003:00002458       _acmdln                    00000001800bb458     libucrt:argv_data.obj
 0003:00002468       _wcmdln                    00000001800bb468     libucrt:argv_data.obj
 0003:00002478       _pgmptr                    00000001800bb478     libucrt:argv_data.obj
 0003:00002488       _wpgmptr                   00000001800bb488     libucrt:argv_data.obj
 0003:00002498       __acrt_heap                00000001800bb498     libucrt:heap_handle.obj
 0003:000024b0       __pioinfo                  00000001800bb4b0     libucrt:ioinit.obj
 0003:0000297c       _nhandle                   00000001800bb97c     libucrt:ioinit.obj
 0003:000029c0       __acrt_current_locale_data 00000001800bb9c0     libucrt:nlsdata.obj
 0003:000029d0       __acrt_stdout_buffer       00000001800bb9d0     libucrt:_sftbuf.obj
 0003:000029e0       __acrt_stderr_buffer       00000001800bb9e0     libucrt:_sftbuf.obj
 0003:000029f0       _nstream                   00000001800bb9f0     libucrt:_file.obj
 0003:000029f8       __piob                     00000001800bb9f8     libucrt:_file.obj
 0003:00002a04       _cflush                    00000001800bba04     libucrt:_file.obj
 0003:00002a14       __acrt_locale_changed_data 00000001800bba14     libucrt:wsetlocale.obj
 0003:00002a18       __acrt_lconv_static_null   00000001800bba18     libucrt:localeconv.obj
 0003:00002a1c       __acrt_lconv_static_W_null 00000001800bba1c     libucrt:localeconv.obj
 0003:00003828       __scrt_ucrt_dll_is_in_use  00000001800bc828     <common>
 0003:00003838       __dyn_tls_init_callback    00000001800bc838     <common>
 0003:00003850       _pDestructExceptionObject  00000001800bc850     <common>
 0005:00000000       __imp_LoadLibraryA         00000001800c4000     kernel32:KERNEL32.dll
 0005:00000008       __imp_RaiseException       00000001800c4008     kernel32:KERNEL32.dll
 0005:00000010       __imp_GetLastError         00000001800c4010     kernel32:KERNEL32.dll
 0005:00000018       __imp_GetSystemInfo        00000001800c4018     kernel32:KERNEL32.dll
 0005:00000020       __imp_VirtualProtect       00000001800c4020     kernel32:KERNEL32.dll
 0005:00000028       __imp_VirtualQuery         00000001800c4028     kernel32:KERNEL32.dll
 0005:00000030       __imp_FreeLibrary          00000001800c4030     kernel32:KERNEL32.dll
 0005:00000038       __imp_GetModuleHandleW     00000001800c4038     kernel32:KERNEL32.dll
 0005:00000040       __imp_GetProcAddress       00000001800c4040     kernel32:KERNEL32.dll
 0005:00000048       __imp_LoadLibraryExA       00000001800c4048     kernel32:KERNEL32.dll
 0005:00000050       __imp_InitializeSListHead  00000001800c4050     kernel32:KERNEL32.dll
 0005:00000058       __imp_QueryPerformanceCounter 00000001800c4058     kernel32:KERNEL32.dll
 0005:00000060       __imp_GetCurrentProcessId  00000001800c4060     kernel32:KERNEL32.dll
 0005:00000068       __imp_GetCurrentThreadId   00000001800c4068     kernel32:KERNEL32.dll
 0005:00000070       __imp_GetSystemTimeAsFileTime 00000001800c4070     kernel32:KERNEL32.dll
 0005:00000078       __imp_RtlCaptureContext    00000001800c4078     kernel32:KERNEL32.dll
 0005:00000080       __imp_RtlLookupFunctionEntry 00000001800c4080     kernel32:KERNEL32.dll
 0005:00000088       __imp_RtlVirtualUnwind     00000001800c4088     kernel32:KERNEL32.dll
 0005:00000090       __imp_IsDebuggerPresent    00000001800c4090     kernel32:KERNEL32.dll
 0005:00000098       __imp_UnhandledExceptionFilter 00000001800c4098     kernel32:KERNEL32.dll
 0005:000000a0       __imp_SetUnhandledExceptionFilter 00000001800c40a0     kernel32:KERNEL32.dll
 0005:000000a8       __imp_GetStartupInfoW      00000001800c40a8     kernel32:KERNEL32.dll
 0005:000000b0       __imp_IsProcessorFeaturePresent 00000001800c40b0     kernel32:KERNEL32.dll
 0005:000000b8       __imp_InterlockedPushEntrySList 00000001800c40b8     kernel32:KERNEL32.dll
 0005:000000c0       __imp_InterlockedFlushSList 00000001800c40c0     kernel32:KERNEL32.dll
 0005:000000c8       __imp_RtlUnwindEx          00000001800c40c8     kernel32:KERNEL32.dll
 0005:000000d0       __imp_RtlPcToFileHeader    00000001800c40d0     kernel32:KERNEL32.dll
 0005:000000d8       __imp_SetLastError         00000001800c40d8     kernel32:KERNEL32.dll
 0005:000000e0       __imp_EnterCriticalSection 00000001800c40e0     kernel32:KERNEL32.dll
 0005:000000e8       __imp_LeaveCriticalSection 00000001800c40e8     kernel32:KERNEL32.dll
 0005:000000f0       __imp_DeleteCriticalSection 00000001800c40f0     kernel32:KERNEL32.dll
 0005:000000f8       __imp_InitializeCriticalSectionAndSpinCount 00000001800c40f8     kernel32:KERNEL32.dll
 0005:00000100       __imp_TlsAlloc             00000001800c4100     kernel32:KERNEL32.dll
 0005:00000108       __imp_TlsGetValue          00000001800c4108     kernel32:KERNEL32.dll
 0005:00000110       __imp_TlsSetValue          00000001800c4110     kernel32:KERNEL32.dll
 0005:00000118       __imp_TlsFree              00000001800c4118     kernel32:KERNEL32.dll
 0005:00000120       __imp_LoadLibraryExW       00000001800c4120     kernel32:KERNEL32.dll
 0005:00000128       __imp_GetCurrentProcess    00000001800c4128     kernel32:KERNEL32.dll
 0005:00000130       __imp_ExitProcess          00000001800c4130     kernel32:KERNEL32.dll
 0005:00000138       __imp_TerminateProcess     00000001800c4138     kernel32:KERNEL32.dll
 0005:00000140       __imp_GetModuleHandleExW   00000001800c4140     kernel32:KERNEL32.dll
 0005:00000148       __imp_GetModuleFileNameA   00000001800c4148     kernel32:KERNEL32.dll
 0005:00000150       __imp_GetModuleFileNameW   00000001800c4150     kernel32:KERNEL32.dll
 0005:00000158       __imp_MultiByteToWideChar  00000001800c4158     kernel32:KERNEL32.dll
 0005:00000160       __imp_WideCharToMultiByte  00000001800c4160     kernel32:KERNEL32.dll
 0005:00000168       __imp_HeapFree             00000001800c4168     kernel32:KERNEL32.dll
 0005:00000170       __imp_HeapAlloc            00000001800c4170     kernel32:KERNEL32.dll
 0005:00000178       __imp_GetCurrentThread     00000001800c4178     kernel32:KERNEL32.dll
 0005:00000180       __imp_GetDateFormatW       00000001800c4180     kernel32:KERNEL32.dll
 0005:00000188       __imp_GetTimeFormatW       00000001800c4188     kernel32:KERNEL32.dll
 0005:00000190       __imp_CompareStringW       00000001800c4190     kernel32:KERNEL32.dll
 0005:00000198       __imp_LCMapStringW         00000001800c4198     kernel32:KERNEL32.dll
 0005:000001a0       __imp_GetLocaleInfoW       00000001800c41a0     kernel32:KERNEL32.dll
 0005:000001a8       __imp_IsValidLocale        00000001800c41a8     kernel32:KERNEL32.dll
 0005:000001b0       __imp_GetUserDefaultLCID   00000001800c41b0     kernel32:KERNEL32.dll
 0005:000001b8       __imp_EnumSystemLocalesW   00000001800c41b8     kernel32:KERNEL32.dll
 0005:000001c0       __imp_FindClose            00000001800c41c0     kernel32:KERNEL32.dll
 0005:000001c8       __imp_FindFirstFileExA     00000001800c41c8     kernel32:KERNEL32.dll
 0005:000001d0       __imp_FindFirstFileExW     00000001800c41d0     kernel32:KERNEL32.dll
 0005:000001d8       __imp_FindNextFileA        00000001800c41d8     kernel32:KERNEL32.dll
 0005:000001e0       __imp_FindNextFileW        00000001800c41e0     kernel32:KERNEL32.dll
 0005:000001e8       __imp_IsValidCodePage      00000001800c41e8     kernel32:KERNEL32.dll
 0005:000001f0       __imp_GetACP               00000001800c41f0     kernel32:KERNEL32.dll
 0005:000001f8       __imp_GetOEMCP             00000001800c41f8     kernel32:KERNEL32.dll
 0005:00000200       __imp_GetCPInfo            00000001800c4200     kernel32:KERNEL32.dll
 0005:00000208       __imp_GetCommandLineA      00000001800c4208     kernel32:KERNEL32.dll
 0005:00000210       __imp_GetCommandLineW      00000001800c4210     kernel32:KERNEL32.dll
 0005:00000218       __imp_GetEnvironmentStringsW 00000001800c4218     kernel32:KERNEL32.dll
 0005:00000220       __imp_FreeEnvironmentStringsW 00000001800c4220     kernel32:KERNEL32.dll
 0005:00000228       __imp_SetEnvironmentVariableA 00000001800c4228     kernel32:KERNEL32.dll
 0005:00000230       __imp_SetEnvironmentVariableW 00000001800c4230     kernel32:KERNEL32.dll
 0005:00000238       __imp_GetProcessHeap       00000001800c4238     kernel32:KERNEL32.dll
 0005:00000240       __imp_GetStdHandle         00000001800c4240     kernel32:KERNEL32.dll
 0005:00000248       __imp_GetFileType          00000001800c4248     kernel32:KERNEL32.dll
 0005:00000250       __imp_SetConsoleCtrlHandler 00000001800c4250     kernel32:KERNEL32.dll
 0005:00000258       __imp_GetStringTypeW       00000001800c4258     kernel32:KERNEL32.dll
 0005:00000260       __imp_HeapSize             00000001800c4260     kernel32:KERNEL32.dll
 0005:00000268       __imp_HeapReAlloc          00000001800c4268     kernel32:KERNEL32.dll
 0005:00000270       __imp_SetStdHandle         00000001800c4270     kernel32:KERNEL32.dll
 0005:00000278       __imp_WriteFile            00000001800c4278     kernel32:KERNEL32.dll
 0005:00000280       __imp_FlushFileBuffers     00000001800c4280     kernel32:KERNEL32.dll
 0005:00000288       __imp_GetConsoleCP         00000001800c4288     kernel32:KERNEL32.dll
 0005:00000290       __imp_GetConsoleMode       00000001800c4290     kernel32:KERNEL32.dll
 0005:00000298       __imp_SetFilePointerEx     00000001800c4298     kernel32:KERNEL32.dll
 0005:000002a0       __imp_OutputDebugStringA   00000001800c42a0     kernel32:KERNEL32.dll
 0005:000002a8       __imp_OutputDebugStringW   00000001800c42a8     kernel32:KERNEL32.dll
 0005:000002b0       __imp_CloseHandle          00000001800c42b0     kernel32:KERNEL32.dll
 0005:000002b8       __imp_WaitForSingleObjectEx 00000001800c42b8     kernel32:KERNEL32.dll
 0005:000002c0       __imp_CreateThread         00000001800c42c0     kernel32:KERNEL32.dll
 0005:000002c8       __imp_WriteConsoleW        00000001800c42c8     kernel32:KERNEL32.dll
 0005:000002d0       __imp_CreateFileW          00000001800c42d0     kernel32:KERNEL32.dll
 0005:000002d8       \177KERNEL32_NULL_THUNK_DATA 00000001800c42d8     kernel32:KERNEL32.dll
 0005:000003c0       __IMPORT_DESCRIPTOR_KERNEL32 00000001800c43c0     kernel32:KERNEL32.dll
 0005:000003d4       __NULL_IMPORT_DESCRIPTOR   00000001800c43d4     kernel32:KERNEL32.dll
 0006:00000000       __DELAY_IMPORT_DESCRIPTOR_PxFoundationCHECKED_x64_dll 00000001800c6000     PxFoundationCHECKED_x64:PxFoundationCHECKED_x64.dll
 0006:00000020       __DELAY_IMPORT_DESCRIPTOR_PhysX3CommonCHECKED_x64_dll 00000001800c6020     PhysX3CommonCHECKED_x64:PhysX3CommonCHECKED_x64.dll
 0006:00000040       __NULL_DELAY_IMPORT_DESCRIPTOR 00000001800c6040     PxFoundationCHECKED_x64:PxFoundationCHECKED_x64.dll
 0006:00000168       \177PhysX3CommonCHECKED_x64_NULL_THUNK_DATA_DLN 00000001800c6168     PhysX3CommonCHECKED_x64:PhysX3CommonCHECKED_x64.dll
 0006:00000270       \177PxFoundationCHECKED_x64_NULL_THUNK_DATA_DLN 00000001800c6270     PxFoundationCHECKED_x64:PxFoundationCHECKED_x64.dll
 0006:000002e0       __imp_??1BV4Tree@Gu@physx@@QEAA@XZ 00000001800c62e0     PhysX3CommonCHECKED_x64:PhysX3CommonCHECKED_x64.dll
 0006:000002e8       __imp_?releaseMemory@HeightField@Gu@physx@@QEAAXXZ 00000001800c62e8     PhysX3CommonCHECKED_x64:PhysX3CommonCHECKED_x64.dll
 0006:000002f0       __imp_?loadFromDesc@HeightField@Gu@physx@@QEAA_NAEBVPxHeightFieldDesc@3@@Z 00000001800c62f0     PhysX3CommonCHECKED_x64:PhysX3CommonCHECKED_x64.dll
 0006:000002f8       __imp_??0HeightField@Gu@physx@@QEAA@PEAVGuMeshFactory@2@@Z 00000001800c62f8     PhysX3CommonCHECKED_x64:PhysX3CommonCHECKED_x64.dll
 0006:00000300       __imp_?ReadHeader@Gu@physx@@YA_NEEEEAEAIAEA_NAEAVPxInputStream@2@@Z 00000001800c6300     PhysX3CommonCHECKED_x64:PhysX3CommonCHECKED_x64.dll
 0006:00000308       __imp_?readDword@physx@@YAI_NAEAVPxInputStream@1@@Z 00000001800c6308     PhysX3CommonCHECKED_x64:PhysX3CommonCHECKED_x64.dll
 0006:00000310       __imp_??1BigConvexData@physx@@QEAA@XZ 00000001800c6310     PhysX3CommonCHECKED_x64:PhysX3CommonCHECKED_x64.dll
 0006:00000318       __imp_??0BigConvexData@physx@@QEAA@XZ 00000001800c6318     PhysX3CommonCHECKED_x64:PhysX3CommonCHECKED_x64.dll
 0006:00000320       __imp_?computeOBBPoints@Gu@physx@@YAXPEIAVPxVec3@2@AEBV32@1111@Z 00000001800c6320     PhysX3CommonCHECKED_x64:PhysX3CommonCHECKED_x64.dll
 0006:00000328       __imp_?Sort@RadixSortBuffered@Cm@physx@@QEAAAEAV123@PEBIIW4RadixHint@23@@Z 00000001800c6328     PhysX3CommonCHECKED_x64:PhysX3CommonCHECKED_x64.dll
 0006:00000330       __imp_??1RadixSortBuffered@Cm@physx@@UEAA@XZ 00000001800c6330     PhysX3CommonCHECKED_x64:PhysX3CommonCHECKED_x64.dll
 0006:00000338       __imp_??0RadixSortBuffered@Cm@physx@@QEAA@XZ 00000001800c6338     PhysX3CommonCHECKED_x64:PhysX3CommonCHECKED_x64.dll
 0006:00000340       __imp_?CreateOffsets@BigConvexData@physx@@IEAAXXZ 00000001800c6340     PhysX3CommonCHECKED_x64:PhysX3CommonCHECKED_x64.dll
 0006:00000348       __imp_?StoreIndices@Gu@physx@@YAXGIPEBGAEAVPxOutputStream@2@_N@Z 00000001800c6348     PhysX3CommonCHECKED_x64:PhysX3CommonCHECKED_x64.dll
 0006:00000350       __imp_?WriteHeader@Gu@physx@@YA_NEEEEI_NAEAVPxOutputStream@2@@Z 00000001800c6350     PhysX3CommonCHECKED_x64:PhysX3CommonCHECKED_x64.dll
 0006:00000358       __imp_?computeMaxIndex@physx@@YAGPEBGI@Z 00000001800c6358     PhysX3CommonCHECKED_x64:PhysX3CommonCHECKED_x64.dll
 0006:00000360       __imp_?BuildBV32Ex@Gu@physx@@YA_NAEAVBV32Tree@12@AEAVSourceMesh@12@MI@Z 00000001800c6360     PhysX3CommonCHECKED_x64:PhysX3CommonCHECKED_x64.dll
 0006:00000368       __imp_?writeWord@physx@@YAXG_NAEAVPxOutputStream@1@@Z 00000001800c6368     PhysX3CommonCHECKED_x64:PhysX3CommonCHECKED_x64.dll
 0006:00000370       __imp_?writeDword@physx@@YAXI_NAEAVPxOutputStream@1@@Z 00000001800c6370     PhysX3CommonCHECKED_x64:PhysX3CommonCHECKED_x64.dll
 0006:00000378       __imp_?writeFloat@physx@@YAXM_NAEAVPxOutputStream@1@@Z 00000001800c6378     PhysX3CommonCHECKED_x64:PhysX3CommonCHECKED_x64.dll
 0006:00000380       __imp_?writeHeader@physx@@YA_NCCCCI_NAEAVPxOutputStream@1@@Z 00000001800c6380     PhysX3CommonCHECKED_x64:PhysX3CommonCHECKED_x64.dll
 0006:00000388       __imp_??0SourceMesh@Gu@physx@@QEAA@XZ 00000001800c6388     PhysX3CommonCHECKED_x64:PhysX3CommonCHECKED_x64.dll
 0006:00000390       __imp_??1SourceMesh@Gu@physx@@QEAA@XZ 00000001800c6390     PhysX3CommonCHECKED_x64:PhysX3CommonCHECKED_x64.dll
 0006:00000398       __imp_??0BV4Tree@Gu@physx@@QEAA@XZ 00000001800c6398     PhysX3CommonCHECKED_x64:PhysX3CommonCHECKED_x64.dll
 0006:000003a0       __imp_??1HeightField@Gu@physx@@UEAA@XZ 00000001800c63a0     PhysX3CommonCHECKED_x64:PhysX3CommonCHECKED_x64.dll
 0006:000003a8       __imp_??0BV32Tree@Gu@physx@@QEAA@XZ 00000001800c63a8     PhysX3CommonCHECKED_x64:PhysX3CommonCHECKED_x64.dll
 0006:000003b0       __imp_??1BV32Tree@Gu@physx@@QEAA@XZ 00000001800c63b0     PhysX3CommonCHECKED_x64:PhysX3CommonCHECKED_x64.dll
 0006:000003b8       __imp_?writeFloatBuffer@physx@@YAXPEBMI_NAEAVPxOutputStream@1@@Z 00000001800c63b8     PhysX3CommonCHECKED_x64:PhysX3CommonCHECKED_x64.dll
 0006:000003c0       __imp_?writeWordBuffer@physx@@YAXPEBGI_NAEAVPxOutputStream@1@@Z 00000001800c63c0     PhysX3CommonCHECKED_x64:PhysX3CommonCHECKED_x64.dll
 0006:000003c8       __imp_?computeMaxIndex@physx@@YAIPEBII@Z 00000001800c63c8     PhysX3CommonCHECKED_x64:PhysX3CommonCHECKED_x64.dll
 0006:000003d0       __imp_?storeIndices@physx@@YAXIIPEBIAEAVPxOutputStream@1@_N@Z 00000001800c63d0     PhysX3CommonCHECKED_x64:PhysX3CommonCHECKED_x64.dll
 0006:000003d8       __imp_?computeBoundsAroundVertices@Gu@physx@@YAXAEAVPxBounds3@2@IPEIBVPxVec3@2@@Z 00000001800c63d8     PhysX3CommonCHECKED_x64:PhysX3CommonCHECKED_x64.dll
 0006:000003e0       __imp_?BuildBV4Ex@Gu@physx@@YA_NAEAVBV4Tree@12@AEAVSourceMesh@12@MI@Z 00000001800c63e0     PhysX3CommonCHECKED_x64:PhysX3CommonCHECKED_x64.dll
 0006:000003e8       \177PhysX3CommonCHECKED_x64_NULL_THUNK_DATA_DLA 00000001800c63e8     PhysX3CommonCHECKED_x64:PhysX3CommonCHECKED_x64.dll
 0006:00000470       __imp_??1FPUGuard@shdfnd@physx@@QEAA@XZ 00000001800c6470     PxFoundationCHECKED_x64:PxFoundationCHECKED_x64.dll
 0006:00000478       __imp_??0FPUGuard@shdfnd@physx@@QEAA@XZ 00000001800c6478     PxFoundationCHECKED_x64:PxFoundationCHECKED_x64.dll
 0006:00000480       __imp_?decRefCount@Foundation@shdfnd@physx@@SAXXZ 00000001800c6480     PxFoundationCHECKED_x64:PxFoundationCHECKED_x64.dll
 0006:00000488       __imp_?incRefCount@Foundation@shdfnd@physx@@SAXXZ 00000001800c6488     PxFoundationCHECKED_x64:PxFoundationCHECKED_x64.dll
 0006:00000490       __imp_?PxDiagonalize@physx@@YA?AVPxVec3@1@AEBVPxMat33@1@AEAVPxQuat@1@@Z 00000001800c6490     PxFoundationCHECKED_x64:PxFoundationCHECKED_x64.dll
 0006:00000498       __imp_?error@Foundation@shdfnd@physx@@QEAAXW4Enum@PxErrorCode@3@PEBDH1ZZ 00000001800c6498     PxFoundationCHECKED_x64:PxFoundationCHECKED_x64.dll
 0006:000004a0       __imp_?getInstance@Foundation@shdfnd@physx@@SAAEAV123@XZ 00000001800c64a0     PxFoundationCHECKED_x64:PxFoundationCHECKED_x64.dll
 0006:000004a8       __imp_PxGetFoundation      00000001800c64a8     PxFoundationCHECKED_x64:PxFoundationCHECKED_x64.dll
 0006:000004b0       __imp_?deallocate@TempAllocator@shdfnd@physx@@QEAAXPEAX@Z 00000001800c64b0     PxFoundationCHECKED_x64:PxFoundationCHECKED_x64.dll
 0006:000004b8       __imp_?allocate@TempAllocator@shdfnd@physx@@QEAAPEAX_KPEBDH@Z 00000001800c64b8     PxFoundationCHECKED_x64:PxFoundationCHECKED_x64.dll
 0006:000004c0       __imp_?deallocate@NamedAllocator@shdfnd@physx@@QEAAXPEAX@Z 00000001800c64c0     PxFoundationCHECKED_x64:PxFoundationCHECKED_x64.dll
 0006:000004c8       __imp_?allocate@NamedAllocator@shdfnd@physx@@QEAAPEAX_KPEBDH@Z 00000001800c64c8     PxFoundationCHECKED_x64:PxFoundationCHECKED_x64.dll
 0006:000004d0       __imp_??1NamedAllocator@shdfnd@physx@@QEAA@XZ 00000001800c64d0     PxFoundationCHECKED_x64:PxFoundationCHECKED_x64.dll
 0006:000004d8       __imp_??0NamedAllocator@shdfnd@physx@@QEAA@AEBV012@@Z 00000001800c64d8     PxFoundationCHECKED_x64:PxFoundationCHECKED_x64.dll
 0006:000004e0       __imp_??0NamedAllocator@shdfnd@physx@@QEAA@PEBD@Z 00000001800c64e0     PxFoundationCHECKED_x64:PxFoundationCHECKED_x64.dll
 0006:000004e8       __imp_?getAllocator@shdfnd@physx@@YAAEAVPxAllocatorCallback@2@XZ 00000001800c64e8     PxFoundationCHECKED_x64:PxFoundationCHECKED_x64.dll
 0006:000004f0       \177PxFoundationCHECKED_x64_NULL_THUNK_DATA_DLA 00000001800c64f0     PxFoundationCHECKED_x64:PxFoundationCHECKED_x64.dll
 0006:000010f8       \177PxFoundationCHECKED_x64_NULL_THUNK_DATA_DLB 00000001800c70f8     PxFoundationCHECKED_x64:PxFoundationCHECKED_x64.dll
 0006:00001180       \177PhysX3CommonCHECKED_x64_NULL_THUNK_DATA_DLB 00000001800c7180     PhysX3CommonCHECKED_x64:PhysX3CommonCHECKED_x64.dll
 0008:00000000       __guard_check_icall_fptr   00000001800c9000     LIBCMT:guard_support.obj
 0008:00000010       __guard_dispatch_icall_fptr 00000001800c9010     LIBCMT:guard_support.obj
