 PhysX3CommonCHECKED_x64

 Timestamp is 592c63f9 (Mon May 29 20:10:01 2017)

 Preferred load address is 0000000180000000

 Start         Length     Name                   Class
 0001:00000000 0000f9d0H .text$di                CODE
 0001:0000f9d0 00205ea0H .text$mn                CODE
 0001:00215870 00001020H .text$mn$00             CODE
 0001:00216890 000017ceH .text$x                 CODE
 0002:00000000 00000110H .CRT$XCA                DATA
 0002:00000110 00001cc8H .CRT$XCU                DATA
 0002:00001dd8 00000110H .CRT$XCZ                DATA
 0002:00001ee8 00000110H .CRT$XIA                DATA
 0002:00001ff8 00000130H .CRT$XIC                DATA
 0002:00002128 00000110H .CRT$XIZ                DATA
 0002:00002238 00000110H .CRT$XPA                DATA
 0002:00002348 00000120H .CRT$XPX                DATA
 0002:00002468 00000110H .CRT$XPXA               DATA
 0002:00002578 00000110H .CRT$XPZ                DATA
 0002:00002688 00000110H .CRT$XTA                DATA
 0002:00002798 00000118H .CRT$XTZ                DATA
 0002:000028b0 000122f8H .rdata                  DATA
 0002:00014ba8 000004ecH .rdata$r                DATA
 0002:00015094 0000018cH .rdata$zzzdbg           DATA
 0002:00015220 00000110H .rtc$IAA                DATA
 0002:00015330 00000110H .rtc$IZZ                DATA
 0002:00015440 00000110H .rtc$TAA                DATA
 0002:00015550 00000110H .rtc$TZZ                DATA
 0002:00015660 000165b0H .xdata                  DATA
 0002:0002bc10 0000c6efH .edata                  DATA
 0003:00000000 00001918H .data                   DATA
 0003:00001918 00000618H .data$r                 DATA
 0003:00001f30 000056e1H .bss                    DATA
 0004:00000000 0000be20H .pdata                  DATA
 0005:00000000 000003b8H .idata$5                DATA
 0005:000003b8 00000014H .idata$2                DATA
 0005:000003cc 00000014H .idata$3                DATA
 0005:000003e0 000003b8H .idata$4                DATA
 0005:00000798 00000871H .idata$6                DATA
 0006:00000000 00000020H .didat$2                DATA
 0006:00000020 00000020H .didat$3                DATA
 0006:00000040 00000128H .didat$4                DATA
 0006:00000168 00000128H .didat$5                DATA
 0006:00000290 00000590H .didat$6                DATA
 0006:00000820 000001caH .didat$7                DATA
 0007:00000000 00000220H .gfids$x                DATA
 0007:00000220 000001a5H .gfids$y                DATA
 0008:00000000 0000011bH .00cfg                  DATA
 0009:00000000 000001c0H .rsrc$01                DATA
 0009:000001c0 000006a9H .rsrc$02                DATA

  Address         Publics by Value              Rva+Base               Lib:Object

 0000:00000000       __guard_longjmp_count      0000000000000000     <absolute>
 0000:00000000       __guard_fids_count         0000000000000000     <absolute>
 0000:00000000       __guard_iat_count          0000000000000000     <absolute>
 0000:00000000       __dynamic_value_reloc_table 0000000000000000     <absolute>
 0000:00000000       __guard_longjmp_table      0000000000000000     <absolute>
 0000:00000000       __guard_fids_table         0000000000000000     <absolute>
 0000:00000000       __guard_iat_table          0000000000000000     <absolute>
 0000:00000000       ___safe_se_handler_count   0000000000000000     <absolute>
 0000:00000000       ___safe_se_handler_table   0000000000000000     <absolute>
 0000:00000100       __guard_flags              0000000000000100     <absolute>
 0000:00000000       __ImageBase                0000000180000000     <linker-defined>
 0001:0000f9d0       PxSetPhysXCommonDelayLoadHook 00000001800109d0 f   CmWindowsDelayLoadHook.obj
 0001:0000f9e0       ?delayHook@@YAP6A_JXZIPEAUDelayLoadInfo@@@Z 00000001800109e0 f   CmWindowsDelayLoadHook.obj
 0001:0000fa40       ?foundationDliNotePreLoadLibrary@shdfnd@physx@@YAP6A_JXZPEBDPEBVPxFoundationDelayLoadHook@2@@Z 0000000180010a40 f i CmWindowsDelayLoadHook.obj
 0001:0000fb60       ?physXCommonDliNotePreLoadLibrary@Cm@physx@@YAP6A_JXZPEBDPEBVPxDelayLoadHook@2@@Z 0000000180010b60 f i CmWindowsDelayLoadHook.obj
 0001:0000fda0       ??0CmModuleUpdateLoader@Cm@physx@@QEAA@PEBD@Z 0000000180010da0 f   CmWindowsModuleUpdateLoader.obj
 0001:0000fdf0       ??1CmModuleUpdateLoader@Cm@physx@@QEAA@XZ 0000000180010df0 f   CmWindowsModuleUpdateLoader.obj
 0001:0000fe20       ?LoadModule@CmModuleUpdateLoader@Cm@physx@@QEAAPEAUHINSTANCE__@@PEBD0@Z 0000000180010e20 f   CmWindowsModuleUpdateLoader.obj
 0001:0000fe70       ??0Allocator@shdfnd@physx@@QEAA@PEBD@Z 0000000180010e70 f i CmWindowsModuleUpdateLoader.obj
 0001:0000fe80       ??0PxFoundation@physx@@QEAA@AEBV01@@Z 0000000180010e80 f i CmWindowsModuleUpdateLoader.obj
 0001:0000fea0       ??0PxFoundation@physx@@QEAA@XZ 0000000180010ea0 f i CmWindowsModuleUpdateLoader.obj
 0001:0000fec0       ??1PxFoundation@physx@@MEAA@XZ 0000000180010ec0 f i CmWindowsModuleUpdateLoader.obj
 0001:0000fed0       ??4Allocator@shdfnd@physx@@QEAAAEAV012@$$QEAV012@@Z 0000000180010ed0 f i CmWindowsModuleUpdateLoader.obj
 0001:0000fee0       ??4Allocator@shdfnd@physx@@QEAAAEAV012@AEBV012@@Z 0000000180010ee0 f i CmWindowsModuleUpdateLoader.obj
 0001:0000fef0       ??4CmModuleUpdateLoader@Cm@physx@@QEAAAEAV012@AEBV012@@Z 0000000180010ef0 f i CmWindowsModuleUpdateLoader.obj
 0001:0000ff00       ??4MutexImpl@shdfnd@physx@@QEAAAEAV012@AEBV012@@Z 0000000180010f00 f i CmWindowsModuleUpdateLoader.obj
 0001:0000ff10       ??4PxFoundation@physx@@QEAAAEAV01@AEBV01@@Z 0000000180010f10 f i CmWindowsModuleUpdateLoader.obj
 0001:0000ff20       ??_EPxFoundation@physx@@MEAAPEAXI@Z 0000000180010f20 f i CmWindowsModuleUpdateLoader.obj
 0001:0000ffd0       ??_FAllocator@shdfnd@physx@@QEAAXXZ 0000000180010fd0 f i CmWindowsModuleUpdateLoader.obj
 0001:0000ffe0       ??_FNamedAllocator@shdfnd@physx@@QEAAXXZ 0000000180010fe0 f i CmWindowsModuleUpdateLoader.obj
 0001:0000fff0       ??_GPxFoundation@physx@@MEAAPEAXI@Z 0000000180010ff0 f i CmWindowsModuleUpdateLoader.obj
 0001:00010030       ??_I@YAXPEAX_K1P6AX0@Z@Z   0000000180011030 f i CmWindowsModuleUpdateLoader.obj
 0001:000100a0       ?__empty_global_delete@@YAXPEAX@Z 00000001800110a0 f i CmWindowsModuleUpdateLoader.obj
 0001:000100b0       ?__empty_global_delete@@YAXPEAX_K@Z 00000001800110b0 f i CmWindowsModuleUpdateLoader.obj
 0001:000100c0       ?getAllocator@Foundation@shdfnd@physx@@QEAAAEAVPxAllocatorCallback@3@XZ 00000001800110c0 f i CmWindowsModuleUpdateLoader.obj
 0001:000100d0       ?getAllocatorCallback@Foundation@shdfnd@physx@@UEAAAEAVPxAllocatorCallback@3@XZ 00000001800110d0 f i CmWindowsModuleUpdateLoader.obj
 0001:000100e0       ?getErrorCallback@Foundation@shdfnd@physx@@UEAAAEAVPxErrorCallback@3@XZ 00000001800110e0 f i CmWindowsModuleUpdateLoader.obj
 0001:000100f0       ?getErrorLevel@Foundation@shdfnd@physx@@UEBA?AW4Enum@PxErrorCode@3@XZ 00000001800110f0 f i CmWindowsModuleUpdateLoader.obj
 0001:00010100       ?getInternalErrorCallback@Foundation@shdfnd@physx@@QEAAAEAVPxErrorCallback@3@XZ 0000000180011100 f i CmWindowsModuleUpdateLoader.obj
 0001:00010110       ?getNamedAllocMap@Foundation@shdfnd@physx@@QEAAAEAV?$HashMap@PEBVNamedAllocator@shdfnd@physx@@PEBDU?$Hash@PEBVNamedAllocator@shdfnd@physx@@@23@VNonTrackingAllocator@23@@23@XZ 0000000180011110 f i CmWindowsModuleUpdateLoader.obj
 0001:00010120       ?getNamedAllocMutex@Foundation@shdfnd@physx@@QEAAAEAV?$MutexT@VAllocator@shdfnd@physx@@@23@XZ 0000000180011120 f i CmWindowsModuleUpdateLoader.obj
 0001:00010130       ?getReportAllocationNames@Foundation@shdfnd@physx@@UEBA_NXZ 0000000180011130 f i CmWindowsModuleUpdateLoader.obj
 0001:00010140       ?getTempAllocFreeTable@Foundation@shdfnd@physx@@QEAAAEAV?$Array@PEATTempAllocatorChunk@shdfnd@physx@@VAllocator@23@@23@XZ 0000000180011140 f i CmWindowsModuleUpdateLoader.obj
 0001:00010150       ?getTempAllocMutex@Foundation@shdfnd@physx@@QEAAAEAV?$MutexT@VAllocator@shdfnd@physx@@@23@XZ 0000000180011150 f i CmWindowsModuleUpdateLoader.obj
 0001:00010160       ?setErrorLevel@Foundation@shdfnd@physx@@UEAAXW4Enum@PxErrorCode@3@@Z 0000000180011160 f i CmWindowsModuleUpdateLoader.obj
 0001:00010170       ?setReportAllocationNames@Foundation@shdfnd@physx@@UEAAX_N@Z 0000000180011170 f i CmWindowsModuleUpdateLoader.obj
 0001:00010180       ?CompleteBoxPruning@Cm@physx@@YA_NPEBVPxBounds3@2@IAEAV?$Array@IVNamedAllocator@shdfnd@physx@@@shdfnd@2@AEBVAxes@Gu@2@@Z 0000000180011180 f   CmBoxPruning.obj
 0001:00010490       ?BipartiteBoxPruning@Cm@physx@@YA_NPEBVPxBounds3@2@I0IAEAV?$Array@IVNamedAllocator@shdfnd@physx@@@shdfnd@2@AEBVAxes@Gu@2@@Z 0000000180011490 f   CmBoxPruning.obj
 0001:00010cf0       ?GetNbHits@RadixSort@Cm@physx@@QEBAIXZ 0000000180011cf0 f i CmBoxPruning.obj
 0001:00010d00       ?GetNbTotalCalls@RadixSort@Cm@physx@@QEBAIXZ 0000000180011d00 f i CmBoxPruning.obj
 0001:00010d10       ?GetRanks@RadixSort@Cm@physx@@QEBAPEBIXZ 0000000180011d10 f i CmBoxPruning.obj
 0001:00010d20       ?GetRecyclable@RadixSort@Cm@physx@@QEBAPEAIXZ 0000000180011d20 f i CmBoxPruning.obj
 0001:00010d30       ?growAndPushBack@?$Array@IVNamedAllocator@shdfnd@physx@@@shdfnd@physx@@IEAAAEAIAEBI@Z 0000000180011d30 f i CmBoxPruning.obj
 0001:00010e40       ?PxCreateCollection@@YAPEAVPxCollection@physx@@XZ 0000000180011e40 f   CmCollection.obj
 0001:00010ec0       ?add@Collection@Cm@physx@@UEAAXAEAVPxBase@3@_K@Z 0000000180011ec0 f   CmCollection.obj
 0001:00010fc0       ?remove@Collection@Cm@physx@@UEAAXAEAVPxBase@3@@Z 0000000180011fc0 f   CmCollection.obj
 0001:00011110       ?contains@Collection@Cm@physx@@UEBA_NAEAVPxBase@3@@Z 0000000180012110 f   CmCollection.obj
 0001:000111d0       ?addId@Collection@Cm@physx@@UEAAXAEAVPxBase@3@_K@Z 00000001800121d0 f   CmCollection.obj
 0001:000113c0       ?removeId@Collection@Cm@physx@@UEAAX_K@Z 00000001800123c0 f   CmCollection.obj
 0001:000114b0       ?find@Collection@Cm@physx@@UEBAPEAVPxBase@3@_K@Z 00000001800124b0 f   CmCollection.obj
 0001:00011520       ?add@Collection@Cm@physx@@UEAAXAEAVPxCollection@3@@Z 0000000180012520 f   CmCollection.obj
 0001:00011760       ?remove@Collection@Cm@physx@@UEAAXAEAVPxCollection@3@@Z 0000000180012760 f   CmCollection.obj
 0001:00011830       ?getNbObjects@Collection@Cm@physx@@UEBAIXZ 0000000180012830 f   CmCollection.obj
 0001:00011840       ?getObject@Collection@Cm@physx@@UEBAAEAVPxBase@3@I@Z 0000000180012840 f   CmCollection.obj
 0001:00011860       ?getObjects@Collection@Cm@physx@@UEBAIPEAPEAVPxBase@3@II@Z 0000000180012860 f   CmCollection.obj
 0001:00011900       ?getNbIds@Collection@Cm@physx@@UEBAIXZ 0000000180012900 f   CmCollection.obj
 0001:00011910       ?getId@Collection@Cm@physx@@UEBA_KAEBVPxBase@3@@Z 0000000180012910 f   CmCollection.obj
 0001:000119d0       ?getIds@Collection@Cm@physx@@UEBAIPEA_KII@Z 00000001800129d0 f   CmCollection.obj
 0001:00011e10       ??0Collection@Cm@physx@@QEAA@XZ 0000000180012e10 f i CmCollection.obj
 0001:00011ec0       ??1PxCollection@physx@@MEAA@XZ 0000000180012ec0 f i CmCollection.obj
 0001:00011ed0       ??_ECollection@Cm@physx@@UEAAPEAXI@Z 0000000180012ed0 f i CmCollection.obj
 0001:00011ed0       ??_GCollection@Cm@physx@@UEAAPEAXI@Z 0000000180012ed0 f i CmCollection.obj
 0001:00011fa0       ??_GPxCollection@physx@@MEAAPEAXI@Z 0000000180012fa0 f i CmCollection.obj
 0001:00011fa0       ??_EPxCollection@physx@@MEAAPEAXI@Z 0000000180012fa0 f i CmCollection.obj
 0001:00011fe0       ?create@?$HashBase@V?$Pair@$$CB_KPEAVPxBase@physx@@@shdfnd@physx@@_KU?$Hash@_K@23@UGetKey@?$HashMapBase@_KPEAVPxBase@physx@@U?$Hash@_K@shdfnd@2@VNonTrackingAllocator@42@@internal@23@VNonTrackingAllocator@23@$00@internal@shdfnd@physx@@QEAAPEAV?$Pair@$$CB_KPEAVPxBase@physx@@@34@AEB_KAEA_N@Z 0000000180012fe0 f i CmCollection.obj
 0001:000121e0       ?create@?$HashBase@V?$Pair@QEAVPxBase@physx@@_K@shdfnd@physx@@PEAVPxBase@3@U?$Hash@PEAVPxBase@physx@@@23@UGetKey@?$HashMapBase@PEAVPxBase@physx@@_KU?$Hash@PEAVPxBase@physx@@@shdfnd@2@VNonTrackingAllocator@42@@internal@23@VNonTrackingAllocator@23@$00@internal@shdfnd@physx@@QEAAPEAV?$Pair@QEAVPxBase@physx@@_K@34@AEBQEAVPxBase@4@AEA_N@Z 00000001800131e0 f i CmCollection.obj
 0001:000123e0       ?erase@?$HashBase@V?$Pair@$$CB_KPEAVPxBase@physx@@@shdfnd@physx@@_KU?$Hash@_K@23@UGetKey@?$HashMapBase@_KPEAVPxBase@physx@@U?$Hash@_K@shdfnd@2@VNonTrackingAllocator@42@@internal@23@VNonTrackingAllocator@23@$00@internal@shdfnd@physx@@QEAA_NAEB_K@Z 00000001800133e0 f i CmCollection.obj
 0001:00012500       ?erase@?$HashBase@V?$Pair@QEAVPxBase@physx@@_K@shdfnd@physx@@PEAVPxBase@3@U?$Hash@PEAVPxBase@physx@@@23@UGetKey@?$HashMapBase@PEAVPxBase@physx@@_KU?$Hash@PEAVPxBase@physx@@@shdfnd@2@VNonTrackingAllocator@42@@internal@23@VNonTrackingAllocator@23@$00@internal@shdfnd@physx@@QEAA_NAEBQEAVPxBase@4@@Z 0000000180013500 f i CmCollection.obj
 0001:00012620       ?find@?$HashBase@V?$Pair@$$CB_KPEAVPxBase@physx@@@shdfnd@physx@@_KU?$Hash@_K@23@UGetKey@?$HashMapBase@_KPEAVPxBase@physx@@U?$Hash@_K@shdfnd@2@VNonTrackingAllocator@42@@internal@23@VNonTrackingAllocator@23@$00@internal@shdfnd@physx@@QEBAPEBV?$Pair@$$CB_KPEAVPxBase@physx@@@34@AEB_K@Z 0000000180013620 f i CmCollection.obj
 0001:00012700       ?find@?$HashBase@V?$Pair@QEAVPxBase@physx@@_K@shdfnd@physx@@PEAVPxBase@3@U?$Hash@PEAVPxBase@physx@@@23@UGetKey@?$HashMapBase@PEAVPxBase@physx@@_KU?$Hash@PEAVPxBase@physx@@@shdfnd@2@VNonTrackingAllocator@42@@internal@23@VNonTrackingAllocator@23@$00@internal@shdfnd@physx@@QEBAPEBV?$Pair@QEAVPxBase@physx@@_K@34@AEBQEAVPxBase@4@@Z 0000000180013700 f i CmCollection.obj
 0001:000127e0       ?insert@?$HashMapBase@_KPEAVPxBase@physx@@U?$Hash@_K@shdfnd@2@VNonTrackingAllocator@42@@internal@shdfnd@physx@@QEAA_N_KQEAVPxBase@4@@Z 00000001800137e0 f i CmCollection.obj
 0001:00012840       ?release@Collection@Cm@physx@@UEAAXXZ 0000000180013840 f i CmCollection.obj
 0001:00012860       ?replaceWithLast@?$HashBase@V?$Pair@$$CB_KPEAVPxBase@physx@@@shdfnd@physx@@_KU?$Hash@_K@23@UGetKey@?$HashMapBase@_KPEAVPxBase@physx@@U?$Hash@_K@shdfnd@2@VNonTrackingAllocator@42@@internal@23@VNonTrackingAllocator@23@$00@internal@shdfnd@physx@@AEAAXI@Z 0000000180013860 f i CmCollection.obj
 0001:00012990       ?replaceWithLast@?$HashBase@V?$Pair@QEAVPxBase@physx@@_K@shdfnd@physx@@PEAVPxBase@3@U?$Hash@PEAVPxBase@physx@@@23@UGetKey@?$HashMapBase@PEAVPxBase@physx@@_KU?$Hash@PEAVPxBase@physx@@@shdfnd@2@VNonTrackingAllocator@42@@internal@23@VNonTrackingAllocator@23@$00@internal@shdfnd@physx@@AEAAXI@Z 0000000180013990 f i CmCollection.obj
 0001:00012ac0       ?reserveInternal@?$HashBase@V?$Pair@$$CB_KPEAVPxBase@physx@@@shdfnd@physx@@_KU?$Hash@_K@23@UGetKey@?$HashMapBase@_KPEAVPxBase@physx@@U?$Hash@_K@shdfnd@2@VNonTrackingAllocator@42@@internal@23@VNonTrackingAllocator@23@$00@internal@shdfnd@physx@@AEAAXI@Z 0000000180013ac0 f i CmCollection.obj
 0001:00012d30       ?reserveInternal@?$HashBase@V?$Pair@QEAVPxBase@physx@@_K@shdfnd@physx@@PEAVPxBase@3@U?$Hash@PEAVPxBase@physx@@@23@UGetKey@?$HashMapBase@PEAVPxBase@physx@@_KU?$Hash@PEAVPxBase@physx@@@shdfnd@2@VNonTrackingAllocator@42@@internal@23@VNonTrackingAllocator@23@$00@internal@shdfnd@physx@@AEAAXI@Z 0000000180013d30 f i CmCollection.obj
 0001:00012fa0       ?PxTransformFromPlaneEquation@physx@@YA?AVPxTransform@1@AEBVPxPlane@1@@Z 0000000180013fa0 f   CmMathUtils.obj
 0001:00013160       ?PxTransformFromSegment@physx@@YA?AVPxTransform@1@AEBVPxVec3@1@0PEAM@Z 0000000180014160 f   CmMathUtils.obj
 0001:00013390       ??0PtrTable@Cm@physx@@QEAA@XZ 0000000180014390 f   CmPtrTable.obj
 0001:000133b0       ??1PtrTable@Cm@physx@@QEAA@XZ 00000001800143b0 f   CmPtrTable.obj
 0001:000133c0       ?add@PtrTable@Cm@physx@@QEAAXPEAXAEAVPtrTableStorageManager@23@@Z 00000001800143c0 f   CmPtrTable.obj
 0001:000134a0       ?replaceWithLast@PtrTable@Cm@physx@@QEAAXIAEAVPtrTableStorageManager@23@@Z 00000001800144a0 f   CmPtrTable.obj
 0001:000135a0       ?clear@PtrTable@Cm@physx@@QEAAXAEAVPtrTableStorageManager@23@@Z 00000001800145a0 f   CmPtrTable.obj
 0001:00013620       ?find@PtrTable@Cm@physx@@QEBAIPEBX@Z 0000000180014620 f   CmPtrTable.obj
 0001:00013650       ?exportExtraData@PtrTable@Cm@physx@@QEAAXAEAVPxSerializationContext@3@@Z 0000000180014650 f   CmPtrTable.obj
 0001:000136a0       ?importExtraData@PtrTable@Cm@physx@@QEAAXAEAVPxDeserializationContext@3@@Z 00000001800146a0 f   CmPtrTable.obj
 0001:000136d0       ?getBinaryMetaData@PtrTable@Cm@physx@@SAXAEAVPxOutputStream@3@@Z 00000001800146d0 f   CmPtrTable.obj
 0001:00013890       ?realloc@PtrTable@Cm@physx@@AEAAXIIAEAVPtrTableStorageManager@23@@Z 0000000180014890 f   CmPtrTable.obj
 0001:00013a90       ??0PtrTable@Cm@physx@@QEAA@W4PxEMPTY@2@@Z 0000000180014a90 f i CmPtrTable.obj
 0001:00013ac0       ??4PtrTable@Cm@physx@@QEAAAEAU012@AEBU012@@Z 0000000180014ac0 f i CmPtrTable.obj
 0001:00013ad0       ?getCount@PtrTable@Cm@physx@@QEBAIXZ 0000000180014ad0 f i CmPtrTable.obj
 0001:00013ae0       ?getPtrs@PtrTable@Cm@physx@@QEAAPEAPEAXXZ 0000000180014ae0 f i CmPtrTable.obj
 0001:00013b00       ?getPtrs@PtrTable@Cm@physx@@QEBAPEBQEAXXZ 0000000180014b00 f i CmPtrTable.obj
 0001:00013b20       ??0RadixSort@Cm@physx@@QEAA@XZ 0000000180014b20 f   CmRadixSort.obj
 0001:00013b60       ??1RadixSort@Cm@physx@@UEAA@XZ 0000000180014b60 f   CmRadixSort.obj
 0001:00013b80       ?Sort@RadixSort@Cm@physx@@QEAAAEAV123@PEBIIW4RadixHint@23@@Z 0000000180014b80 f   CmRadixSort.obj
 0001:000141a0       ?Sort@RadixSort@Cm@physx@@QEAAAEAV123@PEBMI@Z 00000001800151a0 f   CmRadixSort.obj
 0001:00014860       ?SetBuffers@RadixSort@Cm@physx@@QEAA_NPEAI00PEAPEAI@Z 0000000180015860 f   CmRadixSort.obj
 0001:00014c00       ??_ERadixSort@Cm@physx@@UEAAPEAXI@Z 0000000180015c00 f i CmRadixSort.obj
 0001:00014cb0       ??_GRadixSort@Cm@physx@@UEAAPEAXI@Z 0000000180015cb0 f i CmRadixSort.obj
 0001:00014cf0       ??0RadixSortBuffered@Cm@physx@@QEAA@XZ 0000000180015cf0 f   CmRadixSortBuffered.obj
 0001:00014d20       ??1RadixSortBuffered@Cm@physx@@UEAA@XZ 0000000180015d20 f   CmRadixSortBuffered.obj
 0001:00014da0       ?Sort@RadixSortBuffered@Cm@physx@@QEAAAEAV123@PEBIIW4RadixHint@23@@Z 0000000180015da0 f   CmRadixSortBuffered.obj
 0001:00014e40       ?Sort@RadixSortBuffered@Cm@physx@@QEAAAEAV123@PEBMI@Z 0000000180015e40 f   CmRadixSortBuffered.obj
 0001:00014ed0       ?Resize@RadixSortBuffered@Cm@physx@@AEAA_NI@Z 0000000180015ed0 f   CmRadixSortBuffered.obj
 0001:00015070       ??_ERadixSortBuffered@Cm@physx@@UEAAPEAXI@Z 0000000180016070 f i CmRadixSortBuffered.obj
 0001:000151c0       ??_GRadixSortBuffered@Cm@physx@@UEAAPEAXI@Z 00000001800161c0 f i CmRadixSortBuffered.obj
 0001:00015210       ?CheckResize@RadixSortBuffered@Cm@physx@@AEAAXI@Z 0000000180016210 f i CmRadixSortBuffered.obj
 0001:00015260       ??6RenderOutput@Cm@physx@@QEAAAEAV012@W4Primitive@012@@Z 0000000180016260 f   CmRenderOutput.obj
 0001:00015280       ??6RenderOutput@Cm@physx@@QEAAAEAV012@I@Z 0000000180016280 f   CmRenderOutput.obj
 0001:00015290       ??6RenderOutput@Cm@physx@@QEAAAEAV012@AEBVPxMat44@2@@Z 0000000180016290 f   CmRenderOutput.obj
 0001:00015300       ??6RenderOutput@Cm@physx@@QEAAAEAV012@AEBVPxTransform@2@@Z 0000000180016300 f   CmRenderOutput.obj
 0001:00015390       ??6RenderOutput@Cm@physx@@QEAAAEAV012@VPxVec3@2@@Z 0000000180016390 f   CmRenderOutput.obj
 0001:00015860       ??6RenderOutput@Cm@physx@@QEAAAEAV012@AEBUDebugText@12@@Z 0000000180016860 f   CmRenderOutput.obj
 0001:00015a30       ?outputCapsule@RenderOutput@Cm@physx@@QEAAAEAV123@MMAEBVPxMat44@3@@Z 0000000180016a30 f   CmRenderOutput.obj
 0001:000165c0       ??0DebugText@Cm@physx@@QEAA@AEBVPxVec3@2@MPEBDZZ 00000001800175c0 f   CmRenderOutput.obj
 0001:00016620       ??6Cm@physx@@YAAEAVRenderOutput@01@AEAV201@AEBUDebugBox@01@@Z 0000000180017620 f   CmRenderOutput.obj
 0001:00016b20       ??6Cm@physx@@YAAEAVRenderOutput@01@AEAV201@AEBUDebugArrow@01@@Z 0000000180017b20 f   CmRenderOutput.obj
 0001:00016f10       ??6Cm@physx@@YAAEAVRenderOutput@01@AEAV201@AEBUDebugBasis@01@@Z 0000000180017f10 f   CmRenderOutput.obj
 0001:00017010       ??6Cm@physx@@YAAEAVRenderOutput@01@AEAV201@AEBUDebugCircle@01@@Z 0000000180018010 f   CmRenderOutput.obj
 0001:00017100       ??6Cm@physx@@YAAEAVRenderOutput@01@AEAV201@AEBUDebugArc@01@@Z 0000000180018100 f   CmRenderOutput.obj
 0001:000179f0       ??$__vcrt_va_start_verify_argument_type@PEBD@@YAXXZ 00000001800189f0 f i CmRenderOutput.obj
 0001:00017a00       ??0DebugText@Cm@physx@@QEAA@$$QEAU012@@Z 0000000180018a00 f i CmRenderOutput.obj
 0001:00017b20       ??0DebugText@Cm@physx@@QEAA@AEBU012@@Z 0000000180018b20 f i CmRenderOutput.obj
 0001:00017c40       ??0PxMat44@physx@@QEAA@AEBVPxTransform@1@@Z 0000000180018c40 f i CmRenderOutput.obj
 0001:00017e50       ??0RenderOutput@Cm@physx@@QEAA@AEAVRenderBuffer@12@@Z 0000000180018e50 f i CmRenderOutput.obj
 0001:00017ec0       ??0RenderOutput@Cm@physx@@QEAA@AEBV012@@Z 0000000180018ec0 f i CmRenderOutput.obj
 0001:00017f90       ??4DebugText@Cm@physx@@QEAAAEAU012@$$QEAU012@@Z 0000000180018f90 f i CmRenderOutput.obj
 0001:00018020       ??4DebugText@Cm@physx@@QEAAAEAU012@AEBU012@@Z 0000000180019020 f i CmRenderOutput.obj
 0001:000180b0       ?copy@?$Array@UPxDebugLine@physx@@VNamedAllocator@shdfnd@2@@shdfnd@physx@@KAXPEAUPxDebugLine@3@0PEBU43@@Z 00000001800190b0 f i CmRenderOutput.obj
 0001:000182c0       ?copy@?$Array@UPxDebugPoint@physx@@VNamedAllocator@shdfnd@2@@shdfnd@physx@@KAXPEAUPxDebugPoint@3@0PEBU43@@Z 00000001800192c0 f i CmRenderOutput.obj
 0001:00018430       ?copy@?$Array@UPxDebugText@physx@@VNamedAllocator@shdfnd@2@@shdfnd@physx@@KAXPEAUPxDebugText@3@0PEBU43@@Z 0000000180019430 f i CmRenderOutput.obj
 0001:00018600       ?copy@?$Array@UPxDebugTriangle@physx@@VNamedAllocator@shdfnd@2@@shdfnd@physx@@KAXPEAUPxDebugTriangle@3@0PEBU43@@Z 0000000180019600 f i CmRenderOutput.obj
 0001:000188d0       ?growAndPushBack@?$Array@DVNamedAllocator@shdfnd@physx@@@shdfnd@physx@@IEAAAEADAEBD@Z 00000001800198d0 f i CmRenderOutput.obj
 0001:000189e0       ?growAndPushBack@?$Array@UPxDebugLine@physx@@VNamedAllocator@shdfnd@2@@shdfnd@physx@@IEAAAEAUPxDebugLine@3@AEBU43@@Z 00000001800199e0 f i CmRenderOutput.obj
 0001:00018b20       ?growAndPushBack@?$Array@UPxDebugPoint@physx@@VNamedAllocator@shdfnd@2@@shdfnd@physx@@IEAAAEAUPxDebugPoint@3@AEBU43@@Z 0000000180019b20 f i CmRenderOutput.obj
 0001:00018c40       ?growAndPushBack@?$Array@UPxDebugText@physx@@VNamedAllocator@shdfnd@2@@shdfnd@physx@@IEAAAEAUPxDebugText@3@AEBU43@@Z 0000000180019c40 f i CmRenderOutput.obj
 0001:00018d70       ?growAndPushBack@?$Array@UPxDebugTriangle@physx@@VNamedAllocator@shdfnd@2@@shdfnd@physx@@IEAAAEAUPxDebugTriangle@3@AEBU43@@Z 0000000180019d70 f i CmRenderOutput.obj
 0001:00018ee0       ?outputSegment@RenderOutput@Cm@physx@@QEAAXAEBVPxVec3@3@0@Z 0000000180019ee0 f i CmRenderOutput.obj
 0001:00018fd0       ?recreate@?$Array@DVNamedAllocator@shdfnd@physx@@@shdfnd@physx@@IEAAXI@Z 0000000180019fd0 f i CmRenderOutput.obj
 0001:000190a0       ?recreate@?$Array@UPxDebugLine@physx@@VNamedAllocator@shdfnd@2@@shdfnd@physx@@IEAAXI@Z 000000018001a0a0 f i CmRenderOutput.obj
 0001:00019160       ?reserveSegments@RenderOutput@Cm@physx@@QEAAPEAUPxDebugLine@3@I@Z 000000018001a160 f i CmRenderOutput.obj
 0001:000191d0       ?transform@PxMat44@physx@@QEBA?BVPxVec4@2@AEBV32@@Z 000000018001a1d0 f i CmRenderOutput.obj
 0001:00019390       ?visualizeJointFrames@Cm@physx@@YAXAEAVRenderOutput@12@MAEBVPxTransform@2@1@Z 000000018001a390 f   CmVisualization.obj
 0001:00019460       ?visualizeLinearLimit@Cm@physx@@YAXAEAVRenderOutput@12@MAEBVPxTransform@2@1M_N@Z 000000018001a460 f   CmVisualization.obj
 0001:000196b0       ?visualizeAngularLimit@Cm@physx@@YAXAEAVRenderOutput@12@MAEBVPxTransform@2@MM_N@Z 000000018001a6b0 f   CmVisualization.obj
 0001:000198a0       ?visualizeLimitCone@Cm@physx@@YAXAEAVRenderOutput@12@MAEBVPxTransform@2@MM_N@Z 000000018001a8a0 f   CmVisualization.obj
 0001:00019bc0       ?visualizeDoubleCone@Cm@physx@@YAXAEAVRenderOutput@12@MAEBVPxTransform@2@M_N@Z 000000018001abc0 f   CmVisualization.obj
 0001:0001a0d0       ??DPxQuat@physx@@QEBA?AV01@AEBV01@@Z 000000018001b0d0 f i CmVisualization.obj
 0001:0001a250       ?contactBoxBox@Gu@physx@@YA_NAEBVGeometryUnion@12@0AEBVPxTransform@2@1AEBUNarrowPhaseParams@12@AEAUCache@12@AEAVContactBuffer@12@PEAVRenderOutput@Cm@2@@Z 000000018001b250 f   GuContactBoxBox.obj
 0001:0001a600       ??0Box@Gu@physx@@QEAA@AEBV012@@Z 000000018001b600 f i GuContactBoxBox.obj
 0001:0001a680       ??0Box@Gu@physx@@QEAA@AEBVPxVec3@2@0AEBVPxMat33@2@@Z 000000018001b680 f i GuContactBoxBox.obj
 0001:0001a700       ??0Box@Gu@physx@@QEAA@XZ   000000018001b700 f i GuContactBoxBox.obj
 0001:0001a710       ??0GeometryUnion@Gu@physx@@QEAA@AEBVPxGeometry@2@@Z 000000018001b710 f i GuContactBoxBox.obj
 0001:0001a730       ??0GeometryUnion@Gu@physx@@QEAA@W4PxEMPTY@2@@Z 000000018001b730 f i GuContactBoxBox.obj
 0001:0001a740       ??0GeometryUnion@Gu@physx@@QEAA@XZ 000000018001b740 f i GuContactBoxBox.obj
 0001:0001a750       ??0MaterialIndicesStruct@physx@@QEAA@W4PxEMPTY@1@@Z 000000018001b750 f i GuContactBoxBox.obj
 0001:0001a760       ??0MaterialIndicesStruct@physx@@QEAA@XZ 000000018001b760 f i GuContactBoxBox.obj
 0001:0001a770       ??0PxQuat@physx@@QEAA@AEBVPxMat33@1@@Z 000000018001b770 f i GuContactBoxBox.obj
 0001:0001a9f0       ??0PxVec3@physx@@QEAA@XZ   000000018001b9f0 f i GuContactBoxBox.obj
 0001:0001aa00       ??0VertexInfo@@QEAA@XZ     000000018001ba00 f i GuContactBoxBox.obj
 0001:0001aa10       ??1Box@Gu@physx@@QEAA@XZ   000000018001ba10 f i GuContactBoxBox.obj
 0001:0001aa20       ??1MaterialIndicesStruct@physx@@QEAA@XZ 000000018001ba20 f i GuContactBoxBox.obj
 0001:0001aa30       ??1PxBase@physx@@MEAA@XZ   000000018001ba30 f i GuContactBoxBox.obj
 0001:0001aa40       ??1PxConvexMesh@physx@@MEAA@XZ 000000018001ba40 f i GuContactBoxBox.obj
 0001:0001aa50       ??4Box@Gu@physx@@QEAAAEBV012@AEBV012@@Z 000000018001ba50 f i GuContactBoxBox.obj
 0001:0001aad0       ??4GeometryUnion@Gu@physx@@QEAAAEAV012@$$QEAV012@@Z 000000018001bad0 f i GuContactBoxBox.obj
 0001:0001ab10       ??4GeometryUnion@Gu@physx@@QEAAAEAV012@AEBV012@@Z 000000018001bb10 f i GuContactBoxBox.obj
 0001:0001ab50       ??4MaterialIndicesStruct@physx@@QEAAAEAU01@AEBU01@@Z 000000018001bb50 f i GuContactBoxBox.obj
 0001:0001ab60       ??_EPxBase@physx@@MEAAPEAXI@Z 000000018001bb60 f i GuContactBoxBox.obj
 0001:0001ab60       ??_GPxBase@physx@@MEAAPEAXI@Z 000000018001bb60 f i GuContactBoxBox.obj
 0001:0001aba0       ??_H@YAXPEAX_K1P6APEAX0@Z@Z 000000018001bba0 f i GuContactBoxBox.obj
 0001:0001ac00       ?allocate@MaterialIndicesStruct@physx@@QEAAXG@Z 000000018001bc00 f i GuContactBoxBox.obj
 0001:0001ac80       ?computeAABBExtent@Box@Gu@physx@@QEBA?AVPxVec3@3@XZ 000000018001bc80 f i GuContactBoxBox.obj
 0001:0001ad70       ?computeBoxPoints@Box@Gu@physx@@QEBAXPEIAVPxVec3@3@@Z 000000018001bd70 f i GuContactBoxBox.obj
 0001:0001adb0       ?deallocate@MaterialIndicesStruct@physx@@QEAAXXZ 000000018001bdb0 f i GuContactBoxBox.obj
 0001:0001e320       ?getConcreteTypeName@PxConvexMesh@physx@@UEBAPEBDXZ 000000018001f320 f i GuContactBoxBox.obj
 0001:0001e330       ?getGeometry@GeometryUnion@Gu@physx@@QEBAAEBVPxGeometry@3@XZ 000000018001f330 f i GuContactBoxBox.obj
 0001:0001e340       ?getTransform@Box@Gu@physx@@QEBA?AVPxTransform@3@XZ 000000018001f340 f i GuContactBoxBox.obj
 0001:0001e3b0       ?getType@GeometryUnion@Gu@physx@@QEBA?AW4Enum@PxGeometryType@3@XZ 000000018001f3b0 f i GuContactBoxBox.obj
 0001:0001e3c0       ?isKindOf@PxBase@physx@@MEBA_NPEBD@Z 000000018001f3c0 f i GuContactBoxBox.obj
 0001:0001e400       ?isKindOf@PxConvexMesh@physx@@MEBA_NPEBD@Z 000000018001f400 f i GuContactBoxBox.obj
 0001:0001e460       ?isReleasable@PxBase@physx@@UEBA_NXZ 000000018001f460 f i GuContactBoxBox.obj
 0001:0001e470       ?isValid@Box@Gu@physx@@QEBA_NXZ 000000018001f470 f i GuContactBoxBox.obj
 0001:0001e490       ?rotate@Box@Gu@physx@@QEBA?AVPxVec3@3@AEBV43@@Z 000000018001f490 f i GuContactBoxBox.obj
 0001:0001e560       ?rotateInv@Box@Gu@physx@@QEBA?AVPxVec3@3@AEBV43@@Z 000000018001f560 f i GuContactBoxBox.obj
 0001:0001e610       ?setAxes@Box@Gu@physx@@QEAAXAEBVPxVec3@3@00@Z 000000018001f610 f i GuContactBoxBox.obj
 0001:0001e660       ?setEmpty@Box@Gu@physx@@QEAAXXZ 000000018001f660 f i GuContactBoxBox.obj
 0001:0001e6b0       ?transform@Box@Gu@physx@@QEBA?AVPxVec3@3@AEBV43@@Z 000000018001f6b0 f i GuContactBoxBox.obj
 0001:0001e790       ?contactCapsuleBox@Gu@physx@@YA_NAEBVGeometryUnion@12@0AEBVPxTransform@2@1AEBUNarrowPhaseParams@12@AEAUCache@12@AEAVContactBuffer@12@PEAVRenderOutput@Cm@2@@Z 000000018001f790 f   GuContactCapsuleBox.obj
 0001:000208d0       ?contactCapsuleCapsule@Gu@physx@@YA_NAEBVGeometryUnion@12@0AEBVPxTransform@2@1AEBUNarrowPhaseParams@12@AEAUCache@12@AEAVContactBuffer@12@PEAVRenderOutput@Cm@2@@Z 00000001800218d0 f   GuContactCapsuleCapsule.obj
 0001:000214b0       ??0Segment@Gu@physx@@QEAA@XZ 00000001800224b0 f i GuContactCapsuleCapsule.obj
 0001:000214c0       ??1Segment@Gu@physx@@QEAA@XZ 00000001800224c0 f i GuContactCapsuleCapsule.obj
 0001:000214d0       ?contactCapsuleConvex@Gu@physx@@YA_NAEBVGeometryUnion@12@0AEBVPxTransform@2@1AEBUNarrowPhaseParams@12@AEAUCache@12@AEAVContactBuffer@12@PEAVRenderOutput@Cm@2@@Z 00000001800224d0 f   GuContactCapsuleConvex.obj
 0001:000228a0       ??$gjk@U?$LocalConvex@VCapsuleV@Gu@physx@@@Gu@physx@@U?$LocalConvex@VConvexHullV@Gu@physx@@@23@@Gu@physx@@YA?AW4GjkStatus@01@AEBU?$LocalConvex@VCapsuleV@Gu@physx@@@01@AEBU?$LocalConvex@VConvexHullV@Gu@physx@@@01@AEBT__m128@@2AEAT5@333@Z 00000001800238a0 f i GuContactCapsuleConvex.obj
 0001:00023a40       ??0ConvexEdge@Gu@physx@@QEAA@XZ 0000000180024a40 f i GuContactCapsuleConvex.obj
 0001:00023a50       ??0ConvexMesh@Gu@physx@@QEAA@V?$PxFlags@W4Enum@PxBaseFlag@physx@@G@2@@Z 0000000180024a50 f i GuContactCapsuleConvex.obj
 0001:00023ab0       ??0HullPolygonData@Gu@physx@@QEAA@AEBU012@@Z 0000000180024ab0 f i GuContactCapsuleConvex.obj
 0001:00023af0       ??0PolygonalBox@Gu@physx@@QEAA@AEBV012@@Z 0000000180024af0 f i GuContactCapsuleConvex.obj
 0001:00023c00       ??0PxVec3@physx@@QEAA@AEBV01@@Z 0000000180024c00 f i GuContactCapsuleConvex.obj
 0001:00023c20       ??1GjkConvexBase@Gu@physx@@UEAA@XZ 0000000180024c20 f i GuContactCapsuleConvex.obj
 0001:00023c30       ??1RefCountable@Cm@physx@@UEAA@XZ 0000000180024c30 f i GuContactCapsuleConvex.obj
 0001:00023c40       ??4FPUGuard@shdfnd@physx@@QEAAAEAV012@AEBV012@@Z 0000000180024c40 f i GuContactCapsuleConvex.obj
 0001:00023c60       ??Dphysx@@YA?AVMatrix34@Cm@0@AEBVPxMeshScale@0@AEBVPxTransform@0@@Z 0000000180024c60 f i GuContactCapsuleConvex.obj
 0001:00024440       ??_EConvexMesh@Gu@physx@@UEAAPEAXI@Z 0000000180025440 f i GuContactCapsuleConvex.obj
 0001:00024590       ??_EConvexMesh@Gu@physx@@WBA@EAAPEAXI@Z 0000000180025590 f i GuContactCapsuleConvex.obj
 0001:000245a0       ??_EPxConvexMesh@physx@@MEAAPEAXI@Z 00000001800255a0 f i GuContactCapsuleConvex.obj
 0001:00024650       ??_E?$LocalConvex@VCapsuleV@Gu@physx@@@Gu@physx@@UEAAPEAXI@Z 0000000180025650 f i GuContactCapsuleConvex.obj
 0001:00024650       ??_G?$LocalConvex@VCapsuleV@Gu@physx@@@Gu@physx@@UEAAPEAXI@Z 0000000180025650 f i GuContactCapsuleConvex.obj
 0001:00024690       ??_G?$LocalConvex@VConvexHullV@Gu@physx@@@Gu@physx@@UEAAPEAXI@Z 0000000180025690 f i GuContactCapsuleConvex.obj
 0001:00024690       ??_E?$LocalConvex@VConvexHullV@Gu@physx@@@Gu@physx@@UEAAPEAXI@Z 0000000180025690 f i GuContactCapsuleConvex.obj
 0001:000246d0       ??_EGjkConvex@Gu@physx@@UEAAPEAXI@Z 00000001800256d0 f i GuContactCapsuleConvex.obj
 0001:000246d0       ??_GGjkConvex@Gu@physx@@UEAAPEAXI@Z 00000001800256d0 f i GuContactCapsuleConvex.obj
 0001:00024710       ??_GGjkConvexBase@Gu@physx@@UEAAPEAXI@Z 0000000180025710 f i GuContactCapsuleConvex.obj
 0001:00024710       ??_EGjkConvexBase@Gu@physx@@UEAAPEAXI@Z 0000000180025710 f i GuContactCapsuleConvex.obj
 0001:00024750       ??_GRefCountable@Cm@physx@@UEAAPEAXI@Z 0000000180025750 f i GuContactCapsuleConvex.obj
 0001:00024750       ??_ERefCountable@Cm@physx@@UEAAPEAXI@Z 0000000180025750 f i GuContactCapsuleConvex.obj
 0001:00024790       ??__G@YAXPEAX0_K1P6APEAX00@Z@Z 0000000180025790 f i GuContactCapsuleConvex.obj
 0001:00024810       ?ComputeCubemapNearestOffset@physx@@YAIAEBVPxVec3@1@I@Z 0000000180025810 f i GuContactCapsuleConvex.obj
 0001:00026f70       ?getCenter@?$LocalConvex@VCapsuleV@Gu@physx@@@Gu@physx@@UEBA?AT__m128@@XZ 0000000180027f70 f i GuContactCapsuleConvex.obj
 0001:00026f90       ?getCenter@?$LocalConvex@VConvexHullV@Gu@physx@@@Gu@physx@@UEBA?AT__m128@@XZ 0000000180027f90 f i GuContactCapsuleConvex.obj
 0001:00026fb0       ?getIndexBuffer@ConvexMesh@Gu@physx@@UEBAPEBEXZ 0000000180027fb0 f i GuContactCapsuleConvex.obj
 0001:00027000       ?getInverse@PxMat33@physx@@QEBA?BV12@XZ 0000000180028000 f i GuContactCapsuleConvex.obj
 0001:00027330       ?getNbPolygons@ConvexMesh@Gu@physx@@UEBAIXZ 0000000180028330 f i GuContactCapsuleConvex.obj
 0001:00027340       ?getNbVertices@ConvexMesh@Gu@physx@@UEBAIXZ 0000000180028340 f i GuContactCapsuleConvex.obj
 0001:00027350       ?getSweepMargin@?$LocalConvex@VCapsuleV@Gu@physx@@@Gu@physx@@UEBA?AT__m128@@XZ 0000000180028350 f i GuContactCapsuleConvex.obj
 0001:00027360       ?getSweepMargin@?$LocalConvex@VConvexHullV@Gu@physx@@@Gu@physx@@UEBA?AT__m128@@XZ 0000000180028360 f i GuContactCapsuleConvex.obj
 0001:00027390       ?getSweepMargin@GjkConvex@Gu@physx@@UEBA?AT__m128@@XZ 0000000180028390 f i GuContactCapsuleConvex.obj
 0001:000273b0       ?getVertices@ConvexMesh@Gu@physx@@UEBAPEBVPxVec3@3@XZ 00000001800283b0 f i GuContactCapsuleConvex.obj
 0001:000273d0       ?hillClimbing@ConvexHullV@Gu@physx@@QEBAIAEBT__m128@@@Z 00000001800283d0 f i GuContactCapsuleConvex.obj
 0001:00027590       ?init@FastVertex2ShapeScaling@Cm@physx@@QEAAXAEBVPxVec3@3@AEBVPxQuat@3@@Z 0000000180028590 f i GuContactCapsuleConvex.obj
 0001:00027c80       ?onRefCountZero@RefCountable@Cm@physx@@UEAAXXZ 0000000180028c80 f i GuContactCapsuleConvex.obj
 0001:00027e80       ?requires@ConvexMesh@Gu@physx@@UEAAXAEAVPxProcessPxBaseCallback@3@@Z 0000000180028e80 f i GuContactCapsuleConvex.obj
 0001:00027e90       ?support@?$LocalConvex@VCapsuleV@Gu@physx@@@Gu@physx@@UEBA?AT__m128@@AEBT4@@Z 0000000180028e90 f i GuContactCapsuleConvex.obj
 0001:00027f00       ?support@?$LocalConvex@VCapsuleV@Gu@physx@@@Gu@physx@@UEBA?AT__m128@@AEBT4@AEAHPEAT4@@Z 0000000180028f00 f i GuContactCapsuleConvex.obj
 0001:00027f90       ?support@?$LocalConvex@VConvexHullV@Gu@physx@@@Gu@physx@@UEBA?AT__m128@@AEBT4@@Z 0000000180028f90 f i GuContactCapsuleConvex.obj
 0001:00028080       ?support@?$LocalConvex@VConvexHullV@Gu@physx@@@Gu@physx@@UEBA?AT__m128@@AEBT4@AEAHPEAT4@@Z 0000000180029080 f i GuContactCapsuleConvex.obj
 0001:00028180       ?support@GjkConvex@Gu@physx@@UEBA?AT__m128@@AEBT4@@Z 0000000180029180 f i GuContactCapsuleConvex.obj
 0001:000281a0       ?support@GjkConvex@Gu@physx@@UEBA?AT__m128@@AEBT4@AEAHPEAT4@@Z 00000001800291a0 f i GuContactCapsuleConvex.obj
 0001:000281d0       ?supportPoint@?$LocalConvex@VCapsuleV@Gu@physx@@@Gu@physx@@UEBA?AT__m128@@HPEAT4@@Z 00000001800291d0 f i GuContactCapsuleConvex.obj
 0001:00028200       ?supportPoint@?$LocalConvex@VConvexHullV@Gu@physx@@@Gu@physx@@UEBA?AT__m128@@HPEAT4@@Z 0000000180029200 f i GuContactCapsuleConvex.obj
 0001:00028260       ?supportPoint@GjkConvex@Gu@physx@@UEBA?AT__m128@@HPEAT4@@Z 0000000180029260 f i GuContactCapsuleConvex.obj
 0001:00028280       ?supportVertexIndex@ConvexHullV@Gu@physx@@QEBAIAEBT__m128@@@Z 0000000180029280 f i GuContactCapsuleConvex.obj
 0001:00028340       ?contactCapsuleMesh@Gu@physx@@YA_NAEBVGeometryUnion@12@0AEBVPxTransform@2@1AEBUNarrowPhaseParams@12@AEAUCache@12@AEAVContactBuffer@12@PEAVRenderOutput@Cm@2@@Z 0000000180029340 f   GuContactCapsuleMesh.obj
 0001:00028870       ?contactCapsuleHeightfield@Gu@physx@@YA_NAEBVGeometryUnion@12@0AEBVPxTransform@2@1AEBUNarrowPhaseParams@12@AEAUCache@12@AEAVContactBuffer@12@PEAVRenderOutput@Cm@2@@Z 0000000180029870 f   GuContactCapsuleMesh.obj
 0001:00029460       ??0HeightFieldData@Gu@physx@@QEAA@$$QEAU012@@Z 000000018002a460 f i GuContactCapsuleMesh.obj
 0001:000294e0       ??0HeightFieldData@Gu@physx@@QEAA@AEBU012@@Z 000000018002a4e0 f i GuContactCapsuleMesh.obj
 0001:00029560       ??0HeightFieldData@Gu@physx@@QEAA@W4PxEMPTY@2@@Z 000000018002a560 f i GuContactCapsuleMesh.obj
 0001:00029570       ??0HeightFieldData@Gu@physx@@QEAA@XZ 000000018002a570 f i GuContactCapsuleMesh.obj
 0001:00029580       ??0HeightFieldUtil@Gu@physx@@QEAA@AEBVPxHeightFieldGeometry@2@@Z 000000018002a580 f i GuContactCapsuleMesh.obj
 0001:000295d0       ??0HeightFieldUtil@Gu@physx@@QEAA@AEBVPxHeightFieldGeometry@2@AEBVHeightField@12@@Z 000000018002a5d0 f i GuContactCapsuleMesh.obj
 0001:00029620       ??0HeightFieldUtil@Gu@physx@@QEAA@XZ 000000018002a620 f i GuContactCapsuleMesh.obj
 0001:00029630       ??1?$EntityReport@I@Gu@physx@@UEAA@XZ 000000018002a630 f i GuContactCapsuleMesh.obj
 0001:00029640       ??1?$MeshHitCallback@UPxRaycastHit@physx@@@Gu@physx@@UEAA@XZ 000000018002a640 f i GuContactCapsuleMesh.obj
 0001:00029650       ??1HeightFieldData@Gu@physx@@QEAA@XZ 000000018002a650 f i GuContactCapsuleMesh.obj
 0001:00029660       ??1PxHeightField@physx@@MEAA@XZ 000000018002a660 f i GuContactCapsuleMesh.obj
 0001:00029670       ??4HeightFieldData@Gu@physx@@QEAAAEAU012@$$QEAU012@@Z 000000018002a670 f i GuContactCapsuleMesh.obj
 0001:000296f0       ??4HeightFieldData@Gu@physx@@QEAAAEAU012@AEBU012@@Z 000000018002a6f0 f i GuContactCapsuleMesh.obj
 0001:00029770       ??4HeightFieldUtil@Gu@physx@@QEAAAEAV012@$$QEAV012@@Z 000000018002a770 f i GuContactCapsuleMesh.obj
 0001:000297a0       ??4HeightFieldUtil@Gu@physx@@QEAAAEAV012@AEBV012@@Z 000000018002a7a0 f i GuContactCapsuleMesh.obj
 0001:000297c0       ??_E?$EntityReport@I@Gu@physx@@UEAAPEAXI@Z 000000018002a7c0 f i GuContactCapsuleMesh.obj
 0001:000297c0       ??_G?$EntityReport@I@Gu@physx@@UEAAPEAXI@Z 000000018002a7c0 f i GuContactCapsuleMesh.obj
 0001:00029800       ??_G?$MeshHitCallback@UPxRaycastHit@physx@@@Gu@physx@@UEAAPEAXI@Z 000000018002a800 f i GuContactCapsuleMesh.obj
 0001:00029800       ??_E?$MeshHitCallback@UPxRaycastHit@physx@@@Gu@physx@@UEAAPEAXI@Z 000000018002a800 f i GuContactCapsuleMesh.obj
 0001:00029840       ??_GCapsuleHeightfieldContactGenerationCallback@?A0xde523ade@@UEAAPEAXI@Z 000000018002a840 f i GuContactCapsuleMesh.obj
 0001:00029840       ??_ECapsuleHeightfieldContactGenerationCallback@?A0xde523ade@@UEAAPEAXI@Z 000000018002a840 f i GuContactCapsuleMesh.obj
 0001:00029880       ??_GCapsuleMeshContactGenerationCallback_NoScale@?A0xde523ade@@UEAAPEAXI@Z 000000018002a880 f i GuContactCapsuleMesh.obj
 0001:00029880       ??_ECapsuleMeshContactGenerationCallback_NoScale@?A0xde523ade@@UEAAPEAXI@Z 000000018002a880 f i GuContactCapsuleMesh.obj
 0001:000298c0       ??_ECapsuleMeshContactGenerationCallback_Scale@?A0xde523ade@@UEAAPEAXI@Z 000000018002a8c0 f i GuContactCapsuleMesh.obj
 0001:000298c0       ??_GCapsuleMeshContactGenerationCallback_Scale@?A0xde523ade@@UEAAPEAXI@Z 000000018002a8c0 f i GuContactCapsuleMesh.obj
 0001:0002b0f0       ?ceilUp@HeightFieldUtil@Gu@physx@@SAMM@Z 000000018002c0f0 f i GuContactCapsuleMesh.obj
 0001:0002b140       ?clipShapeNormalToVertexVoronoi@HeightFieldUtil@Gu@physx@@QEBA_NAEAVPxVec3@3@III@Z 000000018002c140 f i GuContactCapsuleMesh.obj
 0001:0002b5d0       ?computePointNormal@HeightFieldUtil@Gu@physx@@QEBA?AVPxVec3@3@IAEBV43@AEBVPxTransform@3@MMMMAEAM@Z 000000018002c5d0 f i GuContactCapsuleMesh.obj
 0001:0002bb40       ?floorDown@HeightFieldUtil@Gu@physx@@SAMM@Z 000000018002cb40 f i GuContactCapsuleMesh.obj
 0001:0002bb90       ?getConcreteTypeName@PxHeightField@physx@@UEBAPEBDXZ 000000018002cb90 f i GuContactCapsuleMesh.obj
 0001:0002bba0       ?getConvexEdgeThreshold@HeightField@Gu@physx@@UEBAMXZ 000000018002cba0 f i GuContactCapsuleMesh.obj
 0001:0002bbb0       ?getEdgeDirection@HeightFieldUtil@Gu@physx@@QEBA?AVPxVec3@3@II@Z 000000018002cbb0 f i GuContactCapsuleMesh.obj
 0001:0002bd70       ?getFeatureIndex@HeightFieldUtil@Gu@physx@@SAII@Z 000000018002cd70 f i GuContactCapsuleMesh.obj
 0001:0002bd80       ?getFeatureType@HeightFieldUtil@Gu@physx@@SA?AW4Feature@123@I@Z 000000018002cd80 f i GuContactCapsuleMesh.obj
 0001:0002bd90       ?getFlags@HeightField@Gu@physx@@UEBA?AV?$PxFlags@W4Enum@PxHeightFieldFlag@physx@@G@3@XZ 000000018002cd90 f i GuContactCapsuleMesh.obj
 0001:0002bda0       ?getFormat@HeightField@Gu@physx@@UEBA?AW4Enum@PxHeightFieldFormat@3@XZ 000000018002cda0 f i GuContactCapsuleMesh.obj
 0001:0002bdb0       ?getHeight@HeightField@Gu@physx@@UEBAMMM@Z 000000018002cdb0 f i GuContactCapsuleMesh.obj
 0001:0002be00       ?getHeightAtShapePoint2@HeightFieldUtil@Gu@physx@@QEBAMIMM@Z 000000018002ce00 f i GuContactCapsuleMesh.obj
 0001:0002be30       ?getHeightAtShapePoint@HeightFieldUtil@Gu@physx@@QEBAMMM@Z 000000018002ce30 f i GuContactCapsuleMesh.obj
 0001:0002beb0       ?getHeightField@HeightFieldUtil@Gu@physx@@QEBAAEBVHeightField@23@XZ 000000018002ceb0 f i GuContactCapsuleMesh.obj
 0001:0002bec0       ?getHeightFieldGeometry@HeightFieldUtil@Gu@physx@@QEBAAEBVPxHeightFieldGeometry@3@XZ 000000018002cec0 f i GuContactCapsuleMesh.obj
 0001:0002bed0       ?getHeightInternal2@HeightField@Gu@physx@@QEBAMIMM@Z 000000018002ced0 f i GuContactCapsuleMesh.obj
 0001:0002c090       ?getNbColumns@HeightField@Gu@physx@@UEBAIXZ 000000018002d090 f i GuContactCapsuleMesh.obj
 0001:0002c0a0       ?getNbRows@HeightField@Gu@physx@@UEBAIXZ 000000018002d0a0 f i GuContactCapsuleMesh.obj
 0001:0002c0b0       ?getNormalAtShapePoint2@HeightFieldUtil@Gu@physx@@QEBA?AVPxVec3@3@IMM@Z 000000018002d0b0 f i GuContactCapsuleMesh.obj
 0001:0002c110       ?getNormalAtShapePoint@HeightFieldUtil@Gu@physx@@QEBA?AVPxVec3@3@MM@Z 000000018002d110 f i GuContactCapsuleMesh.obj
 0001:0002c1f0       ?getNormal_2@HeightField@Gu@physx@@QEBA?AVPxVec3@3@IMMMMM@Z 000000018002d1f0 f i GuContactCapsuleMesh.obj
 0001:0002c360       ?getOneOverColumnScale@HeightFieldUtil@Gu@physx@@QEBAMXZ 000000018002d360 f i GuContactCapsuleMesh.obj
 0001:0002c370       ?getOneOverHeightScale@HeightFieldUtil@Gu@physx@@QEBAMXZ 000000018002d370 f i GuContactCapsuleMesh.obj
 0001:0002c380       ?getOneOverRowScale@HeightFieldUtil@Gu@physx@@QEBAMXZ 000000018002d380 f i GuContactCapsuleMesh.obj
 0001:0002c390       ?getPaddedBounds@HeightFieldData@Gu@physx@@QEBAAEBVCenterExtentsPadded@23@XZ 000000018002d390 f i GuContactCapsuleMesh.obj
 0001:0002c3a0       ?getSampleStride@HeightField@Gu@physx@@UEBAIXZ 000000018002d3a0 f i GuContactCapsuleMesh.obj
 0001:0002c3b0       ?getThickness@HeightField@Gu@physx@@UEBAMXZ 000000018002d3b0 f i GuContactCapsuleMesh.obj
 0001:0002c3c0       ?getTimestamp@HeightField@Gu@physx@@UEBAIXZ 000000018002d3c0 f i GuContactCapsuleMesh.obj
 0001:0002c3d0       ?getTriangleMaterialIndex@HeightField@Gu@physx@@UEBAGI@Z 000000018002d3d0 f i GuContactCapsuleMesh.obj
 0001:0002c420       ?getTriangleNormal@HeightField@Gu@physx@@UEBA?AVPxVec3@3@I@Z 000000018002d420 f i GuContactCapsuleMesh.obj
 0001:0002c440       ?getTriangleNormalInternal@HeightField@Gu@physx@@QEBA?AVPxVec3@3@I@Z 000000018002d440 f i GuContactCapsuleMesh.obj
 0001:0002c600       ?getVertexNormal@HeightFieldUtil@Gu@physx@@QEBA?AVPxVec3@3@I@Z 000000018002d600 f i GuContactCapsuleMesh.obj
 0001:0002c640       ?hf2shapen@HeightFieldUtil@Gu@physx@@QEBA?AVPxVec3@3@AEBV43@@Z 000000018002d640 f i GuContactCapsuleMesh.obj
 0001:0002c680       ?hf2shapep@HeightFieldUtil@Gu@physx@@QEBA?AVPxVec3@3@AEBV43@@Z 000000018002d680 f i GuContactCapsuleMesh.obj
 0001:0002c6d0       ?hf2worldn@HeightFieldUtil@Gu@physx@@QEBA?AVPxVec3@3@AEBVPxTransform@3@AEBV43@@Z 000000018002d6d0 f i GuContactCapsuleMesh.obj
 0001:0002c8a0       ?hf2worldp@HeightFieldUtil@Gu@physx@@QEBA?AVPxVec3@3@AEBVPxTransform@3@AEBV43@@Z 000000018002d8a0 f i GuContactCapsuleMesh.obj
 0001:0002ca90       ?initialize@HeightFieldUtil@Gu@physx@@AEAAXXZ 000000018002da90 f i GuContactCapsuleMesh.obj
 0001:0002cad0       ?initialize@HeightFieldUtil@Gu@physx@@QEAAXAEBVPxHeightFieldGeometry@3@AEBVHeightField@23@@Z 000000018002dad0 f i GuContactCapsuleMesh.obj
 0001:0002cb20       ?isCollisionVertex@HeightFieldUtil@Gu@physx@@QEBA_NIII@Z 000000018002db20 f i GuContactCapsuleMesh.obj
 0001:0002cb40       ?isKindOf@PxHeightField@physx@@MEBA_NPEBD@Z 000000018002db40 f i GuContactCapsuleMesh.obj
 0001:0002cba0       ?isQueryVertex@HeightFieldUtil@Gu@physx@@QEBA_NIII@Z 000000018002dba0 f i GuContactCapsuleMesh.obj
 0001:0002cc90       ?isShapePointOnHeightField@HeightFieldUtil@Gu@physx@@QEBA_NMM@Z 000000018002dc90 f i GuContactCapsuleMesh.obj
 0001:0002ccf0       ?makeFeatureCode@HeightFieldUtil@Gu@physx@@SAIIW4Feature@123@@Z 000000018002dcf0 f i GuContactCapsuleMesh.obj
 0001:0002dbb0       ?shape2hfp@HeightFieldUtil@Gu@physx@@QEBA?AVPxVec3@3@AEBV43@@Z 000000018002ebb0 f i GuContactCapsuleMesh.obj
 0001:0002dbf0       ?transformFast@PxBounds3@physx@@SA?AV12@AEBVPxTransform@2@AEBV12@@Z 000000018002ebf0 f i GuContactCapsuleMesh.obj
 0001:0002e120       ?transformQueryBounds@FastVertex2ShapeScaling@Cm@physx@@QEBAXAEAVPxVec3@3@0AEAVPxMat33@3@@Z 000000018002f120 f i GuContactCapsuleMesh.obj
 0001:0002e430       ?contactBoxConvex@Gu@physx@@YA_NAEBVGeometryUnion@12@0AEBVPxTransform@2@1AEBUNarrowPhaseParams@12@AEAUCache@12@AEAVContactBuffer@12@PEAVRenderOutput@Cm@2@@Z 000000018002f430 f   GuContactConvexConvex.obj
 0001:0002e5d0       ?contactConvexConvex@Gu@physx@@YA_NAEBVGeometryUnion@12@0AEBVPxTransform@2@1AEBUNarrowPhaseParams@12@AEAUCache@12@AEAVContactBuffer@12@PEAVRenderOutput@Cm@2@@Z 000000018002f5d0 f   GuContactConvexConvex.obj
 0001:0002e7d0       ??0SeparatingAxes@Gu@physx@@QEAA@$$QEAV012@@Z 000000018002f7d0 f i GuContactConvexConvex.obj
 0001:0002e830       ??0SeparatingAxes@Gu@physx@@QEAA@AEBV012@@Z 000000018002f830 f i GuContactConvexConvex.obj
 0001:0002e890       ??0SeparatingAxes@Gu@physx@@QEAA@XZ 000000018002f890 f i GuContactConvexConvex.obj
 0001:0002e8a0       ??4SeparatingAxes@Gu@physx@@QEAAAEAV012@$$QEAV012@@Z 000000018002f8a0 f i GuContactConvexConvex.obj
 0001:0002e9f0       ??4SeparatingAxes@Gu@physx@@QEAAAEAV012@AEBV012@@Z 000000018002f9f0 f i GuContactConvexConvex.obj
 0001:00033e70       ?getAxes@SeparatingAxes@Gu@physx@@QEBAPEBVPxVec3@3@XZ 0000000180034e70 f i GuContactConvexConvex.obj
 0001:00033e80       ?getNumAxes@SeparatingAxes@Gu@physx@@QEBAIXZ 0000000180034e80 f i GuContactConvexConvex.obj
 0001:00034270       ?reset@SeparatingAxes@Gu@physx@@QEAAXXZ 0000000180035270 f i GuContactConvexConvex.obj
 0001:00034280       ?transformPlaneToShapeSpace@FastVertex2ShapeScaling@Cm@physx@@QEBAXAEBVPxVec3@3@MAEAV43@AEAM@Z 0000000180035280 f i GuContactConvexConvex.obj
 0001:000343b0       ?contactBoxMesh@Gu@physx@@YA_NAEBVGeometryUnion@12@0AEBVPxTransform@2@1AEBUNarrowPhaseParams@12@AEAUCache@12@AEAVContactBuffer@12@PEAVRenderOutput@Cm@2@@Z 00000001800353b0 f   GuContactConvexMesh.obj
 0001:00034570       ?contactConvexMesh@Gu@physx@@YA_NAEBVGeometryUnion@12@0AEBVPxTransform@2@1AEBUNarrowPhaseParams@12@AEAUCache@12@AEAVContactBuffer@12@PEAVRenderOutput@Cm@2@@Z 0000000180035570 f   GuContactConvexMesh.obj
 0001:00034720       ?contactBoxHeightfield@Gu@physx@@YA_NAEBVGeometryUnion@12@0AEBVPxTransform@2@1AEBUNarrowPhaseParams@12@AEAUCache@12@AEAVContactBuffer@12@PEAVRenderOutput@Cm@2@@Z 0000000180035720 f   GuContactConvexMesh.obj
 0001:00034890       ?contactConvexHeightfield@Gu@physx@@YA_NAEBVGeometryUnion@12@0AEBVPxTransform@2@1AEBUNarrowPhaseParams@12@AEAUCache@12@AEAVContactBuffer@12@PEAVRenderOutput@Cm@2@@Z 0000000180035890 f   GuContactConvexMesh.obj
 0001:00034b50       ??0?$InlineArray@I$0EEA@VNamedAllocator@shdfnd@physx@@@shdfnd@physx@@QEAA@AEBVNamedAllocator@12@@Z 0000000180035b50 f i GuContactConvexMesh.obj
 0001:00034c70       ??0CachedEdge@Gu@physx@@QEAA@XZ 0000000180035c70 f i GuContactConvexMesh.obj
 0001:00034c80       ??0CachedVertex@Gu@physx@@QEAA@XZ 0000000180035c80 f i GuContactConvexMesh.obj
 0001:000352f0       ??_GConvexMeshContactGenerationCallback@@UEAAPEAXI@Z 00000001800362f0 f i GuContactConvexMesh.obj
 0001:000352f0       ??_EConvexMeshContactGenerationCallback@@UEAAPEAXI@Z 00000001800362f0 f i GuContactConvexMesh.obj
 0001:00035330       ??_GConvexVsHeightfieldContactGenerationCallback@?A0x8144d553@@UEAAPEAXI@Z 0000000180036330 f i GuContactConvexMesh.obj
 0001:00035330       ??_EConvexVsHeightfieldContactGenerationCallback@?A0x8144d553@@UEAAPEAXI@Z 0000000180036330 f i GuContactConvexMesh.obj
 0001:00035370       ?addData@?$CacheMap@UCachedEdge@Gu@physx@@$0IA@@Gu@physx@@QEAA_NAEBUCachedEdge@23@@Z 0000000180036370 f i GuContactConvexMesh.obj
 0001:000354a0       ?addData@?$CacheMap@UCachedVertex@Gu@physx@@$0IA@@Gu@physx@@QEAA_NAEBUCachedVertex@23@@Z 00000001800364a0 f i GuContactConvexMesh.obj
 0001:00035560       ?allocate@?$Array@IV?$InlineAllocator@$0BBAA@VNamedAllocator@shdfnd@physx@@@shdfnd@physx@@@shdfnd@physx@@IEAAPEAII@Z 0000000180036560 f i GuContactConvexMesh.obj
 0001:00039b20       ?processHit@ConvexMeshContactGenerationCallback@@UEAA_NAEBUPxRaycastHit@physx@@AEBVPxVec3@3@11AEAMPEBI@Z 000000018003ab20 f i GuContactConvexMesh.obj
 0001:0003a5b0       ?recreate@?$Array@IV?$InlineAllocator@$0BBAA@VNamedAllocator@shdfnd@physx@@@shdfnd@physx@@@shdfnd@physx@@IEAAXI@Z 000000018003b5b0 f i GuContactConvexMesh.obj
 0001:0003ba30       ?contactPlaneBox@Gu@physx@@YA_NAEBVGeometryUnion@12@0AEBVPxTransform@2@1AEBUNarrowPhaseParams@12@AEAUCache@12@AEAVContactBuffer@12@PEAVRenderOutput@Cm@2@@Z 000000018003ca30 f   GuContactPlaneBox.obj
 0001:0003caa0       ?contactPlaneCapsule@Gu@physx@@YA_NAEBVGeometryUnion@12@0AEBVPxTransform@2@1AEBUNarrowPhaseParams@12@AEAUCache@12@AEAVContactBuffer@12@PEAVRenderOutput@Cm@2@@Z 000000018003daa0 f   GuContactPlaneCapsule.obj
 0001:0003d250       ?contactPlaneConvex@Gu@physx@@YA_NAEBVGeometryUnion@12@0AEBVPxTransform@2@1AEBUNarrowPhaseParams@12@AEAUCache@12@AEAVContactBuffer@12@PEAVRenderOutput@Cm@2@@Z 000000018003e250 f   GuContactPlaneConvex.obj
 0001:0003dd20       ?findRotationMatrixFromZ@Gu@physx@@YA?AVPxMat33@2@AEBVPxVec3@2@@Z 000000018003ed20 f   GuContactPolygonPolygon.obj
 0001:0003e000       ?contactPolygonPolygonExt@Gu@physx@@YA_NIPEBVPxVec3@2@PEBEAEBVMatrix34@Cm@2@AEBVPxPlane@2@AEBVPxMat33@2@I01234AEBV32@22IIAEAVContactBuffer@12@_N5M@Z 000000018003f000 f   GuContactPolygonPolygon.obj
 0001:00041e50       ?contactSphereBox@Gu@physx@@YA_NAEBVGeometryUnion@12@0AEBVPxTransform@2@1AEBUNarrowPhaseParams@12@AEAUCache@12@AEAVContactBuffer@12@PEAVRenderOutput@Cm@2@@Z 0000000180042e50 f   GuContactSphereBox.obj
 0001:00042560       ?contactSphereCapsule@Gu@physx@@YA_NAEBVGeometryUnion@12@0AEBVPxTransform@2@1AEBUNarrowPhaseParams@12@AEAUCache@12@AEAVContactBuffer@12@PEAVRenderOutput@Cm@2@@Z 0000000180043560 f   GuContactSphereCapsule.obj
 0001:00042900       ?distancePointSegmentSquared@Gu@physx@@YAMAEBVSegment@12@AEBVPxVec3@2@PEAM@Z 0000000180043900 f i GuContactSphereCapsule.obj
 0001:00042a80       ?contactSphereMesh@Gu@physx@@YA_NAEBVGeometryUnion@12@0AEBVPxTransform@2@1AEBUNarrowPhaseParams@12@AEAUCache@12@AEAVContactBuffer@12@PEAVRenderOutput@Cm@2@@Z 0000000180043a80 f   GuContactSphereMesh.obj
 0001:00042ec0       ?contactSphereHeightfield@Gu@physx@@YA_NAEBVGeometryUnion@12@0AEBVPxTransform@2@1AEBUNarrowPhaseParams@12@AEAUCache@12@AEAVContactBuffer@12@PEAVRenderOutput@Cm@2@@Z 0000000180043ec0 f   GuContactSphereMesh.obj
 0001:00043330       ??$smallSort@USortKey@@$$CBU?$Less@USortKey@@@shdfnd@physx@@@internal@shdfnd@physx@@YAXPEAUSortKey@@HHAEBU?$Less@USortKey@@@12@@Z 0000000180044330 f i GuContactSphereMesh.obj
 0001:00043580       ??$sort@USortKey@@U?$Less@USortKey@@@shdfnd@physx@@VNullAllocator@?A0x7bfef947@@@shdfnd@physx@@YAXPEAUSortKey@@IAEBU?$Less@USortKey@@@01@AEBVNullAllocator@?A0x7bfef947@@I@Z 0000000180044580 f i GuContactSphereMesh.obj
 0001:000438d0       ??0TriangleData@@QEAA@XZ   00000001800448d0 f i GuContactSphereMesh.obj
 0001:00043960       ??_ESphereHeightfieldContactGenerationCallback@?A0x7bfef947@@UEAAPEAXI@Z 0000000180044960 f i GuContactSphereMesh.obj
 0001:00043960       ??_GSphereHeightfieldContactGenerationCallback@?A0x7bfef947@@UEAAPEAXI@Z 0000000180044960 f i GuContactSphereMesh.obj
 0001:000439a0       ??_ESphereMeshContactGenerationCallback_NoScale@?A0x7bfef947@@UEAAPEAXI@Z 00000001800449a0 f i GuContactSphereMesh.obj
 0001:000439a0       ??_GSphereMeshContactGenerationCallback_NoScale@?A0x7bfef947@@UEAAPEAXI@Z 00000001800449a0 f i GuContactSphereMesh.obj
 0001:00043a00       ??_ESphereMeshContactGenerationCallback_Scale@?A0x7bfef947@@UEAAPEAXI@Z 0000000180044a00 f i GuContactSphereMesh.obj
 0001:00043a00       ??_GSphereMeshContactGenerationCallback_Scale@?A0x7bfef947@@UEAAPEAXI@Z 0000000180044a00 f i GuContactSphereMesh.obj
 0001:00045780       ?contactSpherePlane@Gu@physx@@YA_NAEBVGeometryUnion@12@0AEBVPxTransform@2@1AEBUNarrowPhaseParams@12@AEAUCache@12@AEAVContactBuffer@12@PEAVRenderOutput@Cm@2@@Z 0000000180046780 f   GuContactSpherePlane.obj
 0001:000459e0       ?contactSphereSphere@Gu@physx@@YA_NAEBVGeometryUnion@12@0AEBVPxTransform@2@1AEBUNarrowPhaseParams@12@AEAUCache@12@AEAVContactBuffer@12@PEAVRenderOutput@Cm@2@@Z 00000001800469e0 f   GuContactSphereSphere.obj
 0001:00045ba0       ?selectNormal@Gu@physx@@YA_NEMM@Z 0000000180046ba0 f   GuFeatureCode.obj
 0001:00045ce0       ?legacyContactBoxHeightfield@Gu@physx@@YA_NAEBVGeometryUnion@12@0AEBVPxTransform@2@1AEBUNarrowPhaseParams@12@AEAUCache@12@AEAVContactBuffer@12@PEAVRenderOutput@Cm@2@@Z 0000000180046ce0 f   GuLegacyContactBoxHeightField.obj
 0001:00047eb0       ??$traceSegment@UGuContactTraceSegmentCallback@Gu@physx@@$00$0A@@HeightFieldUtil@Gu@physx@@QEBAXAEBVPxVec3@2@0MPEAUGuContactTraceSegmentCallback@12@AEBVPxBounds3@2@_NPEBV32@@Z 0000000180048eb0 f i GuLegacyContactBoxHeightField.obj
 0001:00048ef0       ?underFaceHit@GuContactTraceSegmentCallback@Gu@physx@@QEAA_NAEBVHeightFieldUtil@23@AEBVPxVec3@3@1MMMI@Z 0000000180049ef0 f i GuLegacyContactBoxHeightField.obj
 0001:00049360       ?legacyContactCapsuleHeightfield@Gu@physx@@YA_NAEBVGeometryUnion@12@0AEBVPxTransform@2@1AEBUNarrowPhaseParams@12@AEAUCache@12@AEAVContactBuffer@12@PEAVRenderOutput@Cm@2@@Z 000000018004a360 f   GuLegacyContactCapsuleHeightField.obj
 0001:0004ba20       ?getEdgeTriangleIndices@HeightField@Gu@physx@@QEBAIIQEAI@Z 000000018004ca20 f i GuLegacyContactCapsuleHeightField.obj
 0001:0004bb90       ?legacyContactConvexHeightfield@Gu@physx@@YA_NAEBVGeometryUnion@12@0AEBVPxTransform@2@1AEBUNarrowPhaseParams@12@AEAUCache@12@AEAVContactBuffer@12@PEAVRenderOutput@Cm@2@@Z 000000018004cb90 f   GuLegacyContactConvexHeightField.obj
 0001:0004e630       ?legacyContactSphereHeightfield@Gu@physx@@YA_NAEBVGeometryUnion@12@0AEBVPxTransform@2@1AEBUNarrowPhaseParams@12@AEAUCache@12@AEAVContactBuffer@12@PEAVRenderOutput@Cm@2@@Z 000000018004f630 f   GuLegacyContactSphereHeightField.obj
 0001:0004e680       ?GuContactSphereHeightFieldShared@@YA_NAEBVGeometryUnion@Gu@physx@@0AEBVPxTransform@3@1AEBUNarrowPhaseParams@23@AEAUCache@23@AEAVContactBuffer@23@PEAVRenderOutput@Cm@3@_N@Z 000000018004f680 f   GuLegacyContactSphereHeightField.obj
 0001:00050490       ?barycentricCoordinates@Gu@physx@@YAXAEBT__m128@@00AEAT3@@Z 0000000180051490 f   GuBarycentricCoordinates.obj
 0001:000504f0       ?barycentricCoordinates@Gu@physx@@YAXAEBT__m128@@000AEAT3@1@Z 00000001800514f0 f   GuBarycentricCoordinates.obj
 0001:00050680       ?barycentricCoordinates@Gu@physx@@YAXAEBT__m128@@00AEAT3@1@Z 0000000180051680 f   GuBarycentricCoordinates.obj
 0001:00050840       ?addAxis@SeparatingAxes@Gu@physx@@QEAA_NAEBVPxVec3@3@@Z 0000000180051840 f   GuSeparatingAxes.obj
 0001:00050930       ??0BigConvexData@physx@@QEAA@XZ 0000000180051930 f   GuBigConvexData.obj
 0001:00050960       ??1BigConvexData@physx@@QEAA@XZ 0000000180051960 f   GuBigConvexData.obj
 0001:000509f0       ?Load@BigConvexData@physx@@QEAA_NAEAVPxInputStream@2@@Z 00000001800519f0 f   GuBigConvexData.obj
 0001:00050b00       ?ComputeOffset@BigConvexData@physx@@QEBAIAEBVPxVec3@2@@Z 0000000180051b00 f   GuBigConvexData.obj
 0001:00050b20       ?ComputeNearestOffset@BigConvexData@physx@@QEBAIAEBVPxVec3@2@@Z 0000000180051b20 f   GuBigConvexData.obj
 0001:00050b40       ?exportExtraData@BigConvexData@physx@@QEAAXAEAVPxSerializationContext@2@@Z 0000000180051b40 f   GuBigConvexData.obj
 0001:00050bc0       ?importExtraData@BigConvexData@physx@@QEAAXAEAVPxDeserializationContext@2@@Z 0000000180051bc0 f   GuBigConvexData.obj
 0001:00050c40       ?CreateOffsets@BigConvexData@physx@@IEAAXXZ 0000000180051c40 f   GuBigConvexData.obj
 0001:00050c90       ?VLoad@BigConvexData@physx@@IEAA_NAEAVPxInputStream@2@@Z 0000000180051c90 f   GuBigConvexData.obj
 0001:00050f70       ??0BigConvexData@physx@@QEAA@W4PxEMPTY@1@@Z 0000000180051f70 f i GuBigConvexData.obj
 0001:00050f80       ??4BigConvexData@physx@@QEAAAEAV01@AEBV01@@Z 0000000180051f80 f i GuBigConvexData.obj
 0001:00050fa0       ?ComputeCubemapOffset@physx@@YAIAEBVPxVec3@1@I@Z 0000000180051fa0 f i GuBigConvexData.obj
 0001:000510d0       ?GetAdjacentVerts@BigConvexData@physx@@QEBAPEBEXZ 00000001800520d0 f i GuBigConvexData.obj
 0001:000510e0       ?GetNbNeighbors@BigConvexData@physx@@QEBAGI@Z 00000001800520e0 f i GuBigConvexData.obj
 0001:000510f0       ?GetNbSamples@BigConvexData@physx@@QEBAIXZ 00000001800520f0 f i GuBigConvexData.obj
 0001:00051100       ?GetNbVerts@BigConvexData@physx@@QEBAIXZ 0000000180052100 f i GuBigConvexData.obj
 0001:00051110       ?GetNeighbors@BigConvexData@physx@@QEBAPEBEI@Z 0000000180052110 f i GuBigConvexData.obj
 0001:00051130       ?GetOffset@BigConvexData@physx@@QEBAGI@Z 0000000180052130 f i GuBigConvexData.obj
 0001:00051140       ?GetSubdiv@BigConvexData@physx@@QEBAIXZ 0000000180052140 f i GuBigConvexData.obj
 0001:00051150       ?GetValencies@BigConvexData@physx@@QEBAPEBUValency@Gu@2@XZ 0000000180052150 f i GuBigConvexData.obj
 0001:00051160       ?GetValency@BigConvexData@physx@@QEBAGI@Z 0000000180052160 f i GuBigConvexData.obj
 0001:00051170       ?__global_array_delete@@YAXPEAX@Z 0000000180052170 f i GuBigConvexData.obj
 0001:00051180       ?__global_array_delete@@YAXPEAX_K@Z 0000000180052180 f i GuBigConvexData.obj
 0001:00051190       ?__global_delete@@YAXPEAX@Z 0000000180052190 f i GuBigConvexData.obj
 0001:000511a0       ?__global_delete@@YAXPEAX_K@Z 00000001800521a0 f i GuBigConvexData.obj
 0001:000511b0       ?getScaledConvex@Gu@physx@@YAXAEAPEAVPxVec3@2@AEAPEAEPEAV32@PEAE_NPEBV32@PEBEIAEBVFastVertex2ShapeScaling@Cm@2@@Z 00000001800521b0 f   GuConvexHelper.obj
 0001:00051310       ?getConvexData@Gu@physx@@YA_NAEBVGeometryUnion@12@AEAVFastVertex2ShapeScaling@Cm@2@AEAVPxBounds3@2@AEAUPolygonalData@12@@Z 0000000180052310 f   GuConvexHelper.obj
 0001:00051550       ?findUniqueConvexEdges@Gu@physx@@YAIIPEIAUConvexEdge@12@IPEIBUHullPolygonData@12@PEIBE@Z 0000000180052550 f   GuConvexHelper.obj
 0001:000517c0       ?exportExtraData@ConvexMesh@Gu@physx@@UEAAXAEAVPxSerializationContext@3@@Z 00000001800527c0 f   GuConvexMesh.obj
 0001:00051890       ?importExtraData@ConvexMesh@Gu@physx@@QEAAXAEAVPxDeserializationContext@3@@Z 0000000180052890 f   GuConvexMesh.obj
 0001:00051950       ?onRefCountZero@ConvexMesh@Gu@physx@@UEAAXXZ 0000000180052950 f   GuConvexMesh.obj
 0001:00051a50       ?createObject@ConvexMesh@Gu@physx@@SAPEAV123@AEAPEAEAEAVPxDeserializationContext@3@@Z 0000000180052a50 f   GuConvexMesh.obj
 0001:00051ad0       ??0ConvexMesh@Gu@physx@@QEAA@XZ 0000000180052ad0 f   GuConvexMesh.obj
 0001:00051b90       ??0ConvexMesh@Gu@physx@@QEAA@AEAVGuMeshFactory@2@AEAUConvexHullData@12@@Z 0000000180052b90 f   GuConvexMesh.obj
 0001:00051ca0       ?load@ConvexMesh@Gu@physx@@QEAA_NAEAVPxInputStream@3@@Z 0000000180052ca0 f   GuConvexMesh.obj
 0001:00051ff0       ?release@ConvexMesh@Gu@physx@@UEAAXXZ 0000000180052ff0 f   GuConvexMesh.obj
 0001:00052030       ?getPolygonData@ConvexMesh@Gu@physx@@UEBA_NIAEAUPxHullPolygon@3@@Z 0000000180053030 f   GuConvexMesh.obj
 0001:00052080       ?isGpuCompatible@ConvexMesh@Gu@physx@@UEBA_NXZ 0000000180053080 f   GuConvexMesh.obj
 0001:000520b0       ?getReferenceCount@ConvexMesh@Gu@physx@@UEBAIXZ 00000001800530b0 f   GuConvexMesh.obj
 0001:000520c0       ?acquireReference@ConvexMesh@Gu@physx@@UEAAXXZ 00000001800530c0 f   GuConvexMesh.obj
 0001:000520d0       ?getMassInformation@ConvexMesh@Gu@physx@@UEBAXAEAMAEAVPxMat33@3@AEAVPxVec3@3@@Z 00000001800530d0 f   GuConvexMesh.obj
 0001:00052150       ?getLocalBounds@ConvexMesh@Gu@physx@@UEBA?AVPxBounds3@3@XZ 0000000180053150 f   GuConvexMesh.obj
 0001:000521e0       ??1ConvexMesh@Gu@physx@@UEAA@XZ 00000001800531e0 f   GuConvexMesh.obj
 0001:00052b00       ?notifyReleaseConvexMesh@GuMeshFactory@physx@@MEAAXAEBVPxConvexMesh@2@@Z 0000000180053b00 f i GuConvexMesh.obj
 0001:00052b10       ?notifyReleaseHeightField@GuMeshFactory@physx@@MEAAXAEBVPxHeightField@2@@Z 0000000180053b10 f i GuConvexMesh.obj
 0001:00052b20       ?notifyReleaseTriangleMesh@GuMeshFactory@physx@@MEAAXAEBVPxTriangleMesh@2@@Z 0000000180053b20 f i GuConvexMesh.obj
 0001:00052b30       ?computeHullOBB@Gu@physx@@YAXAEAVBox@12@AEBVPxBounds3@2@MAEBVMatrix34@Cm@2@2AEBVFastVertex2ShapeScaling@62@_N@Z 0000000180053b30 f   GuConvexUtilsInternal.obj
 0001:00052f60       ?computeVertexSpaceOBB@Gu@physx@@YAXAEAVBox@12@AEBV312@AEBVPxTransform@2@AEBVPxMeshScale@2@@Z 0000000180053f60 f   GuConvexUtilsInternal.obj
 0001:000532f0       ?computeOBBAroundConvex@Gu@physx@@YAXAEAVBox@12@AEBVPxConvexMeshGeometry@2@PEBVPxConvexMesh@2@AEBVPxTransform@2@@Z 00000001800542f0 f   GuConvexUtilsInternal.obj
 0001:00054070       ??Dphysx@@YA?AVMatrix34@Cm@0@AEBVPxMeshScale@0@AEBV120@@Z 0000000180055070 f i GuConvexUtilsInternal.obj
 0001:00054860       ?transform@physx@@YA?AVBox@Gu@1@AEBVMatrix34@Cm@1@AEBV231@@Z 0000000180055860 f i GuConvexUtilsInternal.obj
 0001:00054b80       ?localSearch@physx@@YAXAEAIAEBVPxVec3@1@PEBV21@PEBUBigConvexRawData@Gu@1@@Z 0000000180055b80 f   GuHillClimbing.obj
 0001:00054d00       ??0PolygonalBox@Gu@physx@@QEAA@AEBVPxVec3@2@@Z 0000000180055d00 f   GuShapeConvex.obj
 0001:00054f00       ?getPolygonalData@PolygonalBox@Gu@physx@@QEBAXPEIAUPolygonalData@23@@Z 0000000180055f00 f   GuShapeConvex.obj
 0001:00054f70       ?getPolygonalData_Convex@Gu@physx@@YAXPEIAUPolygonalData@12@PEIBUConvexHullData@12@AEBVFastVertex2ShapeScaling@Cm@2@@Z 0000000180055f70 f   GuShapeConvex.obj
 0001:00056460       ??0HullPolygonData@Gu@physx@@QEAA@XZ 0000000180057460 f i GuShapeConvex.obj
 0001:000565d0       ?distancePointBoxSquared@Gu@physx@@YAMAEBVPxVec3@2@00AEBVPxMat33@2@PEAV32@@Z 00000001800575d0 f   GuDistancePointBox.obj
 0001:00056770       ?closestPtPointTriangle@Gu@physx@@YA?AVPxVec3@2@AEBV32@000AEAM1@Z 0000000180057770 f   GuDistancePointTriangle.obj
 0001:00056c80       ?distancePointTriangleSquared@Gu@physx@@YA?AT__m128@@AEBT3@000AEAT3@11@Z 0000000180057c80 f   GuDistancePointTriangle.obj
 0001:000572f0       ?distanceSegmentBoxSquared@Gu@physx@@YAMAEBVPxVec3@2@000AEBVPxMat33@2@PEAMPEAV32@@Z 00000001800582f0 f   GuDistanceSegmentBox.obj
 0001:00058a60       ?distanceSegmentSegmentSquared@Gu@physx@@YAMAEBVPxVec3@2@0M00MPEAM1@Z 0000000180059a60 f   GuDistanceSegmentSegment.obj
 0001:00059260       ?distanceSegmentSegmentSquared@Gu@physx@@YAMAEBVPxVec3@2@000PEAM1@Z 000000018005a260 f   GuDistanceSegmentSegment.obj
 0001:00059500       ?distanceSegmentSegmentSquared@Gu@physx@@YA?AT__m128@@AEBT3@000AEAT3@1@Z 000000018005a500 f   GuDistanceSegmentSegment.obj
 0001:00059710       ?distanceSegmentSegmentSquared4@Gu@physx@@YA?AT__m128@@AEBT3@000000000AEAT3@1@Z 000000018005a710 f   GuDistanceSegmentSegment.obj
 0001:00059e90       ?distanceSegmentTriangleSquared@Gu@physx@@YAMAEBVPxVec3@2@0000PEAM11@Z 000000018005ae90 f   GuDistanceSegmentTriangle.obj
 0001:0005b500       ?distanceSegmentTriangleSquared@Gu@physx@@YA?AT__m128@@AEBT3@0000AEAT3@1@Z 000000018005c500 f   GuDistanceSegmentTriangle.obj
 0001:0005c460       ?sweepBoxBox@Gu@physx@@YA_NAEBVBox@12@0AEBVPxVec3@2@MV?$PxFlags@W4Enum@PxHitFlag@physx@@G@2@AEAUPxSweepHit@2@@Z 000000018005d460 f   GuSweepBoxBox.obj
 0001:0005e0b0       ?sweepBoxSphere@Gu@physx@@YA_NAEBVBox@12@MAEBVPxVec3@2@1MAEAMAEAV42@V?$PxFlags@W4Enum@PxHitFlag@physx@@G@2@@Z 000000018005f0b0 f   GuSweepBoxSphere.obj
 0001:0005ed40       ?sweepBoxTriangle@Gu@physx@@YA_NAEBVPxTriangle@2@AEBVPxBounds3@2@AEBVPxVec3@2@2AEAV52@3AEAM_N@Z 000000018005fd40 f   GuSweepBoxTriangle_FeatureBased.obj
 0001:000609a0       ?triBoxSweepTestBoxSpace@Gu@physx@@YAHAEBVPxTriangle@2@AEBVPxVec3@2@11MAEAM_N@Z 00000001800619a0 f   GuSweepBoxTriangle_SAT.obj
 0001:00061660       ?sweepCapsuleBox@Gu@physx@@YA_NAEBVCapsule@12@AEBVPxTransform@2@AEBVPxVec3@2@2MAEAV52@AEAM3V?$PxFlags@W4Enum@PxHitFlag@physx@@G@2@@Z 0000000180062660 f   GuSweepCapsuleBox.obj
 0001:00061ad0       ??0PxTriangle@physx@@QEAA@XZ 0000000180062ad0 f i GuSweepCapsuleBox.obj
 0001:00061ae0       ??1PxTriangle@physx@@QEAA@XZ 0000000180062ae0 f i GuSweepCapsuleBox.obj
 0001:00062f10       ?sweepCapsuleCapsule@Gu@physx@@YA_NAEBVCapsule@12@0AEBVPxVec3@2@MAEAMAEAV42@3IAEAG@Z 0000000180063f10 f   GuSweepCapsuleCapsule.obj
 0001:00064080       ??0Capsule@Gu@physx@@QEAA@XZ 0000000180065080 f i GuSweepCapsuleCapsule.obj
 0001:00064090       ??1Capsule@Gu@physx@@QEAA@XZ 0000000180065090 f i GuSweepCapsuleCapsule.obj
 0001:000643f0       ?sweepCapsuleTriangles_Precise@Gu@physx@@YA_NIPEIBVPxTriangle@2@AEBVCapsule@12@AEBVPxVec3@2@MPEIBIAEAUPxSweepHit@2@AEAV52@V?$PxFlags@W4Enum@PxHitFlag@physx@@G@2@_NPEBVBoxPadded@12@@Z 00000001800653f0 f   GuSweepCapsuleTriangle.obj
 0001:00066bc0       ?sweepSphereCapsule@Gu@physx@@YA_NAEBVSphere@12@AEBVCapsule@12@AEBVPxVec3@2@MAEAMAEAV52@4V?$PxFlags@W4Enum@PxHitFlag@physx@@G@2@@Z 0000000180067bc0 f   GuSweepSphereCapsule.obj
 0001:000673e0       ?sweepSphereSphere@Gu@physx@@YA_NAEBVPxVec3@2@M0M0AEAMAEAV32@@Z 00000001800683e0 f   GuSweepSphereSphere.obj
 0001:00067880       ?sweepSphereVSTri@Gu@physx@@YA_NPEIBVPxVec3@2@AEBV32@1M1AEAMAEA_N_N@Z 0000000180068880 f   GuSweepSphereTriangle.obj
 0001:000686f0       ?sweepSphereVSQuad@Gu@physx@@YA_NPEIBVPxVec3@2@AEBV32@1M1AEAM@Z 00000001800696f0 f   GuSweepSphereTriangle.obj
 0001:00069b00       ?sweepSphereTriangles@Gu@physx@@YA_NIPEIBVPxTriangle@2@AEBVPxVec3@2@M1MPEIBIAEAUPxSweepHit@2@AEAV42@_N555@Z 000000018006ab00 f   GuSweepSphereTriangle.obj
 0001:0006adf0       ?computeSphereTriImpactData@Gu@physx@@YAXAEAVPxVec3@2@0AEBV32@1MAEBVPxTriangle@2@@Z 000000018006bdf0 f   GuSweepTriangleUtils.obj
 0001:0006b080       ?computeBoxTriImpactData@Gu@physx@@YAXAEAVPxVec3@2@0AEBV32@1AEBVPxTriangle@2@M@Z 000000018006c080 f   GuSweepTriangleUtils.obj
 0001:0006b3a0       ?computeEdgeEdgeNormal@Gu@physx@@YAXAEAVPxVec3@2@AEBV32@1111M@Z 000000018006c3a0 f   GuSweepTriangleUtils.obj
 0001:0006b890       ??$gjk@U?$LocalConvex@VTriangleV@Gu@physx@@@Gu@physx@@U?$LocalConvex@VBoxV@Gu@physx@@@23@@Gu@physx@@YA?AW4GjkStatus@01@AEBU?$LocalConvex@VTriangleV@Gu@physx@@@01@AEBU?$LocalConvex@VBoxV@Gu@physx@@@01@AEBT__m128@@2AEAT5@333@Z 000000018006c890 f i GuSweepTriangleUtils.obj
 0001:0006ca10       ??_G?$LocalConvex@VBoxV@Gu@physx@@@Gu@physx@@UEAAPEAXI@Z 000000018006da10 f i GuSweepTriangleUtils.obj
 0001:0006ca10       ??_E?$LocalConvex@VBoxV@Gu@physx@@@Gu@physx@@UEAAPEAXI@Z 000000018006da10 f i GuSweepTriangleUtils.obj
 0001:0006ca50       ??_G?$LocalConvex@VTriangleV@Gu@physx@@@Gu@physx@@UEAAPEAXI@Z 000000018006da50 f i GuSweepTriangleUtils.obj
 0001:0006ca50       ??_E?$LocalConvex@VTriangleV@Gu@physx@@@Gu@physx@@UEAAPEAXI@Z 000000018006da50 f i GuSweepTriangleUtils.obj
 0001:0006ca90       ?getCenter@?$LocalConvex@VBoxV@Gu@physx@@@Gu@physx@@UEBA?AT__m128@@XZ 000000018006da90 f i GuSweepTriangleUtils.obj
 0001:0006cab0       ?getCenter@?$LocalConvex@VTriangleV@Gu@physx@@@Gu@physx@@UEBA?AT__m128@@XZ 000000018006dab0 f i GuSweepTriangleUtils.obj
 0001:0006cad0       ?getSweepMargin@?$LocalConvex@VBoxV@Gu@physx@@@Gu@physx@@UEBA?AT__m128@@XZ 000000018006dad0 f i GuSweepTriangleUtils.obj
 0001:0006cb00       ?getSweepMargin@?$LocalConvex@VTriangleV@Gu@physx@@@Gu@physx@@UEBA?AT__m128@@XZ 000000018006db00 f i GuSweepTriangleUtils.obj
 0001:0006ce70       ?support@?$LocalConvex@VBoxV@Gu@physx@@@Gu@physx@@UEBA?AT__m128@@AEBT4@@Z 000000018006de70 f i GuSweepTriangleUtils.obj
 0001:0006ceb0       ?support@?$LocalConvex@VBoxV@Gu@physx@@@Gu@physx@@UEBA?AT__m128@@AEBT4@AEAHPEAT4@@Z 000000018006deb0 f i GuSweepTriangleUtils.obj
 0001:0006cef0       ?support@?$LocalConvex@VTriangleV@Gu@physx@@@Gu@physx@@UEBA?AT__m128@@AEBT4@@Z 000000018006def0 f i GuSweepTriangleUtils.obj
 0001:0006cfa0       ?support@?$LocalConvex@VTriangleV@Gu@physx@@@Gu@physx@@UEBA?AT__m128@@AEBT4@AEAHPEAT4@@Z 000000018006dfa0 f i GuSweepTriangleUtils.obj
 0001:0006d0f0       ?supportPoint@?$LocalConvex@VBoxV@Gu@physx@@@Gu@physx@@UEBA?AT__m128@@HPEAT4@@Z 000000018006e0f0 f i GuSweepTriangleUtils.obj
 0001:0006d130       ?supportPoint@?$LocalConvex@VTriangleV@Gu@physx@@@Gu@physx@@UEBA?AT__m128@@HPEAT4@@Z 000000018006e130 f i GuSweepTriangleUtils.obj
 0001:0006d150       ?epaPenetration@Gu@physx@@YA?AW4GjkStatus@12@AEBUGjkConvex@12@0PEIAE1EAEAT__m128@@222_N@Z 000000018006e150 f   GuEPA.obj
 0001:0006e1d0       ?silhouette@Facet@Gu@physx@@QEAAXAEBT__m128@@PEIBT4@1AEAVEdgeBuffer@23@AEAV?$InlineDeferredIDPool@$0EA@@Cm@3@@Z 000000018006f1d0 f   GuEPA.obj
 0001:0006e3a0       ?PenetrationDepth@EPA@Gu@physx@@QEAA?AW4GjkStatus@23@AEBUGjkConvex@23@0PEIBT__m128@@11HAEAT6@222_N@Z 000000018006f3a0 f   GuEPA.obj
 0001:0006ee50       ?expandPoint@EPA@Gu@physx@@QEAA_NAEBUGjkConvex@23@0AEAHAEBT__m128@@2@Z 000000018006fe50 f   GuEPA.obj
 0001:0006ef50       ?expandSegment@EPA@Gu@physx@@QEAA_NAEBUGjkConvex@23@0AEAHAEBT__m128@@2@Z 000000018006ff50 f   GuEPA.obj
 0001:0006f0b0       ?expandTriangle@EPA@Gu@physx@@QEAA_NAEAHAEBT__m128@@1@Z 00000001800700b0 f   GuEPA.obj
 0001:0006f170       ?addFacet@EPA@Gu@physx@@QEAAPEAVFacet@23@IIIAEBT__m128@@0@Z 0000000180070170 f   GuEPA.obj
 0001:0006fc90       ??0Edge@Gu@physx@@QEAA@XZ  0000000180070c90 f i GuEPA.obj
 0001:0006fca0       ??0Facet@Gu@physx@@QEAA@XZ 0000000180070ca0 f i GuEPA.obj
 0001:00070250       ?closestPtPointTetrahedron@Gu@physx@@YA?AT__m128@@PEIAT3@00AEAI@Z 0000000180071250 f   GuGJKSimplex.obj
 0001:00070b10       ?closestPtPointTetrahedron@Gu@physx@@YA?AT__m128@@PEIAT3@00PEIAH1AEAI@Z 0000000180071b10 f   GuGJKSimplex.obj
 0001:00073070       ?testGjk@Gu@physx@@YA?AW4GjkStatus@12@AEAUGjkConvex@12@0AEBT__m128@@1AEAT5@222@Z 0000000180074070 f   GuGJKTest.obj
 0001:00073080       ?testGjkPenetration@Gu@physx@@YA?AW4GjkStatus@12@AEAUGjkConvex@12@0AEBT__m128@@1AEAT5@222@Z 0000000180074080 f   GuGJKTest.obj
 0001:00073110       ?testGjkPenetration@Gu@physx@@YA?AW4GjkStatus@12@AEAUGjkConvex@12@0AEBT__m128@@1AEAT5@222PEAE3E@Z 0000000180074110 f   GuGJKTest.obj
 0001:000731a0       ?testEpaPenetration@Gu@physx@@YA?AW4GjkStatus@12@AEAUGjkConvex@12@0AEAT__m128@@111@Z 00000001800741a0 f   GuGJKTest.obj
 0001:00073210       ?testEpaPenetration@Gu@physx@@YA?AW4GjkStatus@12@AEAUGjkConvex@12@0AEAT__m128@@111PEAE2E@Z 0000000180074210 f   GuGJKTest.obj
 0001:00073290       ?testGjkRaycast@Gu@physx@@YA_NAEAUGjkConvex@12@0AEBT__m128@@111AEAT4@22M@Z 0000000180074290 f   GuGJKTest.obj
 0001:00073320       ??$gjk@UGjkConvex@Gu@physx@@U123@@Gu@physx@@YA?AW4GjkStatus@01@AEBUGjkConvex@01@0AEBT__m128@@1AEAT4@222@Z 0000000180074320 f i GuGJKTest.obj
 0001:000743e0       ??$gjkPenetration@UGjkConvex@Gu@physx@@U123@@Gu@physx@@YA?AW4GjkStatus@01@AEBUGjkConvex@01@0AEBT__m128@@1AEAT4@222PEIAE3AEAE_N@Z 00000001800753e0 f i GuGJKTest.obj
 0001:00076270       ??$gjkRaycast@UGjkConvex@Gu@physx@@U123@@Gu@physx@@YA_NAEBUGjkConvex@01@0AEBT__m128@@111AEAT3@22M@Z 0000000180077270 f i GuGJKTest.obj
 0001:000772b0       ?intersectOBBOBB@Gu@physx@@YA_NAEBVPxVec3@2@0AEBVPxMat33@2@001_N@Z 00000001800782b0 f   GuIntersectionBoxBox.obj
 0001:00077af0       ?intersectCapsuleTriangle@Gu@physx@@YA_NAEBVPxVec3@2@000AEBVCapsule@12@AEBUCapsuleTriangleOverlapData@12@@Z 0000000180078af0 f   GuIntersectionCapsuleTriangle.obj
 0001:00078990       ?intersectEdgeEdge@Gu@physx@@YA_NAEBVPxVec3@2@0000AEAMAEAV32@@Z 0000000180079990 f   GuIntersectionEdgeEdge.obj
 0001:00078d90       ?rayAABBIntersect@Gu@physx@@YA_NAEBVPxVec3@2@000AEAV32@@Z 0000000180079d90 f   GuIntersectionRayBox.obj
 0001:00078f90       ?rayAABBIntersect2@Gu@physx@@YAIAEBVPxVec3@2@000AEAV32@AEAM@Z 0000000180079f90 f   GuIntersectionRayBox.obj
 0001:000791a0       ?intersectRayAABB@Gu@physx@@YAHAEBVPxVec3@2@000AEAM1@Z 000000018007a1a0 f   GuIntersectionRayBox.obj
 0001:000792c0       ?intersectRayAABB@Gu@physx@@YAHAEBVPxVec3@2@0000AEAM1@Z 000000018007a2c0 f   GuIntersectionRayBox.obj
 0001:00079480       ?intersectRayAABB2@Gu@physx@@YA_NAEBVPxVec3@2@000MAEAM1@Z 000000018007a480 f   GuIntersectionRayBox.obj
 0001:00079640       ?intersectRayAABB2@Gu@physx@@YA_NAEBT__m128@@0000AEAT3@1@Z 000000018007a640 f   GuIntersectionRayBox.obj
 0001:00079970       ?intersectRayCapsuleInternal@Gu@physx@@YAIAEBVPxVec3@2@000MQEAM@Z 000000018007a970 f   GuIntersectionRayCapsule.obj
 0001:0007a410       ?intersectRaySphereBasic@Gu@physx@@YA_NAEBVPxVec3@2@0M0MAEAMPEAV32@@Z 000000018007b410 f   GuIntersectionRaySphere.obj
 0001:0007a570       ?intersectRaySphere@Gu@physx@@YA_NAEBVPxVec3@2@0M0MAEAMPEAV32@@Z 000000018007b570 f   GuIntersectionRaySphere.obj
 0001:0007a720       ?intersectSphereBox@Gu@physx@@YA_NAEBVSphere@12@AEBVBox@12@@Z 000000018007b720 f   GuIntersectionSphereBox.obj
 0001:0007a990       ?intersectTriangleBox_ReferenceCode@Gu@physx@@YAHAEBVPxVec3@2@0000@Z 000000018007b990 f   GuIntersectionTriangleBox.obj
 0001:0007b1b0       ?intersectTriangleBox_Unsafe@Gu@physx@@YAHAEBVPxVec3@2@0000@Z 000000018007c1b0 f   GuIntersectionTriangleBox.obj
 0001:0007b570       ?intersectTriangleBox@Gu@physx@@YAHAEBVBoxPadded@12@AEBVPxVec3@2@11@Z 000000018007c570 f   GuIntersectionTriangleBox.obj
 0001:0007bac0       ?intersectTriangleBoxBV4@@YAHAEBVPxVec3@physx@@00AEBVPxMat33@2@00@Z 000000018007cac0 f   GuIntersectionTriangleBox.obj
 0001:0007c460       ??0BV32Tree@Gu@physx@@QEAA@W4PxEMPTY@2@@Z 000000018007d460 f   GuBV32.obj
 0001:0007c480       ?exportExtraData@BV32Tree@Gu@physx@@QEAAXAEAVPxSerializationContext@3@@Z 000000018007d480 f   GuBV32.obj
 0001:0007c4d0       ?importExtraData@BV32Tree@Gu@physx@@QEAAXAEAVPxDeserializationContext@3@@Z 000000018007d4d0 f   GuBV32.obj
 0001:0007c500       ??0BV32Tree@Gu@physx@@QEAA@XZ 000000018007d500 f   GuBV32.obj
 0001:0007c530       ??0BV32Tree@Gu@physx@@QEAA@PEAVSourceMesh@12@AEBVPxBounds3@2@@Z 000000018007d530 f   GuBV32.obj
 0001:0007c5f0       ??1BV32Tree@Gu@physx@@QEAA@XZ 000000018007d5f0 f   GuBV32.obj
 0001:0007c600       ?load@BV32Tree@Gu@physx@@QEAA_NAEAVPxInputStream@3@I@Z 000000018007d600 f   GuBV32.obj
 0001:0007c7e0       ?calculateLeafNode@BV32Tree@Gu@physx@@QEAAXAEAUBV32Data@23@@Z 000000018007d7e0 f   GuBV32.obj
 0001:0007ca10       ?createSOAformatNode@BV32Tree@Gu@physx@@QEAAXAEAUBV32DataPacked@23@AEBUBV32Data@23@IAEAI2@Z 000000018007da10 f   GuBV32.obj
 0001:0007ce80       ?reset@BV32Tree@Gu@physx@@QEAAXXZ 000000018007de80 f   GuBV32.obj
 0001:0007cea0       ??4BV32Tree@Gu@physx@@QEAAXAEAV012@@Z 000000018007dea0 f   GuBV32.obj
 0001:0007cf00       ?init@BV32Tree@Gu@physx@@QEAA_NPEAVSourceMesh@23@AEBVPxBounds3@3@@Z 000000018007df00 f   GuBV32.obj
 0001:0007cfb0       ?release@BV32Tree@Gu@physx@@QEAAXXZ 000000018007dfb0 f   GuBV32.obj
 0001:0007d330       ?BuildBV32Ex@Gu@physx@@YA_NAEAVBV32Tree@12@AEAVSourceMesh@12@MI@Z 000000018007e330 f   GuBV32Build.obj
 0001:0007d530       ??0BV32Data@Gu@physx@@QEAA@XZ 000000018007e530 f i GuBV32Build.obj
 0001:0007d570       ??0BV32Node@@QEAA@XZ       000000018007e570 f i GuBV32Build.obj
 0001:0007e6e0       ??0SourceMesh@Gu@physx@@QEAA@XZ 000000018007f6e0 f   GuBV4.obj
 0001:0007e710       ??1SourceMesh@Gu@physx@@QEAA@XZ 000000018007f710 f   GuBV4.obj
 0001:0007e770       ?reset@SourceMesh@Gu@physx@@QEAAXXZ 000000018007f770 f   GuBV4.obj
 0001:0007e790       ??4SourceMesh@Gu@physx@@QEAAXAEAV012@@Z 000000018007f790 f   GuBV4.obj
 0001:0007e7e0       ?remapTopology@SourceMesh@Gu@physx@@QEAAXPEBI@Z 000000018007f7e0 f   GuBV4.obj
 0001:0007eae0       ?isValid@SourceMesh@Gu@physx@@QEBA_NXZ 000000018007fae0 f   GuBV4.obj
 0001:0007eb10       ??0BV4Tree@Gu@physx@@QEAA@W4PxEMPTY@2@@Z 000000018007fb10 f   GuBV4.obj
 0001:0007eb30       ?exportExtraData@BV4Tree@Gu@physx@@QEAAXAEAVPxSerializationContext@3@@Z 000000018007fb30 f   GuBV4.obj
 0001:0007eb80       ?importExtraData@BV4Tree@Gu@physx@@QEAAXAEAVPxDeserializationContext@3@@Z 000000018007fb80 f   GuBV4.obj
 0001:0007ebb0       ??0BV4Tree@Gu@physx@@QEAA@XZ 000000018007fbb0 f   GuBV4.obj
 0001:0007ebe0       ??0BV4Tree@Gu@physx@@QEAA@PEAVSourceMesh@12@AEBVPxBounds3@2@@Z 000000018007fbe0 f   GuBV4.obj
 0001:0007ecb0       ??1BV4Tree@Gu@physx@@QEAA@XZ 000000018007fcb0 f   GuBV4.obj
 0001:0007ed10       ?load@BV4Tree@Gu@physx@@QEAA_NAEAVPxInputStream@3@I@Z 000000018007fd10 f   GuBV4.obj
 0001:0007ef50       ?reset@BV4Tree@Gu@physx@@QEAAXXZ 000000018007ff50 f   GuBV4.obj
 0001:0007ef80       ??4BV4Tree@Gu@physx@@QEAAXAEAV012@@Z 000000018007ff80 f   GuBV4.obj
 0001:0007f010       ?init@BV4Tree@Gu@physx@@QEAA_NPEAVSourceMesh@23@AEBVPxBounds3@3@@Z 0000000180080010 f   GuBV4.obj
 0001:0007f0c0       ?release@BV4Tree@Gu@physx@@QEAAXXZ 00000001800800c0 f   GuBV4.obj
 0001:0007f3a0       ??0IndTri16@Gu@physx@@QEAA@XZ 00000001800803a0 f i GuBV4.obj
 0001:0007f3b0       ??0IndTri32@Gu@physx@@QEAA@XZ 00000001800803b0 f i GuBV4.obj
 0001:0007f3c0       ??1IndTri16@Gu@physx@@QEAA@XZ 00000001800803c0 f i GuBV4.obj
 0001:0007f3d0       ??1IndTri32@Gu@physx@@QEAA@XZ 00000001800803d0 f i GuBV4.obj
 0001:0007f3e0       ??_EIndTri16@Gu@physx@@QEAAPEAXI@Z 00000001800803e0 f i GuBV4.obj
 0001:0007f480       ??_EIndTri32@Gu@physx@@QEAAPEAXI@Z 0000000180080480 f i GuBV4.obj
 0001:0007f520       ??0AABBTree@Gu@physx@@QEAA@XZ 0000000180080520 f   GuBV4Build.obj
 0001:0007f540       ??1AABBTree@Gu@physx@@QEAA@XZ 0000000180080540 f   GuBV4Build.obj
 0001:0007f550       ?buildFromMesh@AABBTree@Gu@physx@@QEAA_NAEAVSourceMesh@23@I@Z 0000000180080550 f   GuBV4Build.obj
 0001:0007f950       ?release@AABBTree@Gu@physx@@QEAAXXZ 0000000180080950 f   GuBV4Build.obj
 0001:0007fa00       ?walk@AABBTree@Gu@physx@@QEBAIP6A_NPEBVAABBTreeNode@23@IPEAX@Z1@Z 0000000180080a00 f   GuBV4Build.obj
 0001:0007fad0       ?BuildBV4Ex@Gu@physx@@YA_NAEAVBV4Tree@12@AEAVSourceMesh@12@MI@Z 0000000180080ad0 f   GuBV4Build.obj
 0001:0007fd80       ??0BVData@@QEAA@XZ         0000000180080d80 f   GuBV4Build.obj
 0001:0007fdc0       ??1BV4BuildParams@@QEAA@XZ 0000000180080dc0 f   GuBV4Build.obj
 0001:0007fdd0       ?allocateNode@BV4BuildParams@@QEAAPEAUBV4Node@@XZ 0000000180080dd0 f   GuBV4Build.obj
 0001:0007feb0       ?releaseNodes@BV4BuildParams@@QEAAXXZ 0000000180080eb0 f   GuBV4Build.obj
 0001:00080260       ??0AABBTreeNode@Gu@physx@@QEAA@XZ 0000000180081260 f i GuBV4Build.obj
 0001:00080280       ??0BV4Node@@QEAA@XZ        0000000180081280 f i GuBV4Build.obj
 0001:000802e0       ??0Slab@BV4BuildParams@@QEAA@XZ 00000001800812e0 f i GuBV4Build.obj
 0001:00080350       ??1AABBTreeNode@Gu@physx@@QEAA@XZ 0000000180081350 f i GuBV4Build.obj
 0001:00080370       ??1BV4Node@@QEAA@XZ        0000000180081370 f i GuBV4Build.obj
 0001:00080380       ??1BVData@@QEAA@XZ         0000000180081380 f i GuBV4Build.obj
 0001:00080390       ??_EAABBTreeNode@Gu@physx@@QEAAPEAXI@Z 0000000180081390 f i GuBV4Build.obj
 0001:000827e0       ?Sweep_AABB_BV4@@YAHAEBVBox@Gu@physx@@AEBVPxVec3@3@MAEBVBV4Tree@23@PEIAVSweepHit@23@I@Z 00000001800837e0 f   GuBV4_AABBSweep.obj
 0001:00082d10       ?Sweep_AABB_BV4_CB@@YAXAEBVBox@Gu@physx@@AEBVPxVec3@3@MAEBVBV4Tree@23@PEIBVPxMat44@3@P6A_NPEAXAEBVSweepHit@23@@Z4I_N@Z 0000000180083d10 f   GuBV4_AABBSweep.obj
 0001:00082ec0       ?GenericSweep_AABB_CB@@YAXAEBVBox@Gu@physx@@AEBVPxVec3@3@MAEBVBV4Tree@23@P6A_NPEAX111IAEAM@Z3I@Z 0000000180083ec0 f   GuBV4_AABBSweep.obj
 0001:0008ab10       ??DPxMat33@physx@@QEBA?BVPxVec3@1@AEBV21@@Z 000000018008bb10 f i GuBV4_AABBSweep.obj
[...]
 0003:00001c70       ??_R0?AVRTreeTriangleData@Gu@physx@@@8 0000000180254c70     GuMeshFactory.obj
 0003:00001cb0       ??_R0E@8                   0000000180254cb0     GuMeshFactory.obj
 0003:00001cc8       ??_R0I@8                   0000000180254cc8     GuMeshFactory.obj
 0003:00001ce0       ??_R0G@8                   0000000180254ce0     GuMeshFactory.obj
 0003:00001cf8       ??_R0?AVtype_info@@@8      0000000180254cf8     LIBCMT:std_type_info_static.obj
 0003:00001d20       ??_R0?AVDNameNode@@@8      0000000180254d20     libvcruntime:undname.obj
 0003:00001d48       ??_R0?AVcharNode@@@8       0000000180254d48     libvcruntime:undname.obj
 0003:00001d70       ??_R0?AVpcharNode@@@8      0000000180254d70     libvcruntime:undname.obj
 0003:00001d98       ??_R0?AVpDNameNode@@@8     0000000180254d98     libvcruntime:undname.obj
 0003:00001dc0       ??_R0?AVDNameStatusNode@@@8 0000000180254dc0     libvcruntime:undname.obj
 0003:00001df0       ??_R0?AVpairNode@@@8       0000000180254df0     libvcruntime:undname.obj
 0003:00002a20       ?boxVertexTable@physx@@3QBT__m128@@B 0000000180255a20     GuConvexSupportTable.obj
 0003:000055b8       __hmod__PxFoundationCHECKED_x64_dll 00000001802585b8     PxFoundationCHECKED_x64:PxFoundationCHECKED_x64.dll
 0003:000055c0       ?DloadKernel32@@3PEAUHINSTANCE__@@EA 00000001802585c0     delayimp:delayhlp.obj
 0003:000055c8       ?DloadAcquireSRWLockExclusive@@3P6AXPEA_K@ZEA 00000001802585c8     delayimp:delayhlp.obj
 0003:000055d0       ?DloadReleaseSRWLockExclusive@@3P6AXPEA_K@ZEA 00000001802585d0     delayimp:delayhlp.obj
 0003:000055d8       ?DloadSrwLock@@3_KA        00000001802585d8     delayimp:delayhlp.obj
 0003:000055e0       ?DloadSectionLockCount@@3KA 00000001802585e0     delayimp:delayhlp.obj
 0003:000055e4       ?DloadSectionOldProtection@@3KA 00000001802585e4     delayimp:delayhlp.obj
 0003:000055e8       ?DloadSectionCommitPermanent@@3KA 00000001802585e8     delayimp:delayhlp.obj
 0003:00005600       ?__type_info_root_node@@3U__type_info_node@@A 0000000180258600     LIBCMT:tncleanup.obj
 0003:00005618       __scrt_current_native_startup_state 0000000180258618     LIBCMT:utility.obj
 0003:00005620       __scrt_native_startup_lock 0000000180258620     LIBCMT:utility.obj
 0003:00005668       ?_OptionsStorage@?1??__local_stdio_printf_options@@9@4_KA 0000000180258668     LIBCMT:default_local_stdio_options.obj
 0003:00005678       ?_OptionsStorage@?1??__local_stdio_scanf_options@@9@4_KA 0000000180258678     LIBCMT:default_local_stdio_options.obj
 0003:00005684       __scrt_debugger_hook_flag  0000000180258684     LIBCMT:utility_desktop.obj
 0003:00005688       __favor                    0000000180258688     LIBCMT:_cpu_disp_.obj
 0003:00005690       __pPurecall                0000000180258690     libvcruntime:purevirt_data.obj
 0003:000056a0       ?pArgList@UnDecorator@@0PEAVReplicator@@EA 00000001802586a0     libvcruntime:undname.obj
 0003:000056a8       ?pZNameList@UnDecorator@@0PEAVReplicator@@EA 00000001802586a8     libvcruntime:undname.obj
 0003:000056b0       ?pTemplateArgList@UnDecorator@@0PEAVReplicator@@EA 00000001802586b0     libvcruntime:undname.obj
 0003:000056b8       ?gName@UnDecorator@@0PEBDEB 00000001802586b8     libvcruntime:undname.obj
 0003:000056c0       ?name@UnDecorator@@0PEBDEB 00000001802586c0     libvcruntime:undname.obj
 0003:000056c8       ?outputString@UnDecorator@@0PEADEA 00000001802586c8     libvcruntime:undname.obj
 0003:000056d0       ?maxStringLength@UnDecorator@@0HA 00000001802586d0     libvcruntime:undname.obj
 0003:000056d4       ?disableFlags@UnDecorator@@0KA 00000001802586d4     libvcruntime:undname.obj
 0003:000056d8       ?fExplicitTemplateParams@UnDecorator@@0_NA 00000001802586d8     libvcruntime:undname.obj
 0003:000056d9       ?fGetTemplateArgumentList@UnDecorator@@0_NA 00000001802586d9     libvcruntime:undname.obj
 0003:000056e0       ?m_pGetParameter@UnDecorator@@0P6APEADJ@ZEA 00000001802586e0     libvcruntime:undname.obj
 0003:00005730       ?nodes@?1??make@DNameStatusNode@@SAPEAV2@W4DNameStatus@@@Z@4PAV2@A 0000000180258730     libvcruntime:undname.obj
 0003:0000577c       ??_B?1??make@DNameStatusNode@@SAPEAV1@W4DNameStatus@@@Z@51 000000018025877c     libvcruntime:undname.obj
 0003:00005c98       _environ_table             0000000180258c98     libucrt:environment_initialization.obj
 0003:00005ca0       _wenviron_table            0000000180258ca0     libucrt:environment_initialization.obj
 0003:00005cb0       __dcrt_initial_wide_environment 0000000180258cb0     libucrt:environment_initialization.obj
 0003:00005cc0       __dcrt_initial_narrow_environment 0000000180258cc0     libucrt:environment_initialization.obj
 0003:00005cd0       __acrt_atexit_table        0000000180258cd0     libucrt:onexit.obj
 0003:00005cf0       __acrt_at_quick_exit_table 0000000180258cf0     libucrt:onexit.obj
 0003:00005d0c       __fma3_is_available        0000000180258d0c     libucrt:fma3_available.obj
 0003:00005d10       __use_fma3_lib             0000000180258d10     libucrt:fma3_available.obj
 0003:000061b4       __mbcodepage               00000001802591b4     libucrt:mbctype.obj
 0003:000061b8       __ismbcodepage             00000001802591b8     libucrt:mbctype.obj
 0003:000061c0       __mbulinfo                 00000001802591c0     libucrt:mbctype.obj
 0003:000061d8       __mblocalename             00000001802591d8     libucrt:mbctype.obj
 0003:000061e4       __argc                     00000001802591e4     libucrt:argv_data.obj
 0003:000061e8       __argv                     00000001802591e8     libucrt:argv_data.obj
 0003:000061f8       __wargv                    00000001802591f8     libucrt:argv_data.obj
 0003:00006208       _acmdln                    0000000180259208     libucrt:argv_data.obj
 0003:00006218       _wcmdln                    0000000180259218     libucrt:argv_data.obj
 0003:00006228       _pgmptr                    0000000180259228     libucrt:argv_data.obj
 0003:00006238       _wpgmptr                   0000000180259238     libucrt:argv_data.obj
 0003:00006248       __acrt_heap                0000000180259248     libucrt:heap_handle.obj
 0003:00006260       __pioinfo                  0000000180259260     libucrt:ioinit.obj
 0003:0000672c       _nhandle                   000000018025972c     libucrt:ioinit.obj
 0003:00006778       __acrt_current_locale_data 0000000180259778     libucrt:nlsdata.obj
 0003:00006788       __acrt_stdout_buffer       0000000180259788     libucrt:_sftbuf.obj
 0003:00006798       __acrt_stderr_buffer       0000000180259798     libucrt:_sftbuf.obj
 0003:000067a8       _nstream                   00000001802597a8     libucrt:_file.obj
 0003:000067b0       __piob                     00000001802597b0     libucrt:_file.obj
 0003:000067bc       _cflush                    00000001802597bc     libucrt:_file.obj
 0003:000067cc       __acrt_locale_changed_data 00000001802597cc     libucrt:wsetlocale.obj
 0003:000067d0       __acrt_lconv_static_null   00000001802597d0     libucrt:localeconv.obj
 0003:000067d4       __acrt_lconv_static_W_null 00000001802597d4     libucrt:localeconv.obj
 0003:000075d8       __scrt_ucrt_dll_is_in_use  000000018025a5d8     <common>
 0003:000075e8       __dyn_tls_init_callback    000000018025a5e8     <common>
 0003:00007600       _pDestructExceptionObject  000000018025a600     <common>
 0005:00000000       __imp_LoadLibraryA         0000000180267000     kernel32:KERNEL32.dll
 0005:00000008       __imp_FreeLibrary          0000000180267008     kernel32:KERNEL32.dll
 0005:00000010       __imp_GetProcAddress       0000000180267010     kernel32:KERNEL32.dll
 0005:00000018       __imp_RaiseException       0000000180267018     kernel32:KERNEL32.dll
 0005:00000020       __imp_GetLastError         0000000180267020     kernel32:KERNEL32.dll
 0005:00000028       __imp_GetSystemInfo        0000000180267028     kernel32:KERNEL32.dll
 0005:00000030       __imp_VirtualProtect       0000000180267030     kernel32:KERNEL32.dll
 0005:00000038       __imp_VirtualQuery         0000000180267038     kernel32:KERNEL32.dll
 0005:00000040       __imp_GetModuleHandleW     0000000180267040     kernel32:KERNEL32.dll
 0005:00000048       __imp_LoadLibraryExA       0000000180267048     kernel32:KERNEL32.dll
 0005:00000050       __imp_InitializeSListHead  0000000180267050     kernel32:KERNEL32.dll
 0005:00000058       __imp_QueryPerformanceCounter 0000000180267058     kernel32:KERNEL32.dll
 0005:00000060       __imp_GetCurrentProcessId  0000000180267060     kernel32:KERNEL32.dll
 0005:00000068       __imp_GetCurrentThreadId   0000000180267068     kernel32:KERNEL32.dll
 0005:00000070       __imp_GetSystemTimeAsFileTime 0000000180267070     kernel32:KERNEL32.dll
 0005:00000078       __imp_RtlCaptureContext    0000000180267078     kernel32:KERNEL32.dll
 0005:00000080       __imp_RtlLookupFunctionEntry 0000000180267080     kernel32:KERNEL32.dll
 0005:00000088       __imp_RtlVirtualUnwind     0000000180267088     kernel32:KERNEL32.dll
 0005:00000090       __imp_IsDebuggerPresent    0000000180267090     kernel32:KERNEL32.dll
 0005:00000098       __imp_UnhandledExceptionFilter 0000000180267098     kernel32:KERNEL32.dll
 0005:000000a0       __imp_SetUnhandledExceptionFilter 00000001802670a0     kernel32:KERNEL32.dll
 0005:000000a8       __imp_GetStartupInfoW      00000001802670a8     kernel32:KERNEL32.dll
 0005:000000b0       __imp_IsProcessorFeaturePresent 00000001802670b0     kernel32:KERNEL32.dll
 0005:000000b8       __imp_InterlockedPushEntrySList 00000001802670b8     kernel32:KERNEL32.dll
 0005:000000c0       __imp_InterlockedFlushSList 00000001802670c0     kernel32:KERNEL32.dll
 0005:000000c8       __imp_RtlUnwindEx          00000001802670c8     kernel32:KERNEL32.dll
 0005:000000d0       __imp_SetLastError         00000001802670d0     kernel32:KERNEL32.dll
 0005:000000d8       __imp_EnterCriticalSection 00000001802670d8     kernel32:KERNEL32.dll
 0005:000000e0       __imp_LeaveCriticalSection 00000001802670e0     kernel32:KERNEL32.dll
 0005:000000e8       __imp_DeleteCriticalSection 00000001802670e8     kernel32:KERNEL32.dll
 0005:000000f0       __imp_InitializeCriticalSectionAndSpinCount 00000001802670f0     kernel32:KERNEL32.dll
 0005:000000f8       __imp_TlsAlloc             00000001802670f8     kernel32:KERNEL32.dll
 0005:00000100       __imp_TlsGetValue          0000000180267100     kernel32:KERNEL32.dll
 0005:00000108       __imp_TlsSetValue          0000000180267108     kernel32:KERNEL32.dll
 0005:00000110       __imp_TlsFree              0000000180267110     kernel32:KERNEL32.dll
 0005:00000118       __imp_LoadLibraryExW       0000000180267118     kernel32:KERNEL32.dll
 0005:00000120       __imp_GetCurrentProcess    0000000180267120     kernel32:KERNEL32.dll
 0005:00000128       __imp_ExitProcess          0000000180267128     kernel32:KERNEL32.dll
 0005:00000130       __imp_TerminateProcess     0000000180267130     kernel32:KERNEL32.dll
 0005:00000138       __imp_GetModuleHandleExW   0000000180267138     kernel32:KERNEL32.dll
 0005:00000140       __imp_GetModuleFileNameA   0000000180267140     kernel32:KERNEL32.dll
 0005:00000148       __imp_GetModuleFileNameW   0000000180267148     kernel32:KERNEL32.dll
 0005:00000150       __imp_MultiByteToWideChar  0000000180267150     kernel32:KERNEL32.dll
 0005:00000158       __imp_WideCharToMultiByte  0000000180267158     kernel32:KERNEL32.dll
 0005:00000160       __imp_HeapFree             0000000180267160     kernel32:KERNEL32.dll
 0005:00000168       __imp_HeapAlloc            0000000180267168     kernel32:KERNEL32.dll
 0005:00000170       __imp_GetCurrentThread     0000000180267170     kernel32:KERNEL32.dll
 0005:00000178       __imp_GetDateFormatW       0000000180267178     kernel32:KERNEL32.dll
 0005:00000180       __imp_GetTimeFormatW       0000000180267180     kernel32:KERNEL32.dll
 0005:00000188       __imp_CompareStringW       0000000180267188     kernel32:KERNEL32.dll
 0005:00000190       __imp_LCMapStringW         0000000180267190     kernel32:KERNEL32.dll
 0005:00000198       __imp_GetLocaleInfoW       0000000180267198     kernel32:KERNEL32.dll
 0005:000001a0       __imp_IsValidLocale        00000001802671a0     kernel32:KERNEL32.dll
 0005:000001a8       __imp_GetUserDefaultLCID   00000001802671a8     kernel32:KERNEL32.dll
 0005:000001b0       __imp_EnumSystemLocalesW   00000001802671b0     kernel32:KERNEL32.dll
 0005:000001b8       __imp_FindClose            00000001802671b8     kernel32:KERNEL32.dll
 0005:000001c0       __imp_FindFirstFileExA     00000001802671c0     kernel32:KERNEL32.dll
 0005:000001c8       __imp_FindFirstFileExW     00000001802671c8     kernel32:KERNEL32.dll
 0005:000001d0       __imp_FindNextFileA        00000001802671d0     kernel32:KERNEL32.dll
 0005:000001d8       __imp_FindNextFileW        00000001802671d8     kernel32:KERNEL32.dll
 0005:000001e0       __imp_IsValidCodePage      00000001802671e0     kernel32:KERNEL32.dll
 0005:000001e8       __imp_GetACP               00000001802671e8     kernel32:KERNEL32.dll
 0005:000001f0       __imp_GetOEMCP             00000001802671f0     kernel32:KERNEL32.dll
 0005:000001f8       __imp_GetCPInfo            00000001802671f8     kernel32:KERNEL32.dll
 0005:00000200       __imp_GetCommandLineA      0000000180267200     kernel32:KERNEL32.dll
 0005:00000208       __imp_GetCommandLineW      0000000180267208     kernel32:KERNEL32.dll
 0005:00000210       __imp_GetEnvironmentStringsW 0000000180267210     kernel32:KERNEL32.dll
 0005:00000218       __imp_FreeEnvironmentStringsW 0000000180267218     kernel32:KERNEL32.dll
 0005:00000220       __imp_SetEnvironmentVariableA 0000000180267220     kernel32:KERNEL32.dll
 0005:00000228       __imp_SetEnvironmentVariableW 0000000180267228     kernel32:KERNEL32.dll
 0005:00000230       __imp_GetProcessHeap       0000000180267230     kernel32:KERNEL32.dll
 0005:00000238       __imp_GetStdHandle         0000000180267238     kernel32:KERNEL32.dll
 0005:00000240       __imp_GetFileType          0000000180267240     kernel32:KERNEL32.dll
 0005:00000248       __imp_SetConsoleCtrlHandler 0000000180267248     kernel32:KERNEL32.dll
 0005:00000250       __imp_GetStringTypeW       0000000180267250     kernel32:KERNEL32.dll
 0005:00000258       __imp_HeapSize             0000000180267258     kernel32:KERNEL32.dll
 0005:00000260       __imp_HeapReAlloc          0000000180267260     kernel32:KERNEL32.dll
 0005:00000268       __imp_SetStdHandle         0000000180267268     kernel32:KERNEL32.dll
 0005:00000270       __imp_WriteFile            0000000180267270     kernel32:KERNEL32.dll
 0005:00000278       __imp_FlushFileBuffers     0000000180267278     kernel32:KERNEL32.dll
 0005:00000280       __imp_GetConsoleCP         0000000180267280     kernel32:KERNEL32.dll
 0005:00000288       __imp_GetConsoleMode       0000000180267288     kernel32:KERNEL32.dll
 0005:00000290       __imp_SetFilePointerEx     0000000180267290     kernel32:KERNEL32.dll
 0005:00000298       __imp_OutputDebugStringA   0000000180267298     kernel32:KERNEL32.dll
 0005:000002a0       __imp_OutputDebugStringW   00000001802672a0     kernel32:KERNEL32.dll
 0005:000002a8       __imp_CloseHandle          00000001802672a8     kernel32:KERNEL32.dll
 0005:000002b0       __imp_WaitForSingleObjectEx 00000001802672b0     kernel32:KERNEL32.dll
 0005:000002b8       __imp_CreateThread         00000001802672b8     kernel32:KERNEL32.dll
 0005:000002c0       __imp_WriteConsoleW        00000001802672c0     kernel32:KERNEL32.dll
 0005:000002c8       __imp_CreateFileW          00000001802672c8     kernel32:KERNEL32.dll
 0005:000002d0       \177KERNEL32_NULL_THUNK_DATA 00000001802672d0     kernel32:KERNEL32.dll
 0005:000003b8       __IMPORT_DESCRIPTOR_KERNEL32 00000001802673b8     kernel32:KERNEL32.dll
 0005:000003cc       __NULL_IMPORT_DESCRIPTOR   00000001802673cc     kernel32:KERNEL32.dll
 0006:00000000       __DELAY_IMPORT_DESCRIPTOR_PxFoundationCHECKED_x64_dll 0000000180269000     PxFoundationCHECKED_x64:PxFoundationCHECKED_x64.dll
 0006:00000020       __NULL_DELAY_IMPORT_DESCRIPTOR 0000000180269020     PxFoundationCHECKED_x64:PxFoundationCHECKED_x64.dll
 0006:000000f0       \177PxFoundationCHECKED_x64_NULL_THUNK_DATA_DLN 00000001802690f0     PxFoundationCHECKED_x64:PxFoundationCHECKED_x64.dll
 0006:00000168       __imp_??0NamedAllocator@shdfnd@physx@@QEAA@PEBD@Z 0000000180269168     PxFoundationCHECKED_x64:PxFoundationCHECKED_x64.dll
 0006:00000170       __imp_?getAllocator@shdfnd@physx@@YAAEAVPxAllocatorCallback@2@XZ 0000000180269170     PxFoundationCHECKED_x64:PxFoundationCHECKED_x64.dll
 0006:00000178       __imp_??1NamedAllocator@shdfnd@physx@@QEAA@XZ 0000000180269178     PxFoundationCHECKED_x64:PxFoundationCHECKED_x64.dll
 0006:00000180       __imp_?allocate@NamedAllocator@shdfnd@physx@@QEAAPEAX_KPEBDH@Z 0000000180269180     PxFoundationCHECKED_x64:PxFoundationCHECKED_x64.dll
 0006:00000188       __imp_?deallocate@NamedAllocator@shdfnd@physx@@QEAAXPEAX@Z 0000000180269188     PxFoundationCHECKED_x64:PxFoundationCHECKED_x64.dll
 0006:00000190       __imp_PxGetFoundation      0000000180269190     PxFoundationCHECKED_x64:PxFoundationCHECKED_x64.dll
 0006:00000198       __imp_?getInstance@Foundation@shdfnd@physx@@SAAEAV123@XZ 0000000180269198     PxFoundationCHECKED_x64:PxFoundationCHECKED_x64.dll
 0006:000001a0       __imp_?error@Foundation@shdfnd@physx@@QEAAXW4Enum@PxErrorCode@3@PEBDH1ZZ 00000001802691a0     PxFoundationCHECKED_x64:PxFoundationCHECKED_x64.dll
 0006:000001a8       __imp_?PxShortestRotation@physx@@YA?AVPxQuat@1@AEBVPxVec3@1@0@Z 00000001802691a8     PxFoundationCHECKED_x64:PxFoundationCHECKED_x64.dll
 0006:000001b0       __imp_?vsnprintf@shdfnd@physx@@YAHPEAD_KPEBD0@Z 00000001802691b0     PxFoundationCHECKED_x64:PxFoundationCHECKED_x64.dll
 0006:000001b8       __imp_?optimizeBoundingBox@shdfnd@physx@@YA?AVPxVec3@2@AEAVPxMat33@2@@Z 00000001802691b8     PxFoundationCHECKED_x64:PxFoundationCHECKED_x64.dll
 0006:000001c0       __imp_??0NamedAllocator@shdfnd@physx@@QEAA@AEBV012@@Z 00000001802691c0     PxFoundationCHECKED_x64:PxFoundationCHECKED_x64.dll
 0006:000001c8       __imp_?allocate@TempAllocator@shdfnd@physx@@QEAAPEAX_KPEBDH@Z 00000001802691c8     PxFoundationCHECKED_x64:PxFoundationCHECKED_x64.dll
 0006:000001d0       __imp_?deallocate@TempAllocator@shdfnd@physx@@QEAAXPEAX@Z 00000001802691d0     PxFoundationCHECKED_x64:PxFoundationCHECKED_x64.dll
 0006:000001d8       __imp_?atomicIncrement@shdfnd@physx@@YAHPECH@Z 00000001802691d8     PxFoundationCHECKED_x64:PxFoundationCHECKED_x64.dll
 0006:000001e0       __imp_?atomicDecrement@shdfnd@physx@@YAHPECH@Z 00000001802691e0     PxFoundationCHECKED_x64:PxFoundationCHECKED_x64.dll
 0006:000001e8       __imp_PxGetProfilerCallback 00000001802691e8     PxFoundationCHECKED_x64:PxFoundationCHECKED_x64.dll
 0006:000001f0       __imp_??0MutexImpl@shdfnd@physx@@QEAA@XZ 00000001802691f0     PxFoundationCHECKED_x64:PxFoundationCHECKED_x64.dll
 0006:000001f8       __imp_??1MutexImpl@shdfnd@physx@@QEAA@XZ 00000001802691f8     PxFoundationCHECKED_x64:PxFoundationCHECKED_x64.dll
 0006:00000200       __imp_?lock@MutexImpl@shdfnd@physx@@QEAAXXZ 0000000180269200     PxFoundationCHECKED_x64:PxFoundationCHECKED_x64.dll
 0006:00000208       __imp_?unlock@MutexImpl@shdfnd@physx@@QEAAXXZ 0000000180269208     PxFoundationCHECKED_x64:PxFoundationCHECKED_x64.dll
 0006:00000210       __imp_?getSize@MutexImpl@shdfnd@physx@@SAAEBIXZ 0000000180269210     PxFoundationCHECKED_x64:PxFoundationCHECKED_x64.dll
 0006:00000218       \177PxFoundationCHECKED_x64_NULL_THUNK_DATA_DLA 0000000180269218     PxFoundationCHECKED_x64:PxFoundationCHECKED_x64.dll
 0006:00000828       \177PxFoundationCHECKED_x64_NULL_THUNK_DATA_DLB 0000000180269828     PxFoundationCHECKED_x64:PxFoundationCHECKED_x64.dll
 0008:00000000       __guard_check_icall_fptr   000000018026b000     LIBCMT:guard_support.obj
 0008:00000010       __guard_dispatch_icall_fptr 000000018026b010     LIBCMT:guard_support.obj
